Archive member included because of file (symbol)

/home/boris/libmaple/arm/bin/../lib/gcc/arm-none-eabi/4.4.1/../../../../arm-none-eabi/lib/thumb2/libstdc++.a(atexit_arm.o)
                              build/../LibMaple/libraries/Wire/Wire.o (__aeabi_atexit)
/home/boris/libmaple/arm/bin/../lib/gcc/arm-none-eabi/4.4.1/../../../../arm-none-eabi/lib/thumb2/libstdc++.a(eh_personality.o)
                              /home/boris/libmaple/arm/bin/../lib/gcc/arm-none-eabi/4.4.1/../../../../arm-none-eabi/lib/thumb2/libstdc++.a(atexit_arm.o) (__gxx_personality_v0)
/home/boris/libmaple/arm/bin/../lib/gcc/arm-none-eabi/4.4.1/../../../../arm-none-eabi/lib/thumb2/libstdc++.a(eh_call.o)
                              /home/boris/libmaple/arm/bin/../lib/gcc/arm-none-eabi/4.4.1/../../../../arm-none-eabi/lib/thumb2/libstdc++.a(eh_personality.o) (__cxa_call_terminate)
/home/boris/libmaple/arm/bin/../lib/gcc/arm-none-eabi/4.4.1/../../../../arm-none-eabi/lib/thumb2/libstdc++.a(eh_alloc.o)
                              /home/boris/libmaple/arm/bin/../lib/gcc/arm-none-eabi/4.4.1/../../../../arm-none-eabi/lib/thumb2/libstdc++.a(eh_call.o) (__cxa_allocate_exception)
/home/boris/libmaple/arm/bin/../lib/gcc/arm-none-eabi/4.4.1/../../../../arm-none-eabi/lib/thumb2/libstdc++.a(eh_terminate.o)
                              /home/boris/libmaple/arm/bin/../lib/gcc/arm-none-eabi/4.4.1/../../../../arm-none-eabi/lib/thumb2/libstdc++.a(eh_call.o) (_ZN10__cxxabiv111__terminateEPFvvE)
/home/boris/libmaple/arm/bin/../lib/gcc/arm-none-eabi/4.4.1/../../../../arm-none-eabi/lib/thumb2/libstdc++.a(eh_arm.o)
                              /home/boris/libmaple/arm/bin/../lib/gcc/arm-none-eabi/4.4.1/../../../../arm-none-eabi/lib/thumb2/libstdc++.a(eh_personality.o) (__cxa_end_cleanup)
/home/boris/libmaple/arm/bin/../lib/gcc/arm-none-eabi/4.4.1/../../../../arm-none-eabi/lib/thumb2/libstdc++.a(tinfo.o)
                              /home/boris/libmaple/arm/bin/../lib/gcc/arm-none-eabi/4.4.1/../../../../arm-none-eabi/lib/thumb2/libstdc++.a(eh_arm.o) (_ZNKSt9type_infoeqERKS_)
/home/boris/libmaple/arm/bin/../lib/gcc/arm-none-eabi/4.4.1/../../../../arm-none-eabi/lib/thumb2/libstdc++.a(eh_aux_runtime.o)
                              /home/boris/libmaple/arm/bin/../lib/gcc/arm-none-eabi/4.4.1/../../../../arm-none-eabi/lib/thumb2/libstdc++.a(eh_arm.o) (__cxa_bad_typeid)
/home/boris/libmaple/arm/bin/../lib/gcc/arm-none-eabi/4.4.1/../../../../arm-none-eabi/lib/thumb2/libstdc++.a(eh_term_handler.o)
                              /home/boris/libmaple/arm/bin/../lib/gcc/arm-none-eabi/4.4.1/../../../../arm-none-eabi/lib/thumb2/libstdc++.a(eh_terminate.o) (_ZN10__cxxabiv119__terminate_handlerE)
/home/boris/libmaple/arm/bin/../lib/gcc/arm-none-eabi/4.4.1/../../../../arm-none-eabi/lib/thumb2/libstdc++.a(fundamental_type_info.o)
                              /home/boris/libmaple/arm/bin/../lib/gcc/arm-none-eabi/4.4.1/../../../../arm-none-eabi/lib/thumb2/libstdc++.a(eh_arm.o) (_ZTIv)
/home/boris/libmaple/arm/bin/../lib/gcc/arm-none-eabi/4.4.1/../../../../arm-none-eabi/lib/thumb2/libstdc++.a(class_type_info.o)
                              /home/boris/libmaple/arm/bin/../lib/gcc/arm-none-eabi/4.4.1/../../../../arm-none-eabi/lib/thumb2/libstdc++.a(tinfo.o) (_ZTVN10__cxxabiv117__class_type_infoE)
/home/boris/libmaple/arm/bin/../lib/gcc/arm-none-eabi/4.4.1/../../../../arm-none-eabi/lib/thumb2/libstdc++.a(eh_exception.o)
                              /home/boris/libmaple/arm/bin/../lib/gcc/arm-none-eabi/4.4.1/../../../../arm-none-eabi/lib/thumb2/libstdc++.a(eh_call.o) (_ZNSt13bad_exceptionD1Ev)
/home/boris/libmaple/arm/bin/../lib/gcc/arm-none-eabi/4.4.1/../../../../arm-none-eabi/lib/thumb2/libstdc++.a(eh_throw.o)
                              /home/boris/libmaple/arm/bin/../lib/gcc/arm-none-eabi/4.4.1/../../../../arm-none-eabi/lib/thumb2/libstdc++.a(eh_call.o) (__cxa_rethrow)
/home/boris/libmaple/arm/bin/../lib/gcc/arm-none-eabi/4.4.1/../../../../arm-none-eabi/lib/thumb2/libstdc++.a(del_op.o)
                              /home/boris/libmaple/arm/bin/../lib/gcc/arm-none-eabi/4.4.1/../../../../arm-none-eabi/lib/thumb2/libstdc++.a(tinfo.o) (_ZdlPv)
/home/boris/libmaple/arm/bin/../lib/gcc/arm-none-eabi/4.4.1/../../../../arm-none-eabi/lib/thumb2/libstdc++.a(eh_catch.o)
                              /home/boris/libmaple/arm/bin/../lib/gcc/arm-none-eabi/4.4.1/../../../../arm-none-eabi/lib/thumb2/libstdc++.a(eh_personality.o) (__cxa_end_catch)
/home/boris/libmaple/arm/bin/../lib/gcc/arm-none-eabi/4.4.1/../../../../arm-none-eabi/lib/thumb2/libstdc++.a(si_class_type_info.o)
                              /home/boris/libmaple/arm/bin/../lib/gcc/arm-none-eabi/4.4.1/../../../../arm-none-eabi/lib/thumb2/libstdc++.a(fundamental_type_info.o) (_ZTVN10__cxxabiv120__si_class_type_infoE)
/home/boris/libmaple/arm/bin/../lib/gcc/arm-none-eabi/4.4.1/../../../../arm-none-eabi/lib/thumb2/libstdc++.a(bad_typeid.o)
[...]
Memory Configuration

Name             Origin             Length             Attributes
ram              0x20000c00         0x00004400         xrw
rom              0x08005000         0x0001b000         xr
*default*        0x00000000         0xffffffff

Linker script and memory map

LOAD /home/boris/libmaple/arm/bin/../lib/gcc/arm-none-eabi/4.4.1/thumb2/crti.o
LOAD /home/boris/libmaple/arm/bin/../lib/gcc/arm-none-eabi/4.4.1/thumb2/crtbegin.o
START GROUP
LOAD /home/boris/libmaple/arm/bin/../lib/gcc/arm-none-eabi/4.4.1/thumb2/libgcc.a
LOAD /home/boris/libmaple/arm/bin/../lib/gcc/arm-none-eabi/4.4.1/../../../../arm-none-eabi/lib/thumb2/libc.a
LOAD /home/boris/libmaple/arm/bin/../lib/gcc/arm-none-eabi/4.4.1/../../../../arm-none-eabi/lib/thumb2/libm.a
END GROUP
                0x20005000                PROVIDE (__msp_init, 0x20005000)
                0x080075a8                PROVIDE (__exc_reset, __start__)

.text           0x08005000     0x98a4
                0x08005000                __text_start__ = .
 *(.stm32.interrupt_vector)
 .stm32.interrupt_vector
                0x08005000       0xec build/../LibMaple/libmaple/stm32f1/performance/vector_table.o
                0x08005000                __stm32_vector_table
 *(.text .text.* .gnu.linkonce.t.*)
 .text          0x080050ec       0x30 /home/boris/libmaple/arm/bin/../lib/gcc/arm-none-eabi/4.4.1/thumb2/crtbegin.o
 .text.adc_set_extsel
                0x0800511c       0x10 build/../LibMaple/libmaple/adc.o
                0x0800511c                adc_set_extsel
 .text.adc_set_sample_rate
                0x0800512c       0x2e build/../LibMaple/libmaple/adc.o
                0x0800512c                adc_set_sample_rate
 .text.adc_init
                0x0800515a       0x14 build/../LibMaple/libmaple/adc.o
                0x0800515a                adc_init
 *fill*         0x0800516e        0x2 00
 .text.nvic_irq_enable
                0x08005170       0x1c build/../LibMaple/libmaple/exti.o
 .text.exti_do_select
                0x0800518c       0x1c build/../LibMaple/libmaple/exti.o
                0x0800518c                exti_do_select
 .text.__irq_exti0
                0x080051a8       0x20 build/../LibMaple/libmaple/exti.o
                0x080051a8                __irq_exti0
 .text.__irq_exti1
                0x080051c8       0x20 build/../LibMaple/libmaple/exti.o
                0x080051c8                __irq_exti1
 .text.__irq_exti2
                0x080051e8       0x20 build/../LibMaple/libmaple/exti.o
                0x080051e8                __irq_exti2
 .text.__irq_exti3
                0x08005208       0x20 build/../LibMaple/libmaple/exti.o
                0x08005208                __irq_exti3
 .text.__irq_exti4
                0x08005228       0x20 build/../LibMaple/libmaple/exti.o
                0x08005228                __irq_exti4
 .text.__irq_exti9_5
                0x08005248       0x40 build/../LibMaple/libmaple/exti.o
                0x08005248                __irq_exti9_5
 .text.__irq_exti15_10
                0x08005288       0x40 build/../LibMaple/libmaple/exti.o
                0x08005288                __irq_exti15_10
 .text.bb_peri_set_bit
                0x080052c8        0xe build/../LibMaple/libmaple/exti.o
 *fill*         0x080052d6        0x2 00
 .text.exti_attach_callback
                0x080052d8       0xbc build/../LibMaple/libmaple/exti.o
                0x080052d8                exti_attach_callback
 .text.exti_attach_interrupt
                0x08005394        0xc build/../LibMaple/libmaple/exti.o
                0x08005394                exti_attach_interrupt
 .text.flash_set_latency
                0x080053a0       0x14 build/../LibMaple/libmaple/flash.o
                0x080053a0                flash_set_latency
 .text.gpio_init
                0x080053b4       0x14 build/../LibMaple/libmaple/gpio.o
                0x080053b4                gpio_init
 .text.nvic_irq_set_priority
                0x080053c8       0x2c build/../LibMaple/libmaple/nvic.o
                0x080053c8                nvic_irq_set_priority
 .text.nvic_set_vector_table
                0x080053f4       0x14 build/../LibMaple/libmaple/nvic.o
                0x080053f4                nvic_set_vector_table
 .text.nvic_init
                0x08005408       0x24 build/../LibMaple/libmaple/nvic.o
                0x08005408                nvic_init
 .text.nvic_sys_reset
                0x0800542c       0x20 build/../LibMaple/libmaple/nvic.o
                0x0800542c                nvic_sys_reset
 .text.rcc_dev_clk
                0x0800544c        0xc build/../LibMaple/libmaple/rcc.o
                0x0800544c                rcc_dev_clk
 .text.rcc_switch_sysclk
                0x08005458       0x24 build/../LibMaple/libmaple/rcc.o
                0x08005458                rcc_switch_sysclk
 .text.rcc_clk_reg
                0x0800547c        0xc build/../LibMaple/libmaple/rcc.o
 .text.rcc_clk_on_mask
                0x08005488        0xa build/../LibMaple/libmaple/rcc.o
 .text.rcc_turn_on_clk
                0x08005492       0x1a build/../LibMaple/libmaple/rcc.o
                0x08005492                rcc_turn_on_clk
 .text.rcc_turn_off_clk
                0x080054ac       0x1a build/../LibMaple/libmaple/rcc.o
                0x080054ac                rcc_turn_off_clk
 .text.rcc_is_clk_on
                0x080054c6       0x1a build/../LibMaple/libmaple/rcc.o
                0x080054c6                rcc_is_clk_on
 .text.rcc_is_clk_ready
                0x080054e0       0x16 build/../LibMaple/libmaple/rcc.o
                0x080054e0                rcc_is_clk_ready
 *fill*         0x080054f6        0x2 00
 .text.systick_enable
                0x080054f8        0xc build/../LibMaple/libmaple/systick.o
                0x080054f8                systick_enable
 .text.systick_init
                0x08005504        0xc build/../LibMaple/libmaple/systick.o
                0x08005504                systick_init
 .text.__exc_systick
                0x08005510       0x1c build/../LibMaple/libmaple/systick.o
                0x08005510                __exc_systick
 .text.nvic_irq_enable
                0x0800552c       0x1c build/../LibMaple/libmaple/timer.o
 .text.timer_oc_set_mode
                0x08005548       0x38 build/../LibMaple/libmaple/timer.o
 .text.timer_foreach
                0x08005580       0x30 build/../LibMaple/libmaple/timer.o
                0x08005580                timer_foreach
 .text.timer_disable
                0x080055b0       0x12 build/../LibMaple/libmaple/timer.o
                0x080055b0                timer_disable
 *fill*         0x080055c2        0x2 00
 .text.timer_has_cc_channel
                0x080055c4       0x50 build/../LibMaple/libmaple/timer.o
                0x080055c4                timer_has_cc_channel
 .text.timer_init
                0x08005614       0x14 build/../LibMaple/libmaple/timer.o
                0x08005614                timer_init
 .text.bb_perip
                0x08005628        0xc build/../LibMaple/libmaple/timer.o
 .text.timer_attach_interrupt
                0x08005634       0xcc build/../LibMaple/libmaple/timer.o
                0x08005634                timer_attach_interrupt
 .text.timer_disable_irq
                0x08005700       0x10 build/../LibMaple/libmaple/timer.o
 .text.timer_detach_interrupt
                0x08005710       0x14 build/../LibMaple/libmaple/timer.o
                0x08005710                timer_detach_interrupt
 .text.timer_cc_enable
                0x08005724       0x14 build/../LibMaple/libmaple/timer.o
 .text.timer_set_mode
                0x08005738       0x90 build/../LibMaple/libmaple/timer.o
                0x08005738                timer_set_mode
 .text.usart_enable
                0x080057c8       0x10 build/../LibMaple/libmaple/usart.o
                0x080057c8                usart_enable
 .text.usart_disable
                0x080057d8       0x22 build/../LibMaple/libmaple/usart.o
                0x080057d8                usart_disable
 .text.usart_tx
                0x080057fa       0x1c build/../LibMaple/libmaple/usart.o
                0x080057fa                usart_tx
 .text.usart_putudec
                0x08005816       0x44 build/../LibMaple/libmaple/usart.o
                0x08005816                usart_putudec
 *fill*         0x0800585a        0x2 00
 .text.usart_init
                0x0800585c       0x44 build/../LibMaple/libmaple/usart.o
                0x0800585c                usart_init
 .text._usart_clock_freq
                0x080058a0       0x24 build/../LibMaple/libmaple/usart_private.o
                0x080058a0                _usart_clock_freq
 .text.usart_putc
                0x080058c4       0x1a build/../LibMaple/libmaple/util.o
 .text.usart_putstr
                0x080058de       0x1a build/../LibMaple/libmaple/util.o
 .text.T.10     0x080058f8       0x16 build/../LibMaple/libmaple/util.o
 *fill*         0x0800590e        0x2 00
 .text.throb    0x08005910       0x4c build/../LibMaple/libmaple/util.o
                0x08005910                throb
 .text.__error  0x0800595c       0x14 build/../LibMaple/libmaple/util.o
                0x0800595c                __error
 .text._fail    0x08005970       0x64 build/../LibMaple/libmaple/util.o
                0x08005970                _fail
 .text.i2c_start_condition
                0x080059d4       0x14 build/../LibMaple/libmaple/i2c.o
 .text.i2c_stop_condition
                0x080059e8       0x1c build/../LibMaple/libmaple/i2c.o
 .text.i2c_disable_irq
                0x08005a04        0xc build/../LibMaple/libmaple/i2c.o
 .text.i2c_disable_ack
                0x08005a10        0xc build/../LibMaple/libmaple/i2c.o
 .text.i2c_write
                0x08005a1c        0x6 build/../LibMaple/libmaple/i2c.o
 .text._i2c_irq_error_handler
                0x08005a22       0x2c build/../LibMaple/libmaple/i2c.o
                0x08005a22                _i2c_irq_error_handler
 .text.i2c_enable_irq
                0x08005a4e       0x14 build/../LibMaple/libmaple/i2c.o
 *fill*         0x08005a62        0x2 00
 .text._i2c_irq_handler
                0x08005a64      0x170 build/../LibMaple/libmaple/i2c.o
                0x08005a64                _i2c_irq_handler
 *fill*         0x08005bd4        0xc 00
 .text          0x08005be0       0x60 build/../LibMaple/libmaple/exc.o
                0x08005be0                __exc_nmi
                0x08005be4                __exc_hardfault
                0x08005be8                __exc_memmanage
                0x08005bec                __exc_busfault
                0x08005bf0                __exc_usagefault
 .text.usb_clear_ctr_rx
                0x08005c40       0x18 build/../LibMaple/libmaple/usb/stm32f1/usb.o
 .text.usb_clear_ctr_tx
                0x08005c58       0x18 build/../LibMaple/libmaple/usb/stm32f1/usb.o
 .text.usb_resume_init
                0x08005c70       0x1c build/../LibMaple/libmaple/usb/stm32f1/usb.o
 .text.usb_resume
                0x08005c8c       0x90 build/../LibMaple/libmaple/usb/stm32f1/usb.o
 .text.handle_in0
                0x08005d1c        0x4 build/../LibMaple/libmaple/usb/stm32f1/usb.o
 .text.usb_init_usblib
                0x08005d20       0x48 build/../LibMaple/libmaple/usb/stm32f1/usb.o
                0x08005d20                usb_init_usblib
 .text.set_rx_tx_status0
                0x08005d68       0x38 build/../LibMaple/libmaple/usb/stm32f1/usb.o
 .text.__irq_usb_lp_can_rx0
                0x08005da0      0x198 build/../LibMaple/libmaple/usb/stm32f1/usb.o
                0x08005da0                __irq_usb_lp_can_rx0
 .text.usb_pma_ptr
                0x08005f38        0xc build/../LibMaple/libmaple/usb/stm32f1/usb_reg_map.o
 .text.usb_copy_to_pma
                0x08005f44       0x44 build/../LibMaple/libmaple/usb/stm32f1/usb_reg_map.o
                0x08005f44                usb_copy_to_pma
 .text.usb_copy_from_pma
                0x08005f88       0x30 build/../LibMaple/libmaple/usb/stm32f1/usb_reg_map.o
                0x08005f88                usb_copy_from_pma
 .text.usb_set_ep_rx_count
                0x08005fb8       0x40 build/../LibMaple/libmaple/usb/stm32f1/usb_reg_map.o
                0x08005fb8                usb_set_ep_rx_count
 .text.gpio_write_bit
                0x08005ff8       0x18 build/../LibMaple/libmaple/usb/stm32f1/usb_cdcacm.o
 .text.usb_set_ep_rx_stat
                0x08006010       0x24 build/../LibMaple/libmaple/usb/stm32f1/usb_cdcacm.o
 .text.usb_set_ep_tx_stat
                0x08006034       0x24 build/../LibMaple/libmaple/usb/stm32f1/usb_cdcacm.o
 .text.usb_set_ep_type
                0x08006058       0x1c build/../LibMaple/libmaple/usb/stm32f1/usb_cdcacm.o
 .text.usb_btable_ptr
                0x08006074       0x18 build/../LibMaple/libmaple/usb/stm32f1/usb_cdcacm.o
 .text.usb_set_ep_tx_addr
                0x0800608c       0x12 build/../LibMaple/libmaple/usb/stm32f1/usb_cdcacm.o
 .text.usb_set_ep_rx_addr
                0x0800609e       0x14 build/../LibMaple/libmaple/usb/stm32f1/usb_cdcacm.o
 *fill*         0x080060b2        0x2 00
 .text.usb_cdcacm_set_hooks
                0x080060b4       0x20 build/../LibMaple/libmaple/usb/stm32f1/usb_cdcacm.o
                0x080060b4                usb_cdcacm_set_hooks
 .text.usb_cdcacm_data_available
                0x080060d4        0xc build/../LibMaple/libmaple/usb/stm32f1/usb_cdcacm.o
                0x080060d4                usb_cdcacm_data_available
 .text.usb_cdcacm_peek
                0x080060e0       0x34 build/../LibMaple/libmaple/usb/stm32f1/usb_cdcacm.o
                0x080060e0                usb_cdcacm_peek
 .text.usb_cdcacm_get_dtr
                0x08006114       0x10 build/../LibMaple/libmaple/usb/stm32f1/usb_cdcacm.o
                0x08006114                usb_cdcacm_get_dtr
 .text.vcomDataTxCb
                0x08006124        0xc build/../LibMaple/libmaple/usb/stm32f1/usb_cdcacm.o
 .text.vcomGetSetLineCoding
                0x08006130       0x18 build/../LibMaple/libmaple/usb/stm32f1/usb_cdcacm.o
 .text.usbDataSetup
                0x08006148       0x5c build/../LibMaple/libmaple/usb/stm32f1/usb_cdcacm.o
 .text.usbNoDataSetup
                0x080061a4       0x4c build/../LibMaple/libmaple/usb/stm32f1/usb_cdcacm.o
 .text.usbGetInterfaceSetting
                0x080061f0        0xe build/../LibMaple/libmaple/usb/stm32f1/usb_cdcacm.o
 *fill*         0x080061fe        0x2 00
 .text.usbSetConfiguration
                0x08006200       0x1c build/../LibMaple/libmaple/usb/stm32f1/usb_cdcacm.o
 .text.usbSetDeviceAddress
                0x0800621c       0x10 build/../LibMaple/libmaple/usb/stm32f1/usb_cdcacm.o
 .text.usbGetStringDescriptor
                0x0800622c       0x20 build/../LibMaple/libmaple/usb/stm32f1/usb_cdcacm.o
 .text.usbGetConfigDescriptor
                0x0800624c        0xc build/../LibMaple/libmaple/usb/stm32f1/usb_cdcacm.o
 .text.usbGetDeviceDescriptor
                0x08006258        0xc build/../LibMaple/libmaple/usb/stm32f1/usb_cdcacm.o
 .text.usb_cdcacm_rx
                0x08006264       0x3c build/../LibMaple/libmaple/usb/stm32f1/usb_cdcacm.o
                0x08006264                usb_cdcacm_rx
 .text.usb_cdcacm_enable
                0x080062a0       0x34 build/../LibMaple/libmaple/usb/stm32f1/usb_cdcacm.o
                0x080062a0                usb_cdcacm_enable
 .text.usbInit  0x080062d4       0x44 build/../LibMaple/libmaple/usb/stm32f1/usb_cdcacm.o
 .text.vcomDataRxCb
                0x08006318       0x64 build/../LibMaple/libmaple/usb/stm32f1/usb_cdcacm.o
 .text.usbReset
                0x0800637c       0xfc build/../LibMaple/libmaple/usb/stm32f1/usb_cdcacm.o
 .text.usb_cdcacm_tx
                0x08006478       0x40 build/../LibMaple/libmaple/usb/stm32f1/usb_cdcacm.o
                0x08006478                usb_cdcacm_tx
 .text.Standard_GetConfiguration
                0x080064b8       0x28 build/../LibMaple/libmaple/usb/usb_lib/usb_core.o
                0x080064b8                Standard_GetConfiguration
 .text.Standard_SetConfiguration
                0x080064e0       0x38 build/../LibMaple/libmaple/usb/usb_lib/usb_core.o
                0x080064e0                Standard_SetConfiguration
 .text.Standard_GetInterface
                0x08006518       0x28 build/../LibMaple/libmaple/usb/usb_lib/usb_core.o
                0x08006518                Standard_GetInterface
 .text.Standard_SetInterface
                0x08006540       0x48 build/../LibMaple/libmaple/usb/usb_lib/usb_core.o
                0x08006540                Standard_SetInterface
 .text.Standard_GetStatus
                0x08006588       0xa4 build/../LibMaple/libmaple/usb/usb_lib/usb_core.o
                0x08006588                Standard_GetStatus
 .text.Standard_SetEndPointFeature
                0x0800662c       0x84 build/../LibMaple/libmaple/usb/usb_lib/usb_core.o
                0x0800662c                Standard_SetEndPointFeature
 .text.Standard_SetDeviceFeature
                0x080066b0       0x24 build/../LibMaple/libmaple/usb/usb_lib/usb_core.o
                0x080066b0                Standard_SetDeviceFeature
 .text.Standard_GetDescriptorData
                0x080066d4       0x1c build/../LibMaple/libmaple/usb/usb_lib/usb_core.o
                0x080066d4                Standard_GetDescriptorData
 .text.SetDeviceAddress
                0x080066f0       0x44 build/../LibMaple/libmaple/usb/usb_lib/usb_core.o
                0x080066f0                SetDeviceAddress
 .text.NOP_Process
                0x08006734        0x2 build/../LibMaple/libmaple/usb/usb_lib/usb_core.o
                0x08006734                NOP_Process
 *fill*         0x08006736        0x2 00
 .text.Post0_Process
                0x08006738       0x44 build/../LibMaple/libmaple/usb/usb_lib/usb_core.o
                0x08006738                Post0_Process
 .text.Out0_Process
                0x0800677c       0xd4 build/../LibMaple/libmaple/usb/usb_lib/usb_core.o
                0x0800677c                Out0_Process
 .text.DataStageIn
                0x08006850       0xac build/../LibMaple/libmaple/usb/usb_lib/usb_core.o
 .text.In0_Process
                0x080068fc       0x60 build/../LibMaple/libmaple/usb/usb_lib/usb_core.o
                0x080068fc                In0_Process
 .text.Standard_ClearFeature
                0x0800695c       0xd4 build/../LibMaple/libmaple/usb/usb_lib/usb_core.o
                0x0800695c                Standard_ClearFeature
 .text.Setup0_Process
                0x08006a30      0x304 build/../LibMaple/libmaple/usb/usb_lib/usb_core.o
                0x08006a30                Setup0_Process
 .text.UserToPMABufferCopy
                0x08006d34       0x2e build/../LibMaple/libmaple/usb/usb_lib/usb_mem.o
                0x08006d34                UserToPMABufferCopy
 .text.PMAToUserBufferCopy
                0x08006d62       0x24 build/../LibMaple/libmaple/usb/usb_lib/usb_mem.o
                0x08006d62                PMAToUserBufferCopy
 .text.SetEPTxStatus
                0x08006d86       0x2c build/../LibMaple/libmaple/usb/usb_lib/usb_regs.o
                0x08006d86                SetEPTxStatus
 .text.ClearDTOG_RX
                0x08006db2       0x24 build/../LibMaple/libmaple/usb/usb_lib/usb_regs.o
                0x08006db2                ClearDTOG_RX
 .text.ClearDTOG_TX
                0x08006dd6       0x24 build/../LibMaple/libmaple/usb/usb_lib/usb_regs.o
                0x08006dd6                ClearDTOG_TX
 *fill*         0x08006dfa        0x2 00
 .text.GetEPTxAddr
                0x08006dfc       0x1c build/../LibMaple/libmaple/usb/usb_lib/usb_regs.o
                0x08006dfc                GetEPTxAddr
 .text.GetEPRxAddr
                0x08006e18       0x1c build/../LibMaple/libmaple/usb/usb_lib/usb_regs.o
                0x08006e18                GetEPRxAddr
 .text.SetEPTxCount
                0x08006e34       0x1c build/../LibMaple/libmaple/usb/usb_lib/usb_regs.o
                0x08006e34                SetEPTxCount
 .text.SetEPRxCount
                0x08006e50       0x40 build/../LibMaple/libmaple/usb/usb_lib/usb_regs.o
                0x08006e50                SetEPRxCount
 .text.ByteSwap
                0x08006e90        0xa build/../LibMaple/libmaple/usb/usb_lib/usb_regs.o
                0x08006e90                ByteSwap
 .text          0x08006e9a        0x2 build/../LibMaple/libmaple/stm32f1/performance/isrs.o
                0x08006e9a                __stm32reservedexception9
                0x08006e9a                __exc_debug_monitor
                0x08006e9a                __irq_adc
                0x08006e9a                __irq_can_rx1
                0x08006e9a                __irq_spi2
                0x08006e9a                __irq_can_sce
                0x08006e9a                __irq_pvd
                0x08006e9a                __irq_tamper
                0x08006e9a                __default_handler
                0x08006e9a                __irq_wwdg
                0x08006e9a                __stm32reservedexception10
                0x08006e9a                __irq_flash
                0x08006e9a                __stm32reservedexception13
                0x08006e9a                __irq_rtc
                0x08006e9a                __irq_spi1
                0x08006e9a                __stm32reservedexception7
                0x08006e9a                __irq_usb_hp_can_tx
                0x08006e9a                __irq_rtcalarm
                0x08006e9a                __stm32reservedexception8
                0x08006e9a                __irq_usbwakeup
                0x08006e9a                __irq_rcc
 .text.adc_foreach
                0x08006e9c       0x1c build/../LibMaple/libmaple/stm32f1/adc.o
                0x08006e9c                adc_foreach
 .text.adc_set_prescaler
                0x08006eb8        0x8 build/../LibMaple/libmaple/stm32f1/adc.o
                0x08006eb8                adc_set_prescaler
 .text.bb_perip
                0x08006ec0        0xc build/../LibMaple/libmaple/stm32f1/adc.o
 .text.adc_calibrate
                0x08006ecc       0x2e build/../LibMaple/libmaple/stm32f1/adc.o
                0x08006ecc                adc_calibrate
 .text.adc_enable_single_swstart
                0x08006efa       0x36 build/../LibMaple/libmaple/stm32f1/adc.o
                0x08006efa                adc_enable_single_swstart
 .text.dma_clear_isr_bits
                0x08006f30       0x10 build/../LibMaple/libmaple/stm32f1/dma.o
 .text.__irq_dma1_channel1
                0x08006f40       0x20 build/../LibMaple/libmaple/stm32f1/dma.o
                0x08006f40                __irq_dma1_channel1
 .text.__irq_dma1_channel2
                0x08006f60       0x20 build/../LibMaple/libmaple/stm32f1/dma.o
                0x08006f60                __irq_dma1_channel2
 .text.__irq_dma1_channel3
                0x08006f80       0x20 build/../LibMaple/libmaple/stm32f1/dma.o
                0x08006f80                __irq_dma1_channel3
 .text.__irq_dma1_channel4
                0x08006fa0       0x20 build/../LibMaple/libmaple/stm32f1/dma.o
                0x08006fa0                __irq_dma1_channel4
 .text.__irq_dma1_channel5
                0x08006fc0       0x20 build/../LibMaple/libmaple/stm32f1/dma.o
                0x08006fc0                __irq_dma1_channel5
 .text.__irq_dma1_channel6
                0x08006fe0       0x20 build/../LibMaple/libmaple/stm32f1/dma.o
                0x08006fe0                __irq_dma1_channel6
 .text.__irq_dma1_channel7
                0x08007000       0x20 build/../LibMaple/libmaple/stm32f1/dma.o
                0x08007000                __irq_dma1_channel7
 .text.exti_select
                0x08007020       0x18 build/../LibMaple/libmaple/stm32f1/exti.o
                0x08007020                exti_select
 .text.gpio_set_mode
                0x08007038       0x56 build/../LibMaple/libmaple/stm32f1/gpio.o
                0x08007038                gpio_set_mode
 .text.afio_init
                0x0800708e       0x12 build/../LibMaple/libmaple/stm32f1/gpio.o
                0x0800708e                afio_init
 .text.gpio_init_all
                0x080070a0       0x30 build/../LibMaple/libmaple/stm32f1/gpio.o
                0x080070a0                gpio_init_all
 .text._i2c_irq_priority_fixup
                0x080070d0       0x1c build/../LibMaple/libmaple/stm32f1/i2c.o
                0x080070d0                _i2c_irq_priority_fixup
 .text.__irq_i2c2_er
                0x080070ec        0xc build/../LibMaple/libmaple/stm32f1/i2c.o
                0x080070ec                __irq_i2c2_er
 .text.__irq_i2c1_er
                0x080070f8        0xc build/../LibMaple/libmaple/stm32f1/i2c.o
                0x080070f8                __irq_i2c1_er
 .text.__irq_i2c2_ev
                0x08007104        0xc build/../LibMaple/libmaple/stm32f1/i2c.o
                0x08007104                __irq_i2c2_ev
 .text.__irq_i2c1_ev
                0x08007110        0xc build/../LibMaple/libmaple/stm32f1/i2c.o
                0x08007110                __irq_i2c1_ev
 .text.rcc_configure_pll
                0x0800711c       0x38 build/../LibMaple/libmaple/stm32f1/rcc.o
                0x0800711c                rcc_configure_pll
 .text.rcc_set_prescaler
                0x08007154       0x20 build/../LibMaple/libmaple/stm32f1/rcc.o
                0x08007154                rcc_set_prescaler
 .text.bb_peri_set_bit
                0x08007174        0xe build/../LibMaple/libmaple/stm32f1/rcc.o
 *fill*         0x08007182        0x2 00
 .text.rcc_clk_enable
                0x08007184       0x28 build/../LibMaple/libmaple/stm32f1/rcc.o
                0x08007184                rcc_clk_enable
 .text.rcc_reset_dev
                0x080071ac       0x38 build/../LibMaple/libmaple/stm32f1/rcc.o
                0x080071ac                rcc_reset_dev
 .text.__irq_tim1_brk
                0x080071e4       0x2c build/../LibMaple/libmaple/stm32f1/timer.o
                0x080071e4                __irq_tim1_brk
 .text.__irq_tim1_up
                0x08007210       0x2c build/../LibMaple/libmaple/stm32f1/timer.o
                0x08007210                __irq_tim1_up
 .text.__irq_tim1_trg_com
                0x0800723c       0x40 build/../LibMaple/libmaple/stm32f1/timer.o
                0x0800723c                __irq_tim1_trg_com
 .text.__irq_tim1_cc
                0x0800727c       0x60 build/../LibMaple/libmaple/stm32f1/timer.o
                0x0800727c                __irq_tim1_cc
 .text.__irq_tim2
                0x080072dc       0x8c build/../LibMaple/libmaple/stm32f1/timer.o
                0x080072dc                __irq_tim2
 .text.__irq_tim3
                0x08007368       0x8c build/../LibMaple/libmaple/stm32f1/timer.o
                0x08007368                __irq_tim3
 .text.__irq_tim4
                0x080073f4       0x8c build/../LibMaple/libmaple/stm32f1/timer.o
                0x080073f4                __irq_tim4
 .text.rb_push_insert
                0x08007480       0x52 build/../LibMaple/libmaple/stm32f1/usart.o
 *fill*         0x080074d2        0x2 00
 .text.usart_foreach
                0x080074d4       0x24 build/../LibMaple/libmaple/stm32f1/usart.o
                0x080074d4                usart_foreach
 .text.__irq_usart1
                0x080074f8       0x14 build/../LibMaple/libmaple/stm32f1/usart.o
                0x080074f8                __irq_usart1
 .text.__irq_usart2
                0x0800750c       0x14 build/../LibMaple/libmaple/stm32f1/usart.o
                0x0800750c                __irq_usart2
 .text.__irq_usart3
                0x08007520       0x14 build/../LibMaple/libmaple/stm32f1/usart.o
                0x08007520                __irq_usart3
 .text.usart_set_baud_rate
                0x08007534       0x54 build/../LibMaple/libmaple/stm32f1/usart.o
                0x08007534                usart_set_baud_rate
 .text.usart_config_gpios_async
                0x08007588       0x20 build/../LibMaple/libmaple/stm32f1/usart.o
                0x08007588                usart_config_gpios_async
 .text          0x080075a8       0x10 build/../LibMaple/wirish/start.o
                0x080075a8                __start__
 .text.start_c  0x080075b8       0x64 build/../LibMaple/wirish/start_c.o
                0x080075b8                start_c
 .text._sbrk    0x0800761c       0x44 build/../LibMaple/wirish/syscalls.o
                0x0800761c                _sbrk
 .text.nvic_irq_enable
                0x08007660       0x1c build/../LibMaple/wirish/stm32f1/util_hooks.o
 .text.__lm_enable_error_usart
                0x0800767c       0x30 build/../LibMaple/wirish/stm32f1/util_hooks.o
                0x0800767c                __lm_enable_error_usart
 .text.__lm_error
                0x080076ac       0x44 build/../LibMaple/wirish/stm32f1/util_hooks.o
                0x080076ac                __lm_error
 .text.adc_disable
                0x080076f0       0x12 build/../LibMaple/wirish/stm32f1/util_hooks.o
 *fill*         0x08007702        0x2 00
 .text._ZL18adc_default_configPK7adc_dev
                0x08007704       0x1c build/../LibMaple/wirish/boards.o
 .text._Z4initv
                0x08007720       0xc0 build/../LibMaple/wirish/boards.o
                0x08007720                _Z4initv
 .text.T.10     0x080077e0        0x8 build/../LibMaple/wirish/boards.o
 .text._ZL20timer_default_configP9timer_dev
                0x080077e8       0xa2 build/../LibMaple/wirish/boards.o
 .text.__cxa_pure_virtual
                0x0800788a        0x2 build/../LibMaple/wirish/cxxabi-compat.o
                0x0800788a                __cxa_pure_virtual
 .text.gpio_exti_port
                0x0800788c        0x8 build/../LibMaple/wirish/ext_interrupts.o
 .text._ZL13exti_out_mode17ExtIntTriggerMode
                0x08007894       0x28 build/../LibMaple/wirish/ext_interrupts.o
 .text._Z15attachInterrupthPFvvE17ExtIntTriggerMode
                0x080078bc       0x3c build/../LibMaple/wirish/ext_interrupts.o
                0x080078bc                _Z15attachInterrupthPFvvE17ExtIntTriggerMode
 .text._ZN5PrintC2Ev
                0x080078f8        0xc build/../LibMaple/wirish/HardwareSerial.o
                0x080078f8                _ZN5PrintC2Ev
 .text._ZN4ReadC2Ev
                0x08007904        0xc build/../LibMaple/wirish/HardwareSerial.o
                0x08007904                _ZN4ReadC2Ev
 .text._ZN6SerialC2Ev
                0x08007910       0x20 build/../LibMaple/wirish/HardwareSerial.o
                0x08007910                _ZN6SerialC2Ev
 .text._ZN14HardwareSerialC1EP9usart_devhh
                0x08007930       0x28 build/../LibMaple/wirish/HardwareSerial.o
                0x08007930                _ZN14HardwareSerialC1EP9usart_devhh
 .text._ZThn4_N14HardwareSerial4readEv
                0x08007958        0x8 build/../LibMaple/wirish/HardwareSerial.o
                0x08007958                _ZThn4_N14HardwareSerial4readEv
 .text._ZN14HardwareSerial4readEv
                0x08007960       0x2c build/../LibMaple/wirish/HardwareSerial.o
                0x08007960                _ZN14HardwareSerial4readEv
 .text._ZThn4_N14HardwareSerial9availableEv
                0x0800798c        0x8 build/../LibMaple/wirish/HardwareSerial.o
                0x0800798c                _ZThn4_N14HardwareSerial9availableEv
 .text._ZN14HardwareSerial9availableEv
                0x08007994       0x22 build/../LibMaple/wirish/HardwareSerial.o
                0x08007994                _ZN14HardwareSerial9availableEv
 .text._ZN14HardwareSerial5writeEh
                0x080079b6       0x1a build/../LibMaple/wirish/HardwareSerial.o
                0x080079b6                _ZN14HardwareSerial5writeEh
 .text._ZN14HardwareSerial5beginEj
                0x080079d0       0x88 build/../LibMaple/wirish/HardwareSerial.o
                0x080079d0                _ZN14HardwareSerial5beginEj
 .text._GLOBAL__I_Serial1
                0x08007a58       0x48 build/../LibMaple/wirish/HardwareSerial.o
 .text.set_this_dev
                0x08007aa0       0x1c build/../LibMaple/wirish/HardwareTimer.o
 .text._ZN13HardwareTimer17setPrescaleFactorEj
                0x08007abc        0xc build/../LibMaple/wirish/HardwareTimer.o
                0x08007abc                _ZN13HardwareTimer17setPrescaleFactorEj
 .text._ZN13HardwareTimer11setOverflowEt
                0x08007ac8        0x8 build/../LibMaple/wirish/HardwareTimer.o
                0x08007ac8                _ZN13HardwareTimer11setOverflowEt
 .text._ZN13HardwareTimer10setCompareEit
                0x08007ad0       0x1a build/../LibMaple/wirish/HardwareTimer.o
                0x08007ad0                _ZN13HardwareTimer10setCompareEit
 .text._ZN13HardwareTimer15attachInterruptEiPFvvE
                0x08007aea        0x8 build/../LibMaple/wirish/HardwareTimer.o
                0x08007aea                _ZN13HardwareTimer15attachInterruptEiPFvvE
 .text._ZN13HardwareTimer7setModeEi10timer_mode
                0x08007af2        0x8 build/../LibMaple/wirish/HardwareTimer.o
                0x08007af2                _ZN13HardwareTimer7setModeEi10timer_mode
 *fill*         0x08007afa        0x2 00
 .text._ZN13HardwareTimerC1Eh
                0x08007afc       0x44 build/../LibMaple/wirish/HardwareTimer.o
                0x08007afc                _ZN13HardwareTimerC1Eh
 .text._GLOBAL__I__ZN13HardwareTimerC2Eh
                0x08007b40       0x38 build/../LibMaple/wirish/HardwareTimer.o
 .text.T.10     0x08007b78        0x8 build/../LibMaple/wirish/HardwareTimer.o
 .text._ZN13HardwareTimer7refreshEv
                0x08007b80       0x12 build/../LibMaple/wirish/HardwareTimer.o
                0x08007b80                _ZN13HardwareTimer7refreshEv
 .text._ZN13HardwareTimer6resumeEv
                0x08007b92       0x10 build/../LibMaple/wirish/HardwareTimer.o
                0x08007b92                _ZN13HardwareTimer6resumeEv
 .text._ZN13HardwareTimer5pauseEv
                0x08007ba2       0x10 build/../LibMaple/wirish/HardwareTimer.o
                0x08007ba2                _ZN13HardwareTimer5pauseEv
 .text._ZN5Print5writeEPKc
                0x08007bb2       0x1c build/../LibMaple/wirish/Print.o
                0x08007bb2                _ZN5Print5writeEPKc
 .text._ZN5Print5writeEPKvj
                0x08007bce       0x20 build/../LibMaple/wirish/Print.o
                0x08007bce                _ZN5Print5writeEPKvj
 .text._ZN5Print5printEc
                0x08007bee        0xa build/../LibMaple/wirish/Print.o
                0x08007bee                _ZN5Print5printEc
 .text._ZN5Print5printEPKc
                0x08007bf8        0xa build/../LibMaple/wirish/Print.o
                0x08007bf8                _ZN5Print5printEPKc
 .text._ZN5Print7printlnEv
                0x08007c02       0x16 build/../LibMaple/wirish/Print.o
                0x08007c02                _ZN5Print7printlnEv
 .text._ZN5Print7printlnEPKc
                0x08007c18       0x12 build/../LibMaple/wirish/Print.o
                0x08007c18                _ZN5Print7printlnEPKc
 .text._ZN5Print11printNumberEyh
                0x08007c2a       0x7c build/../LibMaple/wirish/Print.o
                0x08007c2a                _ZN5Print11printNumberEyh
 .text._ZN5Print5printEyi
                0x08007ca6       0x1e build/../LibMaple/wirish/Print.o
                0x08007ca6                _ZN5Print5printEyi
 .text._ZN5Print5printEhi
                0x08007cc4       0x12 build/../LibMaple/wirish/Print.o
                0x08007cc4                _ZN5Print5printEhi
 .text._ZN5Print7printlnEhi
                0x08007cd6       0x12 build/../LibMaple/wirish/Print.o
                0x08007cd6                _ZN5Print7printlnEhi
 .text._ZN5Print5printExi
                0x08007ce8       0x40 build/../LibMaple/wirish/Print.o
                0x08007ce8                _ZN5Print5printExi
 .text._ZN5Print5printEii
                0x08007d28       0x10 build/../LibMaple/wirish/Print.o
                0x08007d28                _ZN5Print5printEii
 .text._ZN5Print7printlnEii
                0x08007d38       0x12 build/../LibMaple/wirish/Print.o
                0x08007d38                _ZN5Print7printlnEii
 *fill*         0x08007d4a        0x6 00
 .text._ZN5Print10printFloatEdh
                0x08007d50      0x150 build/../LibMaple/wirish/Print.o
                0x08007d50                _ZN5Print10printFloatEdh
 .text._ZN5Print5printEdi
                0x08007ea0        0xa build/../LibMaple/wirish/Print.o
                0x08007ea0                _ZN5Print5printEdi
 .text._ZN5Print7printlnEdi
                0x08007eaa       0x18 build/../LibMaple/wirish/Print.o
                0x08007eaa                _ZN5Print7printlnEdi
 *fill*         0x08007ec2        0x2 00
 .text._Z8pwmWriteht
                0x08007ec4       0x38 build/../LibMaple/wirish/pwm.o
                0x08007ec4                _Z8pwmWriteht
 .text._ZN9USBSerialC1Ev
                0x08007efc       0x1c build/../LibMaple/wirish/usb_serial.o
                0x08007efc                _ZN9USBSerialC1Ev
 .text._ZN9USBSerial5writeEh
                0x08007f18       0x14 build/../LibMaple/wirish/usb_serial.o
                0x08007f18                _ZN9USBSerial5writeEh
 .text._ZN9USBSerial11isConnectedEv
                0x08007f2c       0x18 build/../LibMaple/wirish/usb_serial.o
                0x08007f2c                _ZN9USBSerial11isConnectedEv
 .text._ZL14ifaceSetupHookjPv
                0x08007f44       0x40 build/../LibMaple/wirish/usb_serial.o
 .text._ZN9USBSerial4readEPvj
                0x08007f84       0x22 build/../LibMaple/wirish/usb_serial.o
                0x08007f84                _ZN9USBSerial4readEPvj
 .text._ZThn4_N9USBSerial4readEv
                0x08007fa6        0x8 build/../LibMaple/wirish/usb_serial.o
                0x08007fa6                _ZThn4_N9USBSerial4readEv
 .text._ZN9USBSerial4readEv
                0x08007fae       0x12 build/../LibMaple/wirish/usb_serial.o
                0x08007fae                _ZN9USBSerial4readEv
 .text._ZThn4_N9USBSerial9availableEv
                0x08007fc0        0x8 build/../LibMaple/wirish/usb_serial.o
                0x08007fc0                _ZThn4_N9USBSerial9availableEv
 .text._ZN9USBSerial9availableEv
                0x08007fc8        0x4 build/../LibMaple/wirish/usb_serial.o
                0x08007fc8                _ZN9USBSerial9availableEv
 .text._ZN9USBSerial5writeEPKvj
                0x08007fcc       0x50 build/../LibMaple/wirish/usb_serial.o
                0x08007fcc                _ZN9USBSerial5writeEPKvj
 .text._ZN9USBSerial5writeEPKc
                0x0800801c       0x1a build/../LibMaple/wirish/usb_serial.o
                0x0800801c                _ZN9USBSerial5writeEPKc
 *fill*         0x08008036        0x2 00
 .text._ZN9USBSerial5beginEv
                0x08008038       0x2c build/../LibMaple/wirish/usb_serial.o
                0x08008038                _ZN9USBSerial5beginEv
 .text._ZL6rxHookjPv
                0x08008064       0x90 build/../LibMaple/wirish/usb_serial.o
 .text._GLOBAL__I__ZN9USBSerialC2Ev
                0x080080f4        0xc build/../LibMaple/wirish/usb_serial.o
 .text._ZL10wait_resetv
                0x08008100       0x10 build/../LibMaple/wirish/usb_serial.o
 .text._Z11digitalReadh
                0x08008110       0x2c build/../LibMaple/wirish/wirish_digital.o
                0x08008110                _Z11digitalReadh
 .text._Z12digitalWritehh
                0x0800813c       0x30 build/../LibMaple/wirish/wirish_digital.o
                0x0800813c                _Z12digitalWritehh
 .text._Z17delayMicrosecondsj
                0x0800816c        0xe build/../LibMaple/wirish/wirish_time.o
                0x0800816c                _Z17delayMicrosecondsj
 .text._Z5delaym
                0x0800817a       0x18 build/../LibMaple/wirish/wirish_time.o
                0x0800817a                _Z5delaym
 .text._ZN6wirish4priv15board_reset_pllEv
                0x08008192        0x2 build/../LibMaple/wirish/stm32f1/boards_setup.o
                0x08008192                _ZN6wirish4priv15board_reset_pllEv
 .text._ZN6wirish4priv11series_initEv
                0x08008194        0x4 build/../LibMaple/wirish/stm32f1/boards_setup.o
                0x08008194                _ZN6wirish4priv11series_initEv
 .text._ZN6wirish4priv15board_setup_usbEv
                0x08008198        0xc build/../LibMaple/wirish/stm32f1/boards_setup.o
                0x08008198                _ZN6wirish4priv15board_setup_usbEv
 .text._ZN6wirish4priv16board_setup_gpioEv
                0x080081a4        0x4 build/../LibMaple/wirish/stm32f1/boards_setup.o
                0x080081a4                _ZN6wirish4priv16board_setup_gpioEv
 .text._ZN6wirish4priv28board_setup_clock_prescalersEv
                0x080081a8       0x20 build/../LibMaple/wirish/stm32f1/boards_setup.o
                0x080081a8                _ZN6wirish4priv28board_setup_clock_prescalersEv
 .text._Z7pinModeh13WiringPinMode
                0x080081c8       0x88 build/../LibMaple/wirish/stm32f1/wirish_digital.o
                0x080081c8                _Z7pinModeh13WiringPinMode
 .text.afio_cfg_debug_ports
                0x08008250       0x14 build/../LibMaple/wirish/stm32f1/wirish_debug.o
 .text._Z17disableDebugPortsv
                0x08008264        0x8 build/../LibMaple/wirish/stm32f1/wirish_debug.o
                0x08008264                _Z17disableDebugPortsv
 .text._Z9boardInitv
                0x0800826c        0x4 build/../LibMaple/wirish/boards/maple_mini/board.o
                0x0800826c                _Z9boardInitv
 .text._GLOBAL__I__Z9boardInitv
                0x08008270      0x118 build/../LibMaple/wirish/boards/maple_mini/board.o
 .text._ZN8WireBase5beginEh
                0x08008388       0x14 build/../LibMaple/libraries/Wire/WireBase.o
                0x08008388                _ZN8WireBase5beginEh
 .text._ZN8WireBaseC2Ev
                0x0800839c        0xc build/../LibMaple/libraries/Wire/HardWire.o
                0x0800839c                _ZN8WireBaseC2Ev
 .text._ZN8WireBaseD2Ev
                0x080083a8        0xc build/../LibMaple/libraries/Wire/HardWire.o
                0x080083a8                _ZN8WireBaseD2Ev
 .text._ZN7TwoWireC1Ehhh
                0x080083b4       0x28 build/../LibMaple/libraries/Wire/Wire.o
                0x080083b4                _ZN7TwoWireC1Ehhh
 .text._ZN7TwoWireD1Ev
                0x080083dc       0x20 build/../LibMaple/libraries/Wire/Wire.o
                0x080083dc                _ZN7TwoWireD1Ev
 .text._ZN7TwoWire7set_sdaEb
                0x080083fc       0x18 build/../LibMaple/libraries/Wire/Wire.o
                0x080083fc                _ZN7TwoWire7set_sdaEb
 .text._ZN7TwoWire7set_sclEb
                0x08008414       0x30 build/../LibMaple/libraries/Wire/Wire.o
                0x08008414                _ZN7TwoWire7set_sclEb
 .text._ZN7TwoWire5beginEh
                0x08008444       0x3e build/../LibMaple/libraries/Wire/Wire.o
                0x08008444                _ZN7TwoWire5beginEh
 .text._ZN7TwoWire13i2c_shift_outEh
                0x08008482       0x2c build/../LibMaple/libraries/Wire/Wire.o
                0x08008482                _ZN7TwoWire13i2c_shift_outEh
 .text._ZN7TwoWire12i2c_shift_inEv
                0x080084ae       0x34 build/../LibMaple/libraries/Wire/Wire.o
                0x080084ae                _ZN7TwoWire12i2c_shift_inEv
 .text._ZN7TwoWire13i2c_send_nackEv
                0x080084e2       0x1e build/../LibMaple/libraries/Wire/Wire.o
                0x080084e2                _ZN7TwoWire13i2c_send_nackEv
 .text._ZN7TwoWire12i2c_send_ackEv
                0x08008500       0x1e build/../LibMaple/libraries/Wire/Wire.o
                0x08008500                _ZN7TwoWire12i2c_send_ackEv
 .text._ZN7TwoWire11i2c_get_ackEv
                0x0800851e       0x36 build/../LibMaple/libraries/Wire/Wire.o
                0x0800851e                _ZN7TwoWire11i2c_get_ackEv
 .text._ZN7TwoWire8i2c_stopEv
                0x08008554       0x1e build/../LibMaple/libraries/Wire/Wire.o
                0x08008554                _ZN7TwoWire8i2c_stopEv
 .text._ZN7TwoWire9i2c_startEv
                0x08008572       0x16 build/../LibMaple/libraries/Wire/Wire.o
                0x08008572                _ZN7TwoWire9i2c_startEv
 .text._ZN7TwoWire7processEv
                0x08008588       0x98 build/../LibMaple/libraries/Wire/Wire.o
                0x08008588                _ZN7TwoWire7processEv
 .text._GLOBAL__I__ZN7TwoWire7set_sclEb
                0x08008620       0x2c build/../LibMaple/libraries/Wire/Wire.o
 .text.__exc_svc
                0x0800864c       0x24 build/../LibMaple/libraries/FreeRTOS/utility/port.o
                0x0800864c                __exc_svc
 .text.__exc_pendsv
                0x08008670       0x40 build/../LibMaple/libraries/FreeRTOS/utility/port.o
                0x08008670                __exc_pendsv
 .text.vTaskSwitchContext
                0x080086b0       0xf0 build/../LibMaple/libraries/FreeRTOS/utility/tasks.o
                0x080086b0                vTaskSwitchContext
 .text.vApplicationStackOverflowHook
                0x080087a0        0x2 build/../LibMaple/libraries/FreeRTOS/MapleFreeRTOS.o
                0x080087a0                vApplicationStackOverflowHook
 *fill*         0x080087a2        0x2 00
 .text._ZN10TerminalIOC1Ev
                0x080087a4       0x1c build/../LibRobotCampus/terminal.o
                0x080087a4                _ZN10TerminalIOC1Ev
 .text._ZN10TerminalIO5hasIOEv
                0x080087c0        0xa build/../LibRobotCampus/terminal.o
                0x080087c0                _ZN10TerminalIO5hasIOEv
 .text._ZN10TerminalIO5setIOEP6Serial
                0x080087ca        0x4 build/../LibRobotCampus/terminal.o
                0x080087ca                _ZN10TerminalIO5setIOEP6Serial
 .text._ZN10TerminalIO5writeEh
                0x080087ce       0x10 build/../LibRobotCampus/terminal.o
                0x080087ce                _ZN10TerminalIO5writeEh
 .text._ZN10TerminalIO5writeEPKvj
                0x080087de       0x10 build/../LibRobotCampus/terminal.o
                0x080087de                _ZN10TerminalIO5writeEPKvj
 *fill*         0x080087ee        0x2 00
 .text._Z17terminal_registerPK16terminal_command
                0x080087f0       0x18 build/../LibRobotCampus/terminal.o
                0x080087f0                _Z17terminal_registerPK16terminal_command
 .text._Z26terminal_command_init_helpv
                0x08008808        0xc build/../LibRobotCampus/terminal.o
                0x08008808                _Z26terminal_command_init_helpv
 .text._Z26terminal_command_init_echov
                0x08008814        0xc build/../LibRobotCampus/terminal.o
                0x08008814                _Z26terminal_command_init_echov
 .text._Z11terminal_iov
                0x08008820        0x8 build/../LibRobotCampus/terminal.o
                0x08008820                _Z11terminal_iov
 .text._Z17terminal_bar_initiii
                0x08008828       0x20 build/../LibRobotCampus/terminal.o
                0x08008828                _Z17terminal_bar_initiii
 .text._Z20terminal_bar_escapedv
                0x08008848        0xc build/../LibRobotCampus/terminal.o
                0x08008848                _Z20terminal_bar_escapedv
 .text._Z15terminal_silentb
                0x08008854        0xc build/../LibRobotCampus/terminal.o
                0x08008854                _Z15terminal_silentb
 .text._Z15terminal_promptv
                0x08008860       0x10 build/../LibRobotCampus/terminal.o
                0x08008860                _Z15terminal_promptv
 .text._Z17terminal_bar_tickv
                0x08008870      0x180 build/../LibRobotCampus/terminal.o
                0x08008870                _Z17terminal_bar_tickv
 .text._Z13terminal_initP6Serial
                0x080089f0       0x38 build/../LibRobotCampus/terminal.o
                0x080089f0                _Z13terminal_initP6Serial
 .text._Z16terminal_executePcjjPS_
                0x08008a28       0x80 build/../LibRobotCampus/terminal.o
                0x08008a28                _Z16terminal_executePcjjPS_
 .text._Z16terminal_processv
                0x08008aa8       0x84 build/../LibRobotCampus/terminal.o
                0x08008aa8                _Z16terminal_processv
 .text._Z13terminal_tickv
                0x08008b2c      0x12c build/../LibRobotCampus/terminal.o
                0x08008b2c                _Z13terminal_tickv
 .text._Z21terminal_command_echojPPc
                0x08008c58       0x48 build/../LibRobotCampus/terminal.o
                0x08008c58                _Z21terminal_command_echojPPc
 .text._Z21terminal_command_helpjPPc
                0x08008ca0       0xac build/../LibRobotCampus/terminal.o
                0x08008ca0                _Z21terminal_command_helpjPPc
 .text._GLOBAL__I__ZN10TerminalIOC2Ev
                0x08008d4c        0xc build/../LibRobotCampus/terminal.o
 .text._Z12servos_countv
                0x08008d58        0xc build/../LibRobotCampus/servos.o
                0x08008d58                _Z12servos_countv
 .text._Z14servos_get_pinh
                0x08008d64       0x20 build/../LibRobotCampus/servos.o
                0x08008d64                _Z14servos_get_pinh
 .text._Z14servos_get_minh
                0x08008d84       0x24 build/../LibRobotCampus/servos.o
                0x08008d84                _Z14servos_get_minh
 .text._Z15servos_get_inith
                0x08008da8       0x24 build/../LibRobotCampus/servos.o
                0x08008da8                _Z15servos_get_inith
 .text._Z14servos_get_maxh
                0x08008dcc       0x24 build/../LibRobotCampus/servos.o
                0x08008dcc                _Z14servos_get_maxh
 .text._Z14servos_get_posh
                0x08008df0       0x24 build/../LibRobotCampus/servos.o
                0x08008df0                _Z14servos_get_posh
 .text._Z18servos_is_reversedh
                0x08008e14       0x24 build/../LibRobotCampus/servos.o
                0x08008e14                _Z18servos_is_reversedh
 .text._Z17servos_is_enabledh
                0x08008e38       0x24 build/../LibRobotCampus/servos.o
                0x08008e38                _Z17servos_is_enabledh
 .text._Z16servos_get_labelh
                0x08008e5c       0x24 build/../LibRobotCampus/servos.o
                0x08008e5c                _Z16servos_get_labelh
 .text._Z18servos_get_commandh
                0x08008e80       0x54 build/../LibRobotCampus/servos.o
                0x08008e80                _Z18servos_get_commandh
 .text._Z20servos_set_smoothingd
                0x08008ed4       0x2c build/../LibRobotCampus/servos.o
                0x08008ed4                _Z20servos_set_smoothingd
 .text._Z14servos_set_posht
                0x08008f00       0x44 build/../LibRobotCampus/servos.o
                0x08008f00                _Z14servos_set_posht
 .text._Z13servos_enablehb
                0x08008f44       0x5c build/../LibRobotCampus/servos.o
                0x08008f44                _Z13servos_enablehb
 .text._Z12servos_flushv
                0x08008fa0       0x2c build/../LibRobotCampus/servos.o
                0x08008fa0                _Z12servos_flushv
 .text._Z18servos_disable_allv
                0x08008fcc       0x30 build/../LibRobotCampus/servos.o
                0x08008fcc                _Z18servos_disable_allv
 .text._Z14button_pressedv
                0x08008ffc        0x4 build/../LibRobotCampus/servos.o
                0x08008ffc                _Z14button_pressedv
 .text._Z17servos_enable_allv
                0x08009000       0x38 build/../LibRobotCampus/servos.o
                0x08009000                _Z17servos_enable_allv
 .text._Z12servos_reseth
                0x08009038       0x20 build/../LibRobotCampus/servos.o
                0x08009038                _Z12servos_reseth
 .text._Z14servos_commandhf
                0x08009058       0xec build/../LibRobotCampus/servos.o
                0x08009058                _Z14servos_commandhf
 .text._Z16servos_calibratehtttbt
                0x08009144       0x5c build/../LibRobotCampus/servos.o
                0x08009144                _Z16servos_calibratehtttbt
 .text._Z12servos_indexPc
                0x080091a0       0x38 build/../LibRobotCampus/servos.o
                0x080091a0                _Z12servos_indexPc
 .text._Z15servos_registerhPc
                0x080091d8       0xb0 build/../LibRobotCampus/servos.o
                0x080091d8                _Z15servos_registerhPc
 .text._Z9initTimerh
                0x08009288       0x32 build/../LibRobotCampus/servos.o
                0x08009288                _Z9initTimerh
 *fill*         0x080092ba        0x2 00
 .text._Z11servos_initv
                0x080092bc       0x3c build/../LibRobotCampus/servos.o
                0x080092bc                _Z11servos_initv
 .text._Z23servos_attach_interruptPFvvE
                0x080092f8       0x3c build/../LibRobotCampus/servos.o
                0x080092f8                _Z23servos_attach_interruptPFvvE
 .text._Z24terminal_command_forwardjPPc
                0x08009334       0xac build/../LibRobotCampus/commands.o
                0x08009334                _Z24terminal_command_forwardjPPc
 .text._Z29terminal_command_init_forwardv
                0x080093e0        0xc build/../LibRobotCampus/commands.o
                0x080093e0                _Z29terminal_command_init_forwardv
 .text._Z26terminal_command_init_mutev
                0x080093ec        0xc build/../LibRobotCampus/commands.o
                0x080093ec                _Z26terminal_command_init_mutev
 .text._Z28terminal_command_init_smoothv
                0x080093f8        0xc build/../LibRobotCampus/commands.o
                0x080093f8                _Z28terminal_command_init_smoothv
 .text._Z30terminal_command_init_registerv
                0x08009404        0xc build/../LibRobotCampus/commands.o
                0x08009404                _Z30terminal_command_init_registerv
 .text._Z27terminal_command_init_flushv
                0x08009410        0xc build/../LibRobotCampus/commands.o
                0x08009410                _Z27terminal_command_init_flushv
 .text._Z30terminal_command_init_dumpcodev
                0x0800941c        0xc build/../LibRobotCampus/commands.o
                0x0800941c                _Z30terminal_command_init_dumpcodev
 .text._Z33terminal_command_init_dumpcommandv
                0x08009428        0xc build/../LibRobotCampus/commands.o
                0x08009428                _Z33terminal_command_init_dumpcommandv
 .text._Z28terminal_command_init_statusv
                0x08009434        0xc build/../LibRobotCampus/commands.o
                0x08009434                _Z28terminal_command_init_statusv
 .text._Z28terminal_command_init_enablev
                0x08009440        0xc build/../LibRobotCampus/commands.o
                0x08009440                _Z28terminal_command_init_enablev
 .text._Z29terminal_command_init_disablev
                0x0800944c        0xc build/../LibRobotCampus/commands.o
                0x0800944c                _Z29terminal_command_init_disablev
 .text._Z29terminal_command_init_commandv
                0x08009458        0xc build/../LibRobotCampus/commands.o
                0x08009458                _Z29terminal_command_init_commandv
 .text._Z30terminal_command_init_positionv
                0x08009464        0xc build/../LibRobotCampus/commands.o
                0x08009464                _Z30terminal_command_init_positionv
 .text._Z31terminal_command_init_calibratev
                0x08009470        0xc build/../LibRobotCampus/commands.o
                0x08009470                _Z31terminal_command_init_calibratev
 .text._Z27terminal_command_init_resetv
                0x0800947c        0xc build/../LibRobotCampus/commands.o
                0x0800947c                _Z27terminal_command_init_resetv
 .text._Z26terminal_command_init_stopv
                0x08009488        0xc build/../LibRobotCampus/commands.o
                0x08009488                _Z26terminal_command_init_stopv
 .text._Z27terminal_command_init_startv
                0x08009494        0xc build/../LibRobotCampus/commands.o
                0x08009494                _Z27terminal_command_init_startv
 .text._Z34terminal_command_init_calibrate_uiv
                0x080094a0        0xc build/../LibRobotCampus/commands.o
                0x080094a0                _Z34terminal_command_init_calibrate_uiv
 .text._Z32terminal_command_init_command_uiv
                0x080094ac        0xc build/../LibRobotCampus/commands.o
                0x080094ac                _Z32terminal_command_init_command_uiv
 .text._Z21terminal_command_mutejPPc
                0x080094b8       0x1c build/../LibRobotCampus/commands.o
                0x080094b8                _Z21terminal_command_mutejPPc
 .text._Z23terminal_command_smoothjPPc
                0x080094d4       0x24 build/../LibRobotCampus/commands.o
                0x080094d4                _Z23terminal_command_smoothjPPc
 .text._Z25terminal_command_registerjPPc
                0x080094f8       0x44 build/../LibRobotCampus/commands.o
                0x080094f8                _Z25terminal_command_registerjPPc
 .text._Z22terminal_command_flushjPPc
                0x0800953c       0x18 build/../LibRobotCampus/commands.o
                0x0800953c                _Z22terminal_command_flushjPPc
 .text._Z25terminal_command_dumpcodejPPc
                0x08009554      0x17c build/../LibRobotCampus/commands.o
                0x08009554                _Z25terminal_command_dumpcodejPPc
 .text._Z28terminal_command_dumpcommandjPPc
                0x080096d0      0x104 build/../LibRobotCampus/commands.o
                0x080096d0                _Z28terminal_command_dumpcommandjPPc
 .text._Z23terminal_command_statusjPPc
                0x080097d4      0x1b4 build/../LibRobotCampus/commands.o
                0x080097d4                _Z23terminal_command_statusjPPc
 .text._Z23terminal_command_enablejPPc
                0x08009988       0x44 build/../LibRobotCampus/commands.o
                0x08009988                _Z23terminal_command_enablejPPc
 .text._Z24terminal_command_disablejPPc
                0x080099cc       0x40 build/../LibRobotCampus/commands.o
                0x080099cc                _Z24terminal_command_disablejPPc
 .text._Z24terminal_command_commandjPPc
                0x08009a0c       0x50 build/../LibRobotCampus/commands.o
                0x08009a0c                _Z24terminal_command_commandjPPc
 .text._Z25terminal_command_positionjPPc
                0x08009a5c       0x50 build/../LibRobotCampus/commands.o
                0x08009a5c                _Z25terminal_command_positionjPPc
 .text._Z26terminal_command_calibratejPPc
                0x08009aac       0x78 build/../LibRobotCampus/commands.o
                0x08009aac                _Z26terminal_command_calibratejPPc
 .text._Z22terminal_command_resetjPPc
                0x08009b24       0x68 build/../LibRobotCampus/commands.o
                0x08009b24                _Z22terminal_command_resetjPPc
 .text._Z21terminal_command_stopjPPc
                0x08009b8c       0x18 build/../LibRobotCampus/commands.o
                0x08009b8c                _Z21terminal_command_stopjPPc
 .text._Z22terminal_command_startjPPc
                0x08009ba4       0x18 build/../LibRobotCampus/commands.o
                0x08009ba4                _Z22terminal_command_startjPPc
 .text._Z29terminal_command_calibrate_uijPPc
                0x08009bbc      0x134 build/../LibRobotCampus/commands.o
                0x08009bbc                _Z29terminal_command_calibrate_uijPPc
 .text._Z27terminal_command_command_uijPPc
                0x08009cf0       0x60 build/../LibRobotCampus/commands.o
                0x08009cf0                _Z27terminal_command_command_uijPPc
 .text._Z4tickv
                0x08009d50       0x10 build/main.o
                0x08009d50                _Z4tickv
 .text._Z7setFlagv
                0x08009d60        0xc build/main.o
                0x08009d60                _Z7setFlagv
 .text._Z7premainv
                0x08009d6c        0x4 build/main.o
                0x08009d6c                _Z7premainv
 .text._Z4loopv
                0x08009d70       0x3c build/main.o
                0x08009d70                _Z4loopv
 .text._Z5setupv
                0x08009dac       0x28 build/main.o
                0x08009dac                _Z5setupv
 .text.main     0x08009dd4        0xc build/main.o
                0x08009dd4                main
 .text._Z24terminal_command_counterjPPc
                0x08009de0       0x28 build/main.o
                0x08009de0                _Z24terminal_command_counterjPPc
 .text._Z29terminal_command_init_counterv
                0x08009e08        0xc build/main.o
                0x08009e08                _Z29terminal_command_init_counterv
 .text.__aeabi_atexit
                0x08009e14        0xc /home/boris/libmaple/arm/bin/../lib/gcc/arm-none-eabi/4.4.1/../../../../arm-none-eabi/lib/thumb2/libstdc++.a(atexit_arm.o)
                0x08009e14                __aeabi_atexit
 .text._GLOBAL__I___cxa_allocate_exception
                0x08009e20        0x4 /home/boris/libmaple/arm/bin/../lib/gcc/arm-none-eabi/4.4.1/../../../../arm-none-eabi/lib/thumb2/libstdc++.a(eh_alloc.o)
 .text          0x08009e24      0x370 /home/boris/libmaple/arm/bin/../lib/gcc/arm-none-eabi/4.4.1/thumb2/libgcc.a(_arm_addsubdf3.o)
                0x08009e24                __aeabi_drsub
                0x08009e2c                __aeabi_dsub
                0x08009e2c                __subdf3
                0x08009e30                __adddf3
                0x08009e30                __aeabi_dadd
                0x0800a0a8                __aeabi_ui2d
                0x0800a0a8                __floatunsidf
                0x0800a0c8                __floatsidf
                0x0800a0c8                __aeabi_i2d
                0x0800a0ec                __extendsfdf2
                0x0800a0ec                __aeabi_f2d
                0x0800a128                __aeabi_ul2d
                0x0800a128                __floatundidf
                0x0800a138                __floatdidf
                0x0800a138                __aeabi_l2d
 .text          0x0800a194      0x424 /home/boris/libmaple/arm/bin/../lib/gcc/arm-none-eabi/4.4.1/thumb2/libgcc.a(_arm_muldivdf3.o)
                0x0800a194                __aeabi_dmul
                0x0800a194                __muldf3
                0x0800a3e8                __aeabi_ddiv
                0x0800a3e8                __divdf3
 .text          0x0800a5b8      0x110 /home/boris/libmaple/arm/bin/../lib/gcc/arm-none-eabi/4.4.1/thumb2/libgcc.a(_arm_cmpdf2.o)
                0x0800a5b8                __gtdf2
                0x0800a5b8                __gedf2
                0x0800a5c0                __ltdf2
                0x0800a5c0                __ledf2
                0x0800a5c8                __cmpdf2
                0x0800a5c8                __eqdf2
                0x0800a5c8                __nedf2
                0x0800a644                __aeabi_cdrcmple
                0x0800a654                __aeabi_cdcmple
                0x0800a654                __aeabi_cdcmpeq
                0x0800a664                __aeabi_dcmpeq
                0x0800a678                __aeabi_dcmplt
                0x0800a68c                __aeabi_dcmple
                0x0800a6a0                __aeabi_dcmpge
                0x0800a6b4                __aeabi_dcmpgt
 .text          0x0800a6c8       0x50 /home/boris/libmaple/arm/bin/../lib/gcc/arm-none-eabi/4.4.1/thumb2/libgcc.a(_arm_fixdfsi.o)
                0x0800a6c8                __fixdfsi
                0x0800a6c8                __aeabi_d2iz
 .text          0x0800a718       0xa0 /home/boris/libmaple/arm/bin/../lib/gcc/arm-none-eabi/4.4.1/thumb2/libgcc.a(_arm_truncdfsf2.o)
                0x0800a718                __aeabi_d2f
                0x0800a718                __truncdfsf2
 .text          0x0800a7b8      0x21c /home/boris/libmaple/arm/bin/../lib/gcc/arm-none-eabi/4.4.1/thumb2/libgcc.a(_arm_addsubsf3.o)
                0x0800a7b8                __aeabi_frsub
                0x0800a7c0                __subsf3
                0x0800a7c0                __aeabi_fsub
                0x0800a7c4                __aeabi_fadd
                0x0800a7c4                __addsf3
                0x0800a924                __aeabi_ui2f
                0x0800a924                __floatunsisf
                0x0800a92c                __aeabi_i2f
                0x0800a92c                __floatsisf
                0x0800a948                __floatundisf
                0x0800a948                __aeabi_ul2f
                0x0800a958                __floatdisf
                0x0800a958                __aeabi_l2f
 .text          0x0800a9d4       0x4c /home/boris/libmaple/arm/bin/../lib/gcc/arm-none-eabi/4.4.1/thumb2/libgcc.a(_arm_fixsfsi.o)
                0x0800a9d4                __fixsfsi
                0x0800a9d4                __aeabi_f2iz
 .text          0x0800aa20       0x2c /home/boris/libmaple/arm/bin/../lib/gcc/arm-none-eabi/4.4.1/thumb2/libgcc.a(_aeabi_uldivmod.o)
                0x0800aa20                __aeabi_uldivmod
 .text          0x0800aa4c       0x3c /home/boris/libmaple/arm/bin/../lib/gcc/arm-none-eabi/4.4.1/thumb2/libgcc.a(_fixdfdi.o)
                0x0800aa4c                __aeabi_d2lz
                0x0800aa4c                __fixdfdi
 .text          0x0800aa88       0x44 /home/boris/libmaple/arm/bin/../lib/gcc/arm-none-eabi/4.4.1/thumb2/libgcc.a(_fixunsdfdi.o)
                0x0800aa88                __aeabi_d2ulz
                0x0800aa88                __fixunsdfdi
 .text          0x0800aacc       0x58 /home/boris/libmaple/arm/bin/../lib/gcc/arm-none-eabi/4.4.1/thumb2/libgcc.a(bpabi.o)
                0x0800aacc                __gnu_uldivmod_helper
                0x0800aaf8                __gnu_ldivmod_helper
 .text          0x0800ab24        0x4 /home/boris/libmaple/arm/bin/../lib/gcc/arm-none-eabi/4.4.1/thumb2/libgcc.a(_dvmd_tls.o)
                0x0800ab24                __aeabi_ldiv0
                0x0800ab24                __aeabi_idiv0
 .text          0x0800ab28       0x40 /home/boris/libmaple/arm/bin/../lib/gcc/arm-none-eabi/4.4.1/thumb2/libgcc.a(_arm_fixunsdfsi.o)
                0x0800ab28                __fixunsdfsi
                0x0800ab28                __aeabi_d2uiz
 .text          0x0800ab68      0x364 /home/boris/libmaple/arm/bin/../lib/gcc/arm-none-eabi/4.4.1/thumb2/libgcc.a(_divdi3.o)
                0x0800ab68                __divdi3
 .text          0x0800aecc      0x300 /home/boris/libmaple/arm/bin/../lib/gcc/arm-none-eabi/4.4.1/thumb2/libgcc.a(_udivdi3.o)
                0x0800aecc                __udivdi3
 *fill*         0x0800b1cc        0x4 00
 .text          0x0800b1d0      0x278 /home/boris/libmaple/arm/bin/../lib/gcc/arm-none-eabi/4.4.1/thumb2/libgcc.a(_udivsi3.o)
                0x0800b1d0                __udivsi3
                0x0800b1d0                __aeabi_uidiv
                0x0800b42c                __aeabi_uidivmod
 .text          0x0800b448        0x8 /home/boris/libmaple/arm/bin/../lib/gcc/arm-none-eabi/4.4.1/../../../../arm-none-eabi/lib/thumb2/libc.a(lib_a-atof.o)
                0x0800b448                atof
 .text          0x0800b450       0x10 /home/boris/libmaple/arm/bin/../lib/gcc/arm-none-eabi/4.4.1/../../../../arm-none-eabi/lib/thumb2/libc.a(lib_a-atoi.o)
                0x0800b450                _atoi_r
                0x0800b458                atoi
 .text          0x0800b460       0x10 /home/boris/libmaple/arm/bin/../lib/gcc/arm-none-eabi/4.4.1/../../../../arm-none-eabi/lib/thumb2/libc.a(lib_a-cxa_atexit.o)
                0x0800b460                __cxa_atexit
 .text          0x0800b470        0xc /home/boris/libmaple/arm/bin/../lib/gcc/arm-none-eabi/4.4.1/../../../../arm-none-eabi/lib/thumb2/libc.a(lib_a-errno.o)
                0x0800b470                __errno
 .text          0x0800b47c       0x50 /home/boris/libmaple/arm/bin/../lib/gcc/arm-none-eabi/4.4.1/../../../../arm-none-eabi/lib/thumb2/libc.a(lib_a-init.o)
                0x0800b47c                __libc_init_array
 .text          0x0800b4cc       0x20 /home/boris/libmaple/arm/bin/../lib/gcc/arm-none-eabi/4.4.1/../../../../arm-none-eabi/lib/thumb2/libc.a(lib_a-malloc.o)
                0x0800b4cc                free
                0x0800b4dc                malloc
 .text          0x0800b4ec      0x5a4 /home/boris/libmaple/arm/bin/../lib/gcc/arm-none-eabi/4.4.1/../../../../arm-none-eabi/lib/thumb2/libc.a(lib_a-mallocr.o)
                0x0800b4ec                _malloc_r
 .text          0x0800ba90       0x64 /home/boris/libmaple/arm/bin/../lib/gcc/arm-none-eabi/4.4.1/../../../../arm-none-eabi/lib/thumb2/libc.a(lib_a-memcmp.o)
                0x0800ba90                memcmp
 .text          0x0800baf4      0x190 /home/boris/libmaple/arm/bin/../lib/gcc/arm-none-eabi/4.4.1/../../../../arm-none-eabi/lib/thumb2/libc.a(lib_a-memcpy.o)
                0x0800baf4                memcpy
 .text          0x0800bc84       0xd4 /home/boris/libmaple/arm/bin/../lib/gcc/arm-none-eabi/4.4.1/../../../../arm-none-eabi/lib/thumb2/libc.a(lib_a-memset.o)
                0x0800bc84                memset
 .text          0x0800bd58        0x8 /home/boris/libmaple/arm/bin/../lib/gcc/arm-none-eabi/4.4.1/../../../../arm-none-eabi/lib/thumb2/libc.a(lib_a-mlock.o)
                0x0800bd58                __malloc_lock
                0x0800bd5c                __malloc_unlock
 .text          0x0800bd60       0x28 /home/boris/libmaple/arm/bin/../lib/gcc/arm-none-eabi/4.4.1/../../../../arm-none-eabi/lib/thumb2/libc.a(lib_a-sbrkr.o)
                0x0800bd60                _sbrk_r
 .text          0x0800bd88      0x1dc /home/boris/libmaple/arm/bin/../lib/gcc/arm-none-eabi/4.4.1/../../../../arm-none-eabi/lib/thumb2/libc.a(lib_a-strcmp.o)
                0x0800bd88                strcmp
 .text          0x0800bf64       0x60 /home/boris/libmaple/arm/bin/../lib/gcc/arm-none-eabi/4.4.1/../../../../arm-none-eabi/lib/thumb2/libc.a(lib_a-strlen.o)
                0x0800bf64                strlen
 .text          0x0800bfc4       0xa8 /home/boris/libmaple/arm/bin/../lib/gcc/arm-none-eabi/4.4.1/../../../../arm-none-eabi/lib/thumb2/libc.a(lib_a-strncmp.o)
                0x0800bfc4                strncmp
 .text          0x0800c06c       0x78 /home/boris/libmaple/arm/bin/../lib/gcc/arm-none-eabi/4.4.1/../../../../arm-none-eabi/lib/thumb2/libc.a(lib_a-strncpy.o)
                0x0800c06c                strncpy
 *fill*         0x0800c0e4        0x4 00
 .text          0x0800c0e8     0x1010 /home/boris/libmaple/arm/bin/../lib/gcc/arm-none-eabi/4.4.1/../../../../arm-none-eabi/lib/thumb2/libc.a(lib_a-strtod.o)
                0x0800c0e8                _strtod_r
                0x0800d058                strtof
                0x0800d0e4                strtod
 .text          0x0800d0f8       0x6c /home/boris/libmaple/arm/bin/../lib/gcc/arm-none-eabi/4.4.1/../../../../arm-none-eabi/lib/thumb2/libc.a(lib_a-strtok_r.o)
                0x0800d0f8                __strtok_r
                0x0800d160                strtok_r
 .text          0x0800d164      0x158 /home/boris/libmaple/arm/bin/../lib/gcc/arm-none-eabi/4.4.1/../../../../arm-none-eabi/lib/thumb2/libc.a(lib_a-strtol.o)
                0x0800d164                _strtol_r
                0x0800d2a4                strtol
 .text          0x0800d2bc       0xe8 /home/boris/libmaple/arm/bin/../lib/gcc/arm-none-eabi/4.4.1/../../../../arm-none-eabi/lib/thumb2/libc.a(lib_a-__atexit.o)
                0x0800d2bc                __register_exitproc
 .text          0x0800d3a4      0x268 /home/boris/libmaple/arm/bin/../lib/gcc/arm-none-eabi/4.4.1/../../../../arm-none-eabi/lib/thumb2/libc.a(lib_a-freer.o)
                0x0800d3a4                _malloc_trim_r
                0x0800d44c                _free_r
 .text          0x0800d60c      0x5a8 /home/boris/libmaple/arm/bin/../lib/gcc/arm-none-eabi/4.4.1/../../../../arm-none-eabi/lib/thumb2/libc.a(lib_a-gdtoa-gethex.o)
                0x0800d60c                __hexdig_init
                0x0800d6f8                __gethex
 .text          0x0800dbb4      0x1bc /home/boris/libmaple/arm/bin/../lib/gcc/arm-none-eabi/4.4.1/../../../../arm-none-eabi/lib/thumb2/libc.a(lib_a-gdtoa-hexnan.o)
                0x0800dbb4                __hexnan
 .text          0x0800dd70      0x958 /home/boris/libmaple/arm/bin/../lib/gcc/arm-none-eabi/4.4.1/../../../../arm-none-eabi/lib/thumb2/libc.a(lib_a-mprec.o)
                0x0800dd70                __hi0bits
                0x0800ddb0                __lo0bits
                0x0800de14                __mcmp
                0x0800de54                __ulp
                0x0800dea0                __b2d
                0x0800df48                __ratio
                0x0800dfa8                _mprec_log10
                0x0800dfe0                __copybits
                0x0800e030                __any_on
                0x0800e088                _Bfree
                0x0800e0c0                _Balloc
                0x0800e12c                __d2b
                0x0800e1fc                __mdiff
                0x0800e2f4                __lshift
                0x0800e3b0                __multiply
                0x0800e4e4                __i2b
                0x0800e4f8                __multadd
                0x0800e580                __pow5mult
                0x0800e62c                __s2b
 .text          0x0800e6c8       0x5c /home/boris/libmaple/arm/bin/../lib/gcc/arm-none-eabi/4.4.1/../../../../arm-none-eabi/lib/thumb2/libc.a(lib_a-callocr.o)
                0x0800e6c8                _calloc_r
 .text          0x0800e724       0xec /home/boris/libmaple/arm/bin/../lib/gcc/arm-none-eabi/4.4.1/thumb2/libgcc.a(_arm_cmpsf2.o)
                0x0800e724                __gtsf2
                0x0800e724                __gesf2
                0x0800e72c                __lesf2
                0x0800e72c                __ltsf2
                0x0800e734                __nesf2
                0x0800e734                __eqsf2
                0x0800e734                __cmpsf2
                0x0800e794                __aeabi_cfrcmple
                0x0800e79c                __aeabi_cfcmple
                0x0800e79c                __aeabi_cfcmpeq
                0x0800e7ac                __aeabi_fcmpeq
                0x0800e7c0                __aeabi_fcmplt
                0x0800e7d4                __aeabi_fcmple
                0x0800e7e8                __aeabi_fcmpge
                0x0800e7fc                __aeabi_fcmpgt
 *(.plt)
 *(.gnu.warning)
 *(.glue_7t)
 .glue_7t       0x00000000        0x0 linker stubs
 *(.glue_7)
 .glue_7        0x00000000        0x0 linker stubs
 *(.vfp11_veneer)
 .vfp11_veneer  0x00000000        0x0 linker stubs
 *(.ARM.extab* .gnu.linkonce.armextab.*)
 *(.gcc_except_table)
 *(.eh_frame_hdr)
 *(.eh_frame)
                0x0800e810                . = ALIGN (0x4)
 *(.init)
 .init          0x0800e810        0x4 /home/boris/libmaple/arm/bin/../lib/gcc/arm-none-eabi/4.4.1/thumb2/crti.o
                0x0800e810                _init
 .init          0x0800e814        0x8 /home/boris/libmaple/arm/bin/../lib/gcc/arm-none-eabi/4.4.1/thumb2/crtn.o
                0x0800e81c                . = ALIGN (0x4)
                0x0800e81c                __preinit_array_start = .
 *(.preinit_array)
                0x0800e81c                __preinit_array_end = .
                0x0800e81c                . = ALIGN (0x4)
                0x0800e81c                __init_array_start = .
 *(SORT(.init_array.*))
 *(.init_array)
 .init_array    0x0800e81c        0x4 /home/boris/libmaple/arm/bin/../lib/gcc/arm-none-eabi/4.4.1/thumb2/crtbegin.o
 .init_array    0x0800e820        0x4 build/../LibMaple/wirish/HardwareSerial.o
 .init_array    0x0800e824        0x4 build/../LibMaple/wirish/HardwareTimer.o
 .init_array    0x0800e828        0x4 build/../LibMaple/wirish/usb_serial.o
 .init_array    0x0800e82c        0x4 build/../LibMaple/wirish/boards/maple_mini/board.o
 .init_array    0x0800e830        0x4 build/../LibMaple/libraries/Wire/Wire.o
 .init_array    0x0800e834        0xc build/../LibRobotCampus/terminal.o
 .init_array    0x0800e840       0x48 build/../LibRobotCampus/commands.o
 .init_array    0x0800e888        0x8 build/main.o
 .init_array    0x0800e890        0x4 /home/boris/libmaple/arm/bin/../lib/gcc/arm-none-eabi/4.4.1/../../../../arm-none-eabi/lib/thumb2/libstdc++.a(eh_alloc.o)
                0x0800e894                __init_array_end = .
                0x0800e894                . = ALIGN (0x4)
 *crtbegin.o(.ctors)
 *(EXCLUDE_FILE(*crtend.o) .ctors)
 *(SORT(.ctors.*))
 *crtend.o(.ctors)
                0x0800e894                . = ALIGN (0x4)
 *(.fini)
 .fini          0x0800e894        0x4 /home/boris/libmaple/arm/bin/../lib/gcc/arm-none-eabi/4.4.1/thumb2/crti.o
                0x0800e894                _fini
 .fini          0x0800e898        0x8 /home/boris/libmaple/arm/bin/../lib/gcc/arm-none-eabi/4.4.1/thumb2/crtn.o
                0x0800e8a0                . = ALIGN (0x4)
                0x0800e8a0                __fini_array_start = .
 *(.fini_array)
 .fini_array    0x0800e8a0        0x4 /home/boris/libmaple/arm/bin/../lib/gcc/arm-none-eabi/4.4.1/thumb2/crtbegin.o
 *(SORT(.fini_array.*))
                0x0800e8a4                __fini_array_end = .
 *crtbegin.o(.dtors)
 *(EXCLUDE_FILE(*crtend.o) .dtors)
 *(SORT(.dtors.*))
 *crtend.o(.dtors)

.v4_bx          0x0800e8a4        0x0
 .v4_bx         0x00000000        0x0 linker stubs

.text.align     0x0800e8a4        0x4
                0x0800e8a8                . = ALIGN (0x8)
 *fill*         0x0800e8a4        0x4 00
                0x0800e8a8                __text_end__ = .
                0x0800e8a8                __exidx_start = .

.ARM.exidx      0x0800e8a8        0x8
 *(.ARM.exidx* .gnu.linkonce.armexidx.*)
 .ARM.exidx     0x0800e8a8        0x8 build/../LibMaple/wirish/start.o
 .ARM.exidx.text.__aeabi_atexit
                0x0800e8b0        0x0 /home/boris/libmaple/arm/bin/../lib/gcc/arm-none-eabi/4.4.1/../../../../arm-none-eabi/lib/thumb2/libstdc++.a(atexit_arm.o)
                                  0x8 (size before relaxing)
 .ARM.exidx.text._GLOBAL__I___cxa_allocate_exception
                0x0800e8b0        0x0 /home/boris/libmaple/arm/bin/../lib/gcc/arm-none-eabi/4.4.1/../../../../arm-none-eabi/lib/thumb2/libstdc++.a(eh_alloc.o)
                                  0x8 (size before relaxing)
 .ARM.exidx     0x0800e8b0        0x0 /home/boris/libmaple/arm/bin/../lib/gcc/arm-none-eabi/4.4.1/thumb2/libgcc.a(_divdi3.o)
                                  0x8 (size before relaxing)
 .ARM.exidx     0x0800e8b0        0x0 /home/boris/libmaple/arm/bin/../lib/gcc/arm-none-eabi/4.4.1/thumb2/libgcc.a(_udivdi3.o)
                                  0x8 (size before relaxing)
                0x0800e8b0                __exidx_end = .

.data           0x20000c00     0x1278 load address 0x0800e8b0
                0x20000c00                . = ALIGN (0x8)
                0x20000c00                __data_start__ = .
 *(.got.plt)
 *(.got)
 *(.data .data.* .gnu.linkonce.d.*)
 .data          0x20000c00        0x4 /home/boris/libmaple/arm/bin/../lib/gcc/arm-none-eabi/4.4.1/thumb2/crtbegin.o
                0x20000c00                __dso_handle
 .data.timer3   0x20000c04       0x24 build/../LibMaple/libmaple/timer.o
 .data.timer4   0x20000c28       0x24 build/../LibMaple/libmaple/timer.o
 .data.TIMER1   0x20000c4c        0x4 build/../LibMaple/libmaple/timer.o
                0x20000c4c                TIMER1
 .data.TIMER2   0x20000c50        0x4 build/../LibMaple/libmaple/timer.o
                0x20000c50                TIMER2
 .data.TIMER3   0x20000c54        0x4 build/../LibMaple/libmaple/timer.o
                0x20000c54                TIMER3
 .data.TIMER4   0x20000c58        0x4 build/../LibMaple/libmaple/timer.o
                0x20000c58                TIMER4
 .data.timer1   0x20000c5c       0x28 build/../LibMaple/libmaple/timer.o
 .data.timer2   0x20000c84       0x24 build/../LibMaple/libmaple/timer.o
 .data.USBLIB   0x20000ca8        0x4 build/../LibMaple/libmaple/usb/stm32f1/usb.o
                0x20000ca8                USBLIB
 .data.usblib   0x20000cac       0x10 build/../LibMaple/libmaple/usb/stm32f1/usb.o
 .data.Device_Descriptor
                0x20000cbc        0x8 build/../LibMaple/libmaple/usb/stm32f1/usb_cdcacm.o
 .data.Config_Descriptor
                0x20000cc4        0x8 build/../LibMaple/libmaple/usb/stm32f1/usb_cdcacm.o
 .data.Device_Property
                0x20000ccc       0x30 build/../LibMaple/libmaple/usb/stm32f1/usb_cdcacm.o
                0x20000ccc                Device_Property
 .data.User_Standard_Requests
                0x20000cfc       0x24 build/../LibMaple/libmaple/usb/stm32f1/usb_cdcacm.o
                0x20000cfc                User_Standard_Requests
 .data.ep_int_in
                0x20000d20       0x1c build/../LibMaple/libmaple/usb/stm32f1/usb_cdcacm.o
 .data.ep_int_out
                0x20000d3c       0x1c build/../LibMaple/libmaple/usb/stm32f1/usb_cdcacm.o
 .data.String_Descriptor
                0x20000d58       0x18 build/../LibMaple/libmaple/usb/stm32f1/usb_cdcacm.o
 .data.line_coding
                0x20000d70        0x8 build/../LibMaple/libmaple/usb/stm32f1/usb_cdcacm.o
 .data.Device_Table
                0x20000d78        0x4 build/../LibMaple/libmaple/usb/stm32f1/usb_cdcacm.o
                0x20000d78                Device_Table
 .data.adc1     0x20000d7c        0x8 build/../LibMaple/libmaple/stm32f1/adc.o
 .data.adc2     0x20000d84        0x8 build/../LibMaple/libmaple/stm32f1/adc.o
 .data.ADC1     0x20000d8c        0x4 build/../LibMaple/libmaple/stm32f1/adc.o
                0x20000d8c                ADC1
 .data.ADC2     0x20000d90        0x4 build/../LibMaple/libmaple/stm32f1/adc.o
                0x20000d90                ADC2
 .data.DMA1     0x20000d94        0x4 build/../LibMaple/libmaple/stm32f1/dma.o
                0x20000d94                DMA1
 .data.dma1     0x20000d98       0x40 build/../LibMaple/libmaple/stm32f1/dma.o
 .data.gpioa    0x20000dd8        0x8 build/../LibMaple/libmaple/stm32f1/gpio.o
                0x20000dd8                gpioa
 .data.gpiob    0x20000de0        0x8 build/../LibMaple/libmaple/stm32f1/gpio.o
                0x20000de0                gpiob
 .data.gpioc    0x20000de8        0x8 build/../LibMaple/libmaple/stm32f1/gpio.o
                0x20000de8                gpioc
 .data.gpiod    0x20000df0        0x8 build/../LibMaple/libmaple/stm32f1/gpio.o
                0x20000df0                gpiod
 .data.i2c1     0x20000df8       0x24 build/../LibMaple/libmaple/stm32f1/i2c.o
 .data.i2c2     0x20000e1c       0x24 build/../LibMaple/libmaple/stm32f1/i2c.o
 .data.reset_regs.1599
                0x20000e40        0x8 build/../LibMaple/libmaple/stm32f1/rcc.o
 .data.enable_regs.1595
                0x20000e48        0xc build/../LibMaple/libmaple/stm32f1/rcc.o
 .data.USART1   0x20000e54        0x4 build/../LibMaple/libmaple/stm32f1/usart.o
                0x20000e54                USART1
 .data.USART2   0x20000e58        0x4 build/../LibMaple/libmaple/stm32f1/usart.o
                0x20000e58                USART2
 .data.USART3   0x20000e5c        0x4 build/../LibMaple/libmaple/stm32f1/usart.o
                0x20000e5c                USART3
 .data.usart1   0x20000e60      0x110 build/../LibMaple/libmaple/stm32f1/usart.o
 .data.usart2   0x20000f70      0x110 build/../LibMaple/libmaple/stm32f1/usart.o
 .data.usart3   0x20001080      0x110 build/../LibMaple/libmaple/stm32f1/usart.o
 .data._ZN6wirish4privL8pll_dataE
                0x20001190        0x4 build/../LibMaple/wirish/stm32f1/boards_setup.o
 .data._ZN6wirish4priv9w_adc_smpE
                0x20001194        0x1 build/../LibMaple/wirish/stm32f1/boards_setup.o
                0x20001194                _ZN6wirish4priv9w_adc_smpE
 *fill*         0x20001195        0x1 00
 .data._ZN6wirish4priv9w_adc_preE
                0x20001196        0x2 build/../LibMaple/wirish/stm32f1/boards_setup.o
                0x20001196                _ZN6wirish4priv9w_adc_preE
 .data._ZN6wirish4priv15w_board_pll_cfgE
                0x20001198        0x8 build/../LibMaple/wirish/stm32f1/boards_setup.o
                0x20001198                _ZN6wirish4priv15w_board_pll_cfgE
 .data.PIN_MAP  0x200011a0      0x220 build/../LibMaple/wirish/boards/maple_mini/board.o
                0x200011a0                PIN_MAP
 .data.uxPreviousTask
                0x200013c0        0x4 build/../LibMaple/libraries/FreeRTOS/utility/tasks.o
 .data.terminal_command_definition_help
                0x200013c4        0xc build/../LibRobotCampus/terminal.o
                0x200013c4                terminal_command_definition_help
 .data._ZL18terminal_echo_mode
                0x200013d0        0x1 build/../LibRobotCampus/terminal.o
 *fill*         0x200013d1        0x3 00
 .data.terminal_command_description_echo
                0x200013d4       0x28 build/../LibRobotCampus/terminal.o
                0x200013d4                terminal_command_description_echo
 .data.terminal_command_name_help
                0x200013fc        0x8 build/../LibRobotCampus/terminal.o
                0x200013fc                terminal_command_name_help
 .data.terminal_command_definition_echo
                0x20001404        0xc build/../LibRobotCampus/terminal.o
                0x20001404                terminal_command_definition_echo
 .data.terminal_command_name_echo
                0x20001410        0x8 build/../LibRobotCampus/terminal.o
                0x20001410                terminal_command_name_echo
 .data.terminal_command_description_help
                0x20001418       0x24 build/../LibRobotCampus/terminal.o
                0x20001418                terminal_command_description_help
 .data.terminal_command_description_smooth
                0x2000143c       0x14 build/../LibRobotCampus/commands.o
                0x2000143c                terminal_command_description_smooth
 .data.terminal_command_definition_register
                0x20001450        0xc build/../LibRobotCampus/commands.o
                0x20001450                terminal_command_definition_register
 .data.terminal_command_name_command
                0x2000145c        0x8 build/../LibRobotCampus/commands.o
                0x2000145c                terminal_command_name_command
 .data.terminal_command_name_register
                0x20001464        0xc build/../LibRobotCampus/commands.o
                0x20001464                terminal_command_name_register
 .data.terminal_command_name_dumpcommand
                0x20001470        0xc build/../LibRobotCampus/commands.o
                0x20001470                terminal_command_name_dumpcommand
 .data.terminal_command_description_status
                0x2000147c       0x1c build/../LibRobotCampus/commands.o
                0x2000147c                terminal_command_description_status
 .data.terminal_command_definition_smooth
                0x20001498        0xc build/../LibRobotCampus/commands.o
                0x20001498                terminal_command_definition_smooth
 .data.terminal_command_description_flush
                0x200014a4       0x1c build/../LibRobotCampus/commands.o
                0x200014a4                terminal_command_description_flush
 .data.terminal_command_description_mute
                0x200014c0       0x1c build/../LibRobotCampus/commands.o
                0x200014c0                terminal_command_description_mute
 .data.terminal_command_description_forward
                0x200014dc       0x64 build/../LibRobotCampus/commands.o
                0x200014dc                terminal_command_description_forward
 .data.terminal_command_definition_status
                0x20001540        0xc build/../LibRobotCampus/commands.o
                0x20001540                terminal_command_definition_status
 .data.terminal_command_name_dumpcode
                0x2000154c        0xc build/../LibRobotCampus/commands.o
                0x2000154c                terminal_command_name_dumpcode
 .data.terminal_command_definition_flush
                0x20001558        0xc build/../LibRobotCampus/commands.o
                0x20001558                terminal_command_definition_flush
 .data.terminal_command_name_mute
                0x20001564        0x8 build/../LibRobotCampus/commands.o
                0x20001564                terminal_command_name_mute
 .data.terminal_command_name_flush
                0x2000156c        0x8 build/../LibRobotCampus/commands.o
                0x2000156c                terminal_command_name_flush
 .data.terminal_command_description_position
                0x20001574       0x40 build/../LibRobotCampus/commands.o
                0x20001574                terminal_command_description_position
 .data.terminal_command_description_calibrate_ui
                0x200015b4       0x38 build/../LibRobotCampus/commands.o
                0x200015b4                terminal_command_description_calibrate_ui
 .data.terminal_command_definition_enable
                0x200015ec        0xc build/../LibRobotCampus/commands.o
                0x200015ec                terminal_command_definition_enable
 .data.terminal_command_description_dumpcommand
                0x200015f8       0x2c build/../LibRobotCampus/commands.o
                0x200015f8                terminal_command_description_dumpcommand
 .data.terminal_command_definition_command
                0x20001624        0xc build/../LibRobotCampus/commands.o
                0x20001624                terminal_command_definition_command
 .data.terminal_command_name_calibrate
                0x20001630        0xc build/../LibRobotCampus/commands.o
                0x20001630                terminal_command_name_calibrate
 .data.terminal_command_definition_forward
                0x2000163c        0xc build/../LibRobotCampus/commands.o
                0x2000163c                terminal_command_definition_forward
 .data.terminal_command_description_dumpcode
                0x20001648       0x2c build/../LibRobotCampus/commands.o
                0x20001648                terminal_command_description_dumpcode
 .data.terminal_command_definition_start
                0x20001674        0xc build/../LibRobotCampus/commands.o
                0x20001674                terminal_command_definition_start
 .data.terminal_command_description_command_ui
                0x20001680       0x3c build/../LibRobotCampus/commands.o
                0x20001680                terminal_command_description_command_ui
 .data.terminal_command_name_disable
                0x200016bc        0x8 build/../LibRobotCampus/commands.o
                0x200016bc                terminal_command_name_disable
 .data.terminal_command_description_command
                0x200016c4       0x40 build/../LibRobotCampus/commands.o
                0x200016c4                terminal_command_description_command
 .data.terminal_command_definition_stop
                0x20001704        0xc build/../LibRobotCampus/commands.o
                0x20001704                terminal_command_definition_stop
 .data.terminal_command_description_reset
                0x20001710       0x44 build/../LibRobotCampus/commands.o
                0x20001710                terminal_command_description_reset
 .data.terminal_command_definition_dumpcommand
                0x20001754        0xc build/../LibRobotCampus/commands.o
                0x20001754                terminal_command_definition_dumpcommand
 .data.terminal_command_name_stop
                0x20001760        0x8 build/../LibRobotCampus/commands.o
                0x20001760                terminal_command_name_stop
 .data.terminal_command_definition_disable
                0x20001768        0xc build/../LibRobotCampus/commands.o
                0x20001768                terminal_command_definition_disable
 .data.terminal_command_description_start
                0x20001774       0x18 build/../LibRobotCampus/commands.o
                0x20001774                terminal_command_description_start
 .data.terminal_command_definition_reset
                0x2000178c        0xc build/../LibRobotCampus/commands.o
                0x2000178c                terminal_command_definition_reset
 .data.terminal_command_name_command_ui
                0x20001798        0xc build/../LibRobotCampus/commands.o
                0x20001798                terminal_command_name_command_ui
 .data.terminal_command_definition_calibrate_ui
                0x200017a4        0xc build/../LibRobotCampus/commands.o
                0x200017a4                terminal_command_definition_calibrate_ui
 .data.terminal_command_name_reset
                0x200017b0        0x8 build/../LibRobotCampus/commands.o
                0x200017b0                terminal_command_name_reset
 .data.terminal_command_name_calibrate_ui
                0x200017b8       0x10 build/../LibRobotCampus/commands.o
                0x200017b8                terminal_command_name_calibrate_ui
 .data.terminal_command_definition_mute
                0x200017c8        0xc build/../LibRobotCampus/commands.o
                0x200017c8                terminal_command_definition_mute
 .data.terminal_command_definition_position
                0x200017d4        0xc build/../LibRobotCampus/commands.o
                0x200017d4                terminal_command_definition_position
 .data.terminal_command_name_position
                0x200017e0        0xc build/../LibRobotCampus/commands.o
                0x200017e0                terminal_command_name_position
 .data.terminal_command_description_register
                0x200017ec       0x38 build/../LibRobotCampus/commands.o
                0x200017ec                terminal_command_description_register
 .data.terminal_command_name_forward
                0x20001824        0x8 build/../LibRobotCampus/commands.o
                0x20001824                terminal_command_name_forward
 .data.terminal_command_description_enable
                0x2000182c       0x30 build/../LibRobotCampus/commands.o
                0x2000182c                terminal_command_description_enable
 .data.terminal_command_definition_command_ui
                0x2000185c        0xc build/../LibRobotCampus/commands.o
                0x2000185c                terminal_command_definition_command_ui
 .data.terminal_command_name_smooth
                0x20001868        0x8 build/../LibRobotCampus/commands.o