Archive member included because of file (symbol)

/home/boris/libmaple/arm/bin/../lib/gcc/arm-none-eabi/4.4.1/../../../../arm-none-eabi/lib/thumb2/libstdc++.a(string-inst.o)
                              build/main.o (_ZNKSs6_M_repEv)
/home/boris/libmaple/arm/bin/../lib/gcc/arm-none-eabi/4.4.1/../../../../arm-none-eabi/lib/thumb2/libstdc++.a(eh_arm.o)
                              /home/boris/libmaple/arm/bin/../lib/gcc/arm-none-eabi/4.4.1/../../../../arm-none-eabi/lib/thumb2/libstdc++.a(string-inst.o) (__cxa_end_cleanup)
/home/boris/libmaple/arm/bin/../lib/gcc/arm-none-eabi/4.4.1/../../../../arm-none-eabi/lib/thumb2/libstdc++.a(tinfo.o)
                              /home/boris/libmaple/arm/bin/../lib/gcc/arm-none-eabi/4.4.1/../../../../arm-none-eabi/lib/thumb2/libstdc++.a(eh_arm.o) (_ZNKSt9type_infoeqERKS_)
/home/boris/libmaple/arm/bin/../lib/gcc/arm-none-eabi/4.4.1/../../../../arm-none-eabi/lib/thumb2/libstdc++.a(eh_aux_runtime.o)
                              /home/boris/libmaple/arm/bin/../lib/gcc/arm-none-eabi/4.4.1/../../../../arm-none-eabi/lib/thumb2/libstdc++.a(eh_arm.o) (__cxa_bad_typeid)
/home/boris/libmaple/arm/bin/../lib/gcc/arm-none-eabi/4.4.1/../../../../arm-none-eabi/lib/thumb2/libstdc++.a(fundamental_type_info.o)
                              /home/boris/libmaple/arm/bin/../lib/gcc/arm-none-eabi/4.4.1/../../../../arm-none-eabi/lib/thumb2/libstdc++.a(eh_arm.o) (_ZTIv)
/home/boris/libmaple/arm/bin/../lib/gcc/arm-none-eabi/4.4.1/../../../../arm-none-eabi/lib/thumb2/libstdc++.a(class_type_info.o)
                              /home/boris/libmaple/arm/bin/../lib/gcc/arm-none-eabi/4.4.1/../../../../arm-none-eabi/lib/thumb2/libstdc++.a(tinfo.o) (_ZTVN10__cxxabiv117__class_type_infoE)
/home/boris/libmaple/arm/bin/../lib/gcc/arm-none-eabi/4.4.1/../../../../arm-none-eabi/lib/thumb2/libstdc++.a(eh_exception.o)
                              /home/boris/libmaple/arm/bin/../lib/gcc/arm-none-eabi/4.4.1/../../../../arm-none-eabi/lib/thumb2/libstdc++.a(eh_arm.o) (_ZTIN10__cxxabiv119__foreign_exceptionE)
/home/boris/libmaple/arm/bin/../lib/gcc/arm-none-eabi/4.4.1/../../../../arm-none-eabi/lib/thumb2/libstdc++.a(eh_throw.o)
                              /home/boris/libmaple/arm/bin/../lib/gcc/arm-none-eabi/4.4.1/../../../../arm-none-eabi/lib/thumb2/libstdc++.a(eh_aux_runtime.o) (__cxa_throw)
/home/boris/libmaple/arm/bin/../lib/gcc/arm-none-eabi/4.4.1/../../../../arm-none-eabi/lib/thumb2/libstdc++.a(del_op.o)
                              /home/boris/libmaple/arm/bin/../lib/gcc/arm-none-eabi/4.4.1/../../../../arm-none-eabi/lib/thumb2/libstdc++.a(string-inst.o) (_ZdlPv)
/home/boris/libmaple/arm/bin/../lib/gcc/arm-none-eabi/4.4.1/../../../../arm-none-eabi/lib/thumb2/libstdc++.a(atexit_arm.o)
                              build/../LibMaple/libraries/Wire/Wire.o (__aeabi_atexit)
/home/boris/libmaple/arm/bin/../lib/gcc/arm-none-eabi/4.4.1/../../../../arm-none-eabi/lib/thumb2/libstdc++.a(eh_catch.o)
                              /home/boris/libmaple/arm/bin/../lib/gcc/arm-none-eabi/4.4.1/../../../../arm-none-eabi/lib/thumb2/libstdc++.a(eh_throw.o) (__cxa_begin_catch)
/home/boris/libmaple/arm/bin/../lib/gcc/arm-none-eabi/4.4.1/../../../../arm-none-eabi/lib/thumb2/libstdc++.a(si_class_type_info.o)
                              /home/boris/libmaple/arm/bin/../lib/gcc/arm-none-eabi/4.4.1/../../../../arm-none-eabi/lib/thumb2/libstdc++.a(fundamental_type_info.o) (_ZTVN10__cxxabiv120__si_class_type_infoE)
/home/boris/libmaple/arm/bin/../lib/gcc/arm-none-eabi/4.4.1/../../../../arm-none-eabi/lib/thumb2/libstdc++.a(bad_typeid.o)
                              /home/boris/libmaple/arm/bin/../lib/gcc/arm-none-eabi/4.4.1/../../../../arm-none-eabi/lib/thumb2/libstdc++.a(eh_aux_runtime.o) (_ZNSt10bad_typeidD1Ev)
/home/boris/libmaple/arm/bin/../lib/gcc/arm-none-eabi/4.4.1/../../../../arm-none-eabi/lib/thumb2/libstdc++.a(eh_globals.o)
                              /home/boris/libmaple/arm/bin/../lib/gcc/arm-none-eabi/4.4.1/../../../../arm-none-eabi/lib/thumb2/libstdc++.a(eh_catch.o) (__cxa_get_globals_fast)
/home/boris/libmaple/arm/bin/../lib/gcc/arm-none-eabi/4.4.1/../../../../arm-none-eabi/lib/thumb2/libstdc++.a(new_op.o)
                              /home/boris/libmaple/arm/bin/../lib/gcc/arm-none-eabi/4.4.1/../../../../arm-none-eabi/lib/thumb2/libstdc++.a(string-inst.o) (_Znwj)
/home/boris/libmaple/arm/bin/../lib/gcc/arm-none-eabi/4.4.1/../../../../arm-none-eabi/lib/thumb2/libstdc++.a(eh_personality.o)
                              /home/boris/libmaple/arm/bin/../lib/gcc/arm-none-eabi/4.4.1/../../../../arm-none-eabi/lib/thumb2/libstdc++.a(string-inst.o) (__gxx_personality_v0)
/home/boris/libmaple/arm/bin/../lib/gcc/arm-none-eabi/4.4.1/../../../../arm-none-eabi/lib/thumb2/libstdc++.a(functexcept.o)
                              /home/boris/libmaple/arm/bin/../lib/gcc/arm-none-eabi/4.4.1/../../../../arm-none-eabi/lib/thumb2/libstdc++.a(string-inst.o) (_ZSt20__throw_out_of_rangePKc)
[...]
Memory Configuration

Name             Origin             Length             Attributes
ram              0x20000c00         0x00004400         xrw
rom              0x08005000         0x0001b000         xr
*default*        0x00000000         0xffffffff

Linker script and memory map

LOAD /home/boris/libmaple/arm/bin/../lib/gcc/arm-none-eabi/4.4.1/thumb2/crti.o
LOAD /home/boris/libmaple/arm/bin/../lib/gcc/arm-none-eabi/4.4.1/thumb2/crtbegin.o
START GROUP
LOAD /home/boris/libmaple/arm/bin/../lib/gcc/arm-none-eabi/4.4.1/thumb2/libgcc.a
LOAD /home/boris/libmaple/arm/bin/../lib/gcc/arm-none-eabi/4.4.1/../../../../arm-none-eabi/lib/thumb2/libc.a
LOAD /home/boris/libmaple/arm/bin/../lib/gcc/arm-none-eabi/4.4.1/../../../../arm-none-eabi/lib/thumb2/libm.a
END GROUP
                0x20005000                PROVIDE (__msp_init, 0x20005000)
                0x080075b8                PROVIDE (__exc_reset, __start__)

.text           0x08005000    0x143d4
                0x08005000                __text_start__ = .
 *(.stm32.interrupt_vector)
 .stm32.interrupt_vector
                0x08005000       0xec build/../LibMaple/libmaple/stm32f1/performance/vector_table.o
                0x08005000                __stm32_vector_table
 *(.text .text.* .gnu.linkonce.t.*)
 .text          0x080050ec       0x30 /home/boris/libmaple/arm/bin/../lib/gcc/arm-none-eabi/4.4.1/thumb2/crtbegin.o
 .text.adc_set_extsel
                0x0800511c       0x10 build/../LibMaple/libmaple/adc.o
                0x0800511c                adc_set_extsel
 .text.adc_set_sample_rate
                0x0800512c       0x2e build/../LibMaple/libmaple/adc.o
                0x0800512c                adc_set_sample_rate
 .text.adc_init
                0x0800515a       0x14 build/../LibMaple/libmaple/adc.o
                0x0800515a                adc_init
 *fill*         0x0800516e        0x2 00
 .text.nvic_irq_enable
                0x08005170       0x1c build/../LibMaple/libmaple/exti.o
 .text.exti_do_select
                0x0800518c       0x1c build/../LibMaple/libmaple/exti.o
                0x0800518c                exti_do_select
 .text.__irq_exti0
                0x080051a8       0x20 build/../LibMaple/libmaple/exti.o
                0x080051a8                __irq_exti0
 .text.__irq_exti1
                0x080051c8       0x20 build/../LibMaple/libmaple/exti.o
                0x080051c8                __irq_exti1
 .text.__irq_exti2
                0x080051e8       0x20 build/../LibMaple/libmaple/exti.o
                0x080051e8                __irq_exti2
 .text.__irq_exti3
                0x08005208       0x20 build/../LibMaple/libmaple/exti.o
                0x08005208                __irq_exti3
 .text.__irq_exti4
                0x08005228       0x20 build/../LibMaple/libmaple/exti.o
                0x08005228                __irq_exti4
 .text.__irq_exti9_5
                0x08005248       0x40 build/../LibMaple/libmaple/exti.o
                0x08005248                __irq_exti9_5
 .text.__irq_exti15_10
                0x08005288       0x40 build/../LibMaple/libmaple/exti.o
                0x08005288                __irq_exti15_10
 .text.bb_peri_set_bit
                0x080052c8        0xe build/../LibMaple/libmaple/exti.o
 *fill*         0x080052d6        0x2 00
 .text.exti_attach_callback
                0x080052d8       0xbc build/../LibMaple/libmaple/exti.o
                0x080052d8                exti_attach_callback
 .text.exti_attach_interrupt
                0x08005394        0xc build/../LibMaple/libmaple/exti.o
                0x08005394                exti_attach_interrupt
 .text.flash_set_latency
                0x080053a0       0x14 build/../LibMaple/libmaple/flash.o
                0x080053a0                flash_set_latency
 .text.gpio_init
                0x080053b4       0x14 build/../LibMaple/libmaple/gpio.o
                0x080053b4                gpio_init
 .text.nvic_irq_set_priority
                0x080053c8       0x2c build/../LibMaple/libmaple/nvic.o
                0x080053c8                nvic_irq_set_priority
 .text.nvic_set_vector_table
                0x080053f4       0x14 build/../LibMaple/libmaple/nvic.o
                0x080053f4                nvic_set_vector_table
 .text.nvic_init
                0x08005408       0x24 build/../LibMaple/libmaple/nvic.o
                0x08005408                nvic_init
 .text.nvic_sys_reset
                0x0800542c       0x20 build/../LibMaple/libmaple/nvic.o
                0x0800542c                nvic_sys_reset
 .text.rcc_dev_clk
                0x0800544c        0xc build/../LibMaple/libmaple/rcc.o
                0x0800544c                rcc_dev_clk
 .text.rcc_switch_sysclk
                0x08005458       0x24 build/../LibMaple/libmaple/rcc.o
                0x08005458                rcc_switch_sysclk
 .text.rcc_clk_reg
                0x0800547c        0xc build/../LibMaple/libmaple/rcc.o
 .text.rcc_clk_on_mask
                0x08005488        0xa build/../LibMaple/libmaple/rcc.o
 .text.rcc_turn_on_clk
                0x08005492       0x1a build/../LibMaple/libmaple/rcc.o
                0x08005492                rcc_turn_on_clk
 .text.rcc_turn_off_clk
                0x080054ac       0x1a build/../LibMaple/libmaple/rcc.o
                0x080054ac                rcc_turn_off_clk
 .text.rcc_is_clk_on
                0x080054c6       0x1a build/../LibMaple/libmaple/rcc.o
                0x080054c6                rcc_is_clk_on
 .text.rcc_is_clk_ready
                0x080054e0       0x16 build/../LibMaple/libmaple/rcc.o
                0x080054e0                rcc_is_clk_ready
 *fill*         0x080054f6        0x2 00
 .text.systick_enable
                0x080054f8        0xc build/../LibMaple/libmaple/systick.o
                0x080054f8                systick_enable
 .text.systick_init
                0x08005504        0xc build/../LibMaple/libmaple/systick.o
                0x08005504                systick_init
 .text.__exc_systick
                0x08005510       0x1c build/../LibMaple/libmaple/systick.o
                0x08005510                __exc_systick
 .text.nvic_irq_enable
                0x0800552c       0x1c build/../LibMaple/libmaple/timer.o
 .text.timer_oc_set_mode
                0x08005548       0x38 build/../LibMaple/libmaple/timer.o
 .text.timer_foreach
                0x08005580       0x30 build/../LibMaple/libmaple/timer.o
                0x08005580                timer_foreach
 .text.timer_disable
                0x080055b0       0x12 build/../LibMaple/libmaple/timer.o
                0x080055b0                timer_disable
 *fill*         0x080055c2        0x2 00
 .text.timer_has_cc_channel
                0x080055c4       0x50 build/../LibMaple/libmaple/timer.o
                0x080055c4                timer_has_cc_channel
 .text.timer_init
                0x08005614       0x14 build/../LibMaple/libmaple/timer.o
                0x08005614                timer_init
 .text.bb_perip
                0x08005628        0xc build/../LibMaple/libmaple/timer.o
 .text.timer_attach_interrupt
                0x08005634       0xcc build/../LibMaple/libmaple/timer.o
                0x08005634                timer_attach_interrupt
 .text.timer_disable_irq
                0x08005700       0x10 build/../LibMaple/libmaple/timer.o
 .text.timer_detach_interrupt
                0x08005710       0x14 build/../LibMaple/libmaple/timer.o
                0x08005710                timer_detach_interrupt
 .text.timer_cc_enable
                0x08005724       0x14 build/../LibMaple/libmaple/timer.o
 .text.timer_set_mode
                0x08005738       0x90 build/../LibMaple/libmaple/timer.o
                0x08005738                timer_set_mode
 .text.usart_enable
                0x080057c8       0x10 build/../LibMaple/libmaple/usart.o
                0x080057c8                usart_enable
 .text.usart_disable
                0x080057d8       0x22 build/../LibMaple/libmaple/usart.o
                0x080057d8                usart_disable
 .text.usart_tx
                0x080057fa       0x1c build/../LibMaple/libmaple/usart.o
                0x080057fa                usart_tx
 .text.usart_putudec
                0x08005816       0x44 build/../LibMaple/libmaple/usart.o
                0x08005816                usart_putudec
 *fill*         0x0800585a        0x2 00
 .text.usart_init
                0x0800585c       0x44 build/../LibMaple/libmaple/usart.o
                0x0800585c                usart_init
 .text._usart_clock_freq
                0x080058a0       0x24 build/../LibMaple/libmaple/usart_private.o
                0x080058a0                _usart_clock_freq
 .text.usart_putc
                0x080058c4       0x1a build/../LibMaple/libmaple/util.o
 .text.usart_putstr
                0x080058de       0x1a build/../LibMaple/libmaple/util.o
 .text.T.10     0x080058f8       0x16 build/../LibMaple/libmaple/util.o
 *fill*         0x0800590e        0x2 00
 .text.throb    0x08005910       0x4c build/../LibMaple/libmaple/util.o
                0x08005910                throb
 .text.__error  0x0800595c       0x14 build/../LibMaple/libmaple/util.o
                0x0800595c                __error
 .text.abort    0x08005970       0x1c build/../LibMaple/libmaple/util.o
                0x08005970                abort
 .text._fail    0x0800598c       0x64 build/../LibMaple/libmaple/util.o
                0x0800598c                _fail
 .text.i2c_start_condition
                0x080059f0       0x14 build/../LibMaple/libmaple/i2c.o
 .text.i2c_stop_condition
                0x08005a04       0x1c build/../LibMaple/libmaple/i2c.o
 .text.i2c_disable_irq
                0x08005a20        0xc build/../LibMaple/libmaple/i2c.o
 .text.i2c_disable_ack
                0x08005a2c        0xc build/../LibMaple/libmaple/i2c.o
 .text.i2c_write
                0x08005a38        0x6 build/../LibMaple/libmaple/i2c.o
 .text._i2c_irq_error_handler
                0x08005a3e       0x2c build/../LibMaple/libmaple/i2c.o
                0x08005a3e                _i2c_irq_error_handler
 .text.i2c_enable_irq
                0x08005a6a       0x14 build/../LibMaple/libmaple/i2c.o
 *fill*         0x08005a7e        0x2 00
 .text._i2c_irq_handler
                0x08005a80      0x170 build/../LibMaple/libmaple/i2c.o
                0x08005a80                _i2c_irq_handler
 .text          0x08005bf0       0x60 build/../LibMaple/libmaple/exc.o
                0x08005bf0                __exc_nmi
                0x08005bf4                __exc_hardfault
                0x08005bf8                __exc_memmanage
                0x08005bfc                __exc_busfault
                0x08005c00                __exc_usagefault
 .text.usb_clear_ctr_rx
                0x08005c50       0x18 build/../LibMaple/libmaple/usb/stm32f1/usb.o
 .text.usb_clear_ctr_tx
                0x08005c68       0x18 build/../LibMaple/libmaple/usb/stm32f1/usb.o
 .text.usb_resume_init
                0x08005c80       0x1c build/../LibMaple/libmaple/usb/stm32f1/usb.o
 .text.usb_resume
                0x08005c9c       0x90 build/../LibMaple/libmaple/usb/stm32f1/usb.o
 .text.handle_in0
                0x08005d2c        0x4 build/../LibMaple/libmaple/usb/stm32f1/usb.o
 .text.usb_init_usblib
                0x08005d30       0x48 build/../LibMaple/libmaple/usb/stm32f1/usb.o
                0x08005d30                usb_init_usblib
 .text.set_rx_tx_status0
                0x08005d78       0x38 build/../LibMaple/libmaple/usb/stm32f1/usb.o
 .text.__irq_usb_lp_can_rx0
                0x08005db0      0x198 build/../LibMaple/libmaple/usb/stm32f1/usb.o
                0x08005db0                __irq_usb_lp_can_rx0
 .text.usb_pma_ptr
                0x08005f48        0xc build/../LibMaple/libmaple/usb/stm32f1/usb_reg_map.o
 .text.usb_copy_to_pma
                0x08005f54       0x44 build/../LibMaple/libmaple/usb/stm32f1/usb_reg_map.o
                0x08005f54                usb_copy_to_pma
 .text.usb_copy_from_pma
                0x08005f98       0x30 build/../LibMaple/libmaple/usb/stm32f1/usb_reg_map.o
                0x08005f98                usb_copy_from_pma
 .text.usb_set_ep_rx_count
                0x08005fc8       0x40 build/../LibMaple/libmaple/usb/stm32f1/usb_reg_map.o
                0x08005fc8                usb_set_ep_rx_count
 .text.gpio_write_bit
                0x08006008       0x18 build/../LibMaple/libmaple/usb/stm32f1/usb_cdcacm.o
 .text.usb_set_ep_rx_stat
                0x08006020       0x24 build/../LibMaple/libmaple/usb/stm32f1/usb_cdcacm.o
 .text.usb_set_ep_tx_stat
                0x08006044       0x24 build/../LibMaple/libmaple/usb/stm32f1/usb_cdcacm.o
 .text.usb_set_ep_type
                0x08006068       0x1c build/../LibMaple/libmaple/usb/stm32f1/usb_cdcacm.o
 .text.usb_btable_ptr
                0x08006084       0x18 build/../LibMaple/libmaple/usb/stm32f1/usb_cdcacm.o
 .text.usb_set_ep_tx_addr
                0x0800609c       0x12 build/../LibMaple/libmaple/usb/stm32f1/usb_cdcacm.o
 .text.usb_set_ep_rx_addr
                0x080060ae       0x14 build/../LibMaple/libmaple/usb/stm32f1/usb_cdcacm.o
 *fill*         0x080060c2        0x2 00
 .text.usb_cdcacm_set_hooks
                0x080060c4       0x20 build/../LibMaple/libmaple/usb/stm32f1/usb_cdcacm.o
                0x080060c4                usb_cdcacm_set_hooks
 .text.usb_cdcacm_data_available
                0x080060e4        0xc build/../LibMaple/libmaple/usb/stm32f1/usb_cdcacm.o
                0x080060e4                usb_cdcacm_data_available
 .text.usb_cdcacm_peek
                0x080060f0       0x34 build/../LibMaple/libmaple/usb/stm32f1/usb_cdcacm.o
                0x080060f0                usb_cdcacm_peek
 .text.usb_cdcacm_get_dtr
                0x08006124       0x10 build/../LibMaple/libmaple/usb/stm32f1/usb_cdcacm.o
                0x08006124                usb_cdcacm_get_dtr
 .text.vcomDataTxCb
                0x08006134        0xc build/../LibMaple/libmaple/usb/stm32f1/usb_cdcacm.o
 .text.vcomGetSetLineCoding
                0x08006140       0x18 build/../LibMaple/libmaple/usb/stm32f1/usb_cdcacm.o
 .text.usbDataSetup
                0x08006158       0x5c build/../LibMaple/libmaple/usb/stm32f1/usb_cdcacm.o
 .text.usbNoDataSetup
                0x080061b4       0x4c build/../LibMaple/libmaple/usb/stm32f1/usb_cdcacm.o
 .text.usbGetInterfaceSetting
                0x08006200        0xe build/../LibMaple/libmaple/usb/stm32f1/usb_cdcacm.o
 *fill*         0x0800620e        0x2 00
 .text.usbSetConfiguration
                0x08006210       0x1c build/../LibMaple/libmaple/usb/stm32f1/usb_cdcacm.o
 .text.usbSetDeviceAddress
                0x0800622c       0x10 build/../LibMaple/libmaple/usb/stm32f1/usb_cdcacm.o
 .text.usbGetStringDescriptor
                0x0800623c       0x20 build/../LibMaple/libmaple/usb/stm32f1/usb_cdcacm.o
 .text.usbGetConfigDescriptor
                0x0800625c        0xc build/../LibMaple/libmaple/usb/stm32f1/usb_cdcacm.o
 .text.usbGetDeviceDescriptor
                0x08006268        0xc build/../LibMaple/libmaple/usb/stm32f1/usb_cdcacm.o
 .text.usb_cdcacm_rx
                0x08006274       0x3c build/../LibMaple/libmaple/usb/stm32f1/usb_cdcacm.o
                0x08006274                usb_cdcacm_rx
 .text.usb_cdcacm_enable
                0x080062b0       0x34 build/../LibMaple/libmaple/usb/stm32f1/usb_cdcacm.o
                0x080062b0                usb_cdcacm_enable
 .text.usbInit  0x080062e4       0x44 build/../LibMaple/libmaple/usb/stm32f1/usb_cdcacm.o
 .text.vcomDataRxCb
                0x08006328       0x64 build/../LibMaple/libmaple/usb/stm32f1/usb_cdcacm.o
 .text.usbReset
                0x0800638c       0xfc build/../LibMaple/libmaple/usb/stm32f1/usb_cdcacm.o
 .text.usb_cdcacm_tx
                0x08006488       0x40 build/../LibMaple/libmaple/usb/stm32f1/usb_cdcacm.o
                0x08006488                usb_cdcacm_tx
 .text.Standard_GetConfiguration
                0x080064c8       0x28 build/../LibMaple/libmaple/usb/usb_lib/usb_core.o
                0x080064c8                Standard_GetConfiguration
 .text.Standard_SetConfiguration
                0x080064f0       0x38 build/../LibMaple/libmaple/usb/usb_lib/usb_core.o
                0x080064f0                Standard_SetConfiguration
 .text.Standard_GetInterface
                0x08006528       0x28 build/../LibMaple/libmaple/usb/usb_lib/usb_core.o
                0x08006528                Standard_GetInterface
 .text.Standard_SetInterface
                0x08006550       0x48 build/../LibMaple/libmaple/usb/usb_lib/usb_core.o
                0x08006550                Standard_SetInterface
 .text.Standard_GetStatus
                0x08006598       0xa4 build/../LibMaple/libmaple/usb/usb_lib/usb_core.o
                0x08006598                Standard_GetStatus
 .text.Standard_SetEndPointFeature
                0x0800663c       0x84 build/../LibMaple/libmaple/usb/usb_lib/usb_core.o
                0x0800663c                Standard_SetEndPointFeature
 .text.Standard_SetDeviceFeature
                0x080066c0       0x24 build/../LibMaple/libmaple/usb/usb_lib/usb_core.o
                0x080066c0                Standard_SetDeviceFeature
 .text.Standard_GetDescriptorData
                0x080066e4       0x1c build/../LibMaple/libmaple/usb/usb_lib/usb_core.o
                0x080066e4                Standard_GetDescriptorData
 .text.SetDeviceAddress
                0x08006700       0x44 build/../LibMaple/libmaple/usb/usb_lib/usb_core.o
                0x08006700                SetDeviceAddress
 .text.NOP_Process
                0x08006744        0x2 build/../LibMaple/libmaple/usb/usb_lib/usb_core.o
                0x08006744                NOP_Process
 *fill*         0x08006746        0x2 00
 .text.Post0_Process
                0x08006748       0x44 build/../LibMaple/libmaple/usb/usb_lib/usb_core.o
                0x08006748                Post0_Process
 .text.Out0_Process
                0x0800678c       0xd4 build/../LibMaple/libmaple/usb/usb_lib/usb_core.o
                0x0800678c                Out0_Process
 .text.DataStageIn
                0x08006860       0xac build/../LibMaple/libmaple/usb/usb_lib/usb_core.o
 .text.In0_Process
                0x0800690c       0x60 build/../LibMaple/libmaple/usb/usb_lib/usb_core.o
                0x0800690c                In0_Process
 .text.Standard_ClearFeature
                0x0800696c       0xd4 build/../LibMaple/libmaple/usb/usb_lib/usb_core.o
                0x0800696c                Standard_ClearFeature
 .text.Setup0_Process
                0x08006a40      0x304 build/../LibMaple/libmaple/usb/usb_lib/usb_core.o
                0x08006a40                Setup0_Process
 .text.UserToPMABufferCopy
                0x08006d44       0x2e build/../LibMaple/libmaple/usb/usb_lib/usb_mem.o
                0x08006d44                UserToPMABufferCopy
 .text.PMAToUserBufferCopy
                0x08006d72       0x24 build/../LibMaple/libmaple/usb/usb_lib/usb_mem.o
                0x08006d72                PMAToUserBufferCopy
 .text.SetEPTxStatus
                0x08006d96       0x2c build/../LibMaple/libmaple/usb/usb_lib/usb_regs.o
                0x08006d96                SetEPTxStatus
 .text.ClearDTOG_RX
                0x08006dc2       0x24 build/../LibMaple/libmaple/usb/usb_lib/usb_regs.o
                0x08006dc2                ClearDTOG_RX
 .text.ClearDTOG_TX
                0x08006de6       0x24 build/../LibMaple/libmaple/usb/usb_lib/usb_regs.o
                0x08006de6                ClearDTOG_TX
 *fill*         0x08006e0a        0x2 00
 .text.GetEPTxAddr
                0x08006e0c       0x1c build/../LibMaple/libmaple/usb/usb_lib/usb_regs.o
                0x08006e0c                GetEPTxAddr
 .text.GetEPRxAddr
                0x08006e28       0x1c build/../LibMaple/libmaple/usb/usb_lib/usb_regs.o
                0x08006e28                GetEPRxAddr
 .text.SetEPTxCount
                0x08006e44       0x1c build/../LibMaple/libmaple/usb/usb_lib/usb_regs.o
                0x08006e44                SetEPTxCount
 .text.SetEPRxCount
                0x08006e60       0x40 build/../LibMaple/libmaple/usb/usb_lib/usb_regs.o
                0x08006e60                SetEPRxCount
 .text.ByteSwap
                0x08006ea0        0xa build/../LibMaple/libmaple/usb/usb_lib/usb_regs.o
                0x08006ea0                ByteSwap
 .text          0x08006eaa        0x2 build/../LibMaple/libmaple/stm32f1/performance/isrs.o
                0x08006eaa                __stm32reservedexception9
                0x08006eaa                __exc_debug_monitor
                0x08006eaa                __irq_adc
                0x08006eaa                __irq_can_rx1
                0x08006eaa                __irq_spi2
                0x08006eaa                __irq_can_sce
                0x08006eaa                __irq_pvd
                0x08006eaa                __irq_tamper
                0x08006eaa                __default_handler
                0x08006eaa                __irq_wwdg
                0x08006eaa                __stm32reservedexception10
                0x08006eaa                __irq_flash
                0x08006eaa                __stm32reservedexception13
                0x08006eaa                __irq_rtc
                0x08006eaa                __irq_spi1
                0x08006eaa                __stm32reservedexception7
                0x08006eaa                __irq_usb_hp_can_tx
                0x08006eaa                __irq_rtcalarm
                0x08006eaa                __stm32reservedexception8
                0x08006eaa                __irq_usbwakeup
                0x08006eaa                __irq_rcc
 .text.adc_foreach
                0x08006eac       0x1c build/../LibMaple/libmaple/stm32f1/adc.o
                0x08006eac                adc_foreach
 .text.adc_set_prescaler
                0x08006ec8        0x8 build/../LibMaple/libmaple/stm32f1/adc.o
                0x08006ec8                adc_set_prescaler
 .text.bb_perip
                0x08006ed0        0xc build/../LibMaple/libmaple/stm32f1/adc.o
 .text.adc_calibrate
                0x08006edc       0x2e build/../LibMaple/libmaple/stm32f1/adc.o
                0x08006edc                adc_calibrate
 .text.adc_enable_single_swstart
                0x08006f0a       0x36 build/../LibMaple/libmaple/stm32f1/adc.o
                0x08006f0a                adc_enable_single_swstart
 .text.dma_clear_isr_bits
                0x08006f40       0x10 build/../LibMaple/libmaple/stm32f1/dma.o
 .text.__irq_dma1_channel1
                0x08006f50       0x20 build/../LibMaple/libmaple/stm32f1/dma.o
                0x08006f50                __irq_dma1_channel1
 .text.__irq_dma1_channel2
                0x08006f70       0x20 build/../LibMaple/libmaple/stm32f1/dma.o
                0x08006f70                __irq_dma1_channel2
 .text.__irq_dma1_channel3
                0x08006f90       0x20 build/../LibMaple/libmaple/stm32f1/dma.o
                0x08006f90                __irq_dma1_channel3
 .text.__irq_dma1_channel4
                0x08006fb0       0x20 build/../LibMaple/libmaple/stm32f1/dma.o
                0x08006fb0                __irq_dma1_channel4
 .text.__irq_dma1_channel5
                0x08006fd0       0x20 build/../LibMaple/libmaple/stm32f1/dma.o
                0x08006fd0                __irq_dma1_channel5
 .text.__irq_dma1_channel6
                0x08006ff0       0x20 build/../LibMaple/libmaple/stm32f1/dma.o
                0x08006ff0                __irq_dma1_channel6
 .text.__irq_dma1_channel7
                0x08007010       0x20 build/../LibMaple/libmaple/stm32f1/dma.o
                0x08007010                __irq_dma1_channel7
 .text.exti_select
                0x08007030       0x18 build/../LibMaple/libmaple/stm32f1/exti.o
                0x08007030                exti_select
 .text.gpio_set_mode
                0x08007048       0x56 build/../LibMaple/libmaple/stm32f1/gpio.o
                0x08007048                gpio_set_mode
 .text.afio_init
                0x0800709e       0x12 build/../LibMaple/libmaple/stm32f1/gpio.o
                0x0800709e                afio_init
 .text.gpio_init_all
                0x080070b0       0x30 build/../LibMaple/libmaple/stm32f1/gpio.o
                0x080070b0                gpio_init_all
 .text._i2c_irq_priority_fixup
                0x080070e0       0x1c build/../LibMaple/libmaple/stm32f1/i2c.o
                0x080070e0                _i2c_irq_priority_fixup
 .text.__irq_i2c2_er
                0x080070fc        0xc build/../LibMaple/libmaple/stm32f1/i2c.o
                0x080070fc                __irq_i2c2_er
 .text.__irq_i2c1_er
                0x08007108        0xc build/../LibMaple/libmaple/stm32f1/i2c.o
                0x08007108                __irq_i2c1_er
 .text.__irq_i2c2_ev
                0x08007114        0xc build/../LibMaple/libmaple/stm32f1/i2c.o
                0x08007114                __irq_i2c2_ev
 .text.__irq_i2c1_ev
                0x08007120        0xc build/../LibMaple/libmaple/stm32f1/i2c.o
                0x08007120                __irq_i2c1_ev
 .text.rcc_configure_pll
                0x0800712c       0x38 build/../LibMaple/libmaple/stm32f1/rcc.o
                0x0800712c                rcc_configure_pll
 .text.rcc_set_prescaler
                0x08007164       0x20 build/../LibMaple/libmaple/stm32f1/rcc.o
                0x08007164                rcc_set_prescaler
 .text.bb_peri_set_bit
                0x08007184        0xe build/../LibMaple/libmaple/stm32f1/rcc.o
 *fill*         0x08007192        0x2 00
 .text.rcc_clk_enable
                0x08007194       0x28 build/../LibMaple/libmaple/stm32f1/rcc.o
                0x08007194                rcc_clk_enable
 .text.rcc_reset_dev
                0x080071bc       0x38 build/../LibMaple/libmaple/stm32f1/rcc.o
                0x080071bc                rcc_reset_dev
 .text.__irq_tim1_brk
                0x080071f4       0x2c build/../LibMaple/libmaple/stm32f1/timer.o
                0x080071f4                __irq_tim1_brk
 .text.__irq_tim1_up
                0x08007220       0x2c build/../LibMaple/libmaple/stm32f1/timer.o
                0x08007220                __irq_tim1_up
 .text.__irq_tim1_trg_com
                0x0800724c       0x40 build/../LibMaple/libmaple/stm32f1/timer.o
                0x0800724c                __irq_tim1_trg_com
 .text.__irq_tim1_cc
                0x0800728c       0x60 build/../LibMaple/libmaple/stm32f1/timer.o
                0x0800728c                __irq_tim1_cc
 .text.__irq_tim2
                0x080072ec       0x8c build/../LibMaple/libmaple/stm32f1/timer.o
                0x080072ec                __irq_tim2
 .text.__irq_tim3
                0x08007378       0x8c build/../LibMaple/libmaple/stm32f1/timer.o
                0x08007378                __irq_tim3
 .text.__irq_tim4
                0x08007404       0x8c build/../LibMaple/libmaple/stm32f1/timer.o
                0x08007404                __irq_tim4
 .text.rb_push_insert
                0x08007490       0x52 build/../LibMaple/libmaple/stm32f1/usart.o
 *fill*         0x080074e2        0x2 00
 .text.usart_foreach
                0x080074e4       0x24 build/../LibMaple/libmaple/stm32f1/usart.o
                0x080074e4                usart_foreach
 .text.__irq_usart1
                0x08007508       0x14 build/../LibMaple/libmaple/stm32f1/usart.o
                0x08007508                __irq_usart1
 .text.__irq_usart2
                0x0800751c       0x14 build/../LibMaple/libmaple/stm32f1/usart.o
                0x0800751c                __irq_usart2
 .text.__irq_usart3
                0x08007530       0x14 build/../LibMaple/libmaple/stm32f1/usart.o
                0x08007530                __irq_usart3
 .text.usart_set_baud_rate
                0x08007544       0x54 build/../LibMaple/libmaple/stm32f1/usart.o
                0x08007544                usart_set_baud_rate
 .text.usart_config_gpios_async
                0x08007598       0x20 build/../LibMaple/libmaple/stm32f1/usart.o
                0x08007598                usart_config_gpios_async
 .text          0x080075b8       0x10 build/../LibMaple/wirish/start.o
                0x080075b8                __start__
 .text.start_c  0x080075c8       0x64 build/../LibMaple/wirish/start_c.o
                0x080075c8                start_c
 .text._close   0x0800762c        0x4 build/../LibMaple/wirish/syscalls.o
                0x0800762c                _close
 .text._fstat   0x08007630        0xa build/../LibMaple/wirish/syscalls.o
                0x08007630                _fstat
 .text._isatty  0x0800763a        0x4 build/../LibMaple/wirish/syscalls.o
                0x0800763a                _isatty
 .text._lseek   0x0800763e        0x6 build/../LibMaple/wirish/syscalls.o
                0x0800763e                _lseek
 .text.getch    0x08007644        0x4 build/../LibMaple/wirish/syscalls.o
                0x08007644                getch
 .text._read    0x08007648        0xe build/../LibMaple/wirish/syscalls.o
                0x08007648                _read
 .text.putch    0x08007656        0x2 build/../LibMaple/wirish/syscalls.o
                0x08007656                putch
 .text._write   0x08007658       0x1a build/../LibMaple/wirish/syscalls.o
                0x08007658                _write
 *fill*         0x08007672        0x2 00
 .text._sbrk    0x08007674       0x44 build/../LibMaple/wirish/syscalls.o
                0x08007674                _sbrk
 .text.nvic_irq_enable
                0x080076b8       0x1c build/../LibMaple/wirish/stm32f1/util_hooks.o
 .text.__lm_enable_error_usart
                0x080076d4       0x30 build/../LibMaple/wirish/stm32f1/util_hooks.o
                0x080076d4                __lm_enable_error_usart
 .text.__lm_error
                0x08007704       0x44 build/../LibMaple/wirish/stm32f1/util_hooks.o
                0x08007704                __lm_error
 .text.adc_disable
                0x08007748       0x12 build/../LibMaple/wirish/stm32f1/util_hooks.o
 *fill*         0x0800775a        0x2 00
 .text._ZL18adc_default_configPK7adc_dev
                0x0800775c       0x1c build/../LibMaple/wirish/boards.o
 .text._Z4initv
                0x08007778       0xc0 build/../LibMaple/wirish/boards.o
                0x08007778                _Z4initv
 .text.T.10     0x08007838        0x8 build/../LibMaple/wirish/boards.o
 .text._ZL20timer_default_configP9timer_dev
                0x08007840       0xa2 build/../LibMaple/wirish/boards.o
 .text.__cxa_pure_virtual
                0x080078e2        0x2 build/../LibMaple/wirish/cxxabi-compat.o
                0x080078e2                __cxa_pure_virtual
 .text.gpio_exti_port
                0x080078e4        0x8 build/../LibMaple/wirish/ext_interrupts.o
 .text._ZL13exti_out_mode17ExtIntTriggerMode
                0x080078ec       0x28 build/../LibMaple/wirish/ext_interrupts.o
 .text._Z15attachInterrupthPFvvE17ExtIntTriggerMode
                0x08007914       0x3c build/../LibMaple/wirish/ext_interrupts.o
                0x08007914                _Z15attachInterrupthPFvvE17ExtIntTriggerMode
 .text._ZN5PrintC2Ev
                0x08007950        0xc build/../LibMaple/wirish/HardwareSerial.o
                0x08007950                _ZN5PrintC2Ev
 .text._ZN4ReadC2Ev
                0x0800795c        0xc build/../LibMaple/wirish/HardwareSerial.o
                0x0800795c                _ZN4ReadC2Ev
 .text._ZN6SerialC2Ev
                0x08007968       0x20 build/../LibMaple/wirish/HardwareSerial.o
                0x08007968                _ZN6SerialC2Ev
 .text._ZN14HardwareSerialC1EP9usart_devhh
                0x08007988       0x28 build/../LibMaple/wirish/HardwareSerial.o
                0x08007988                _ZN14HardwareSerialC1EP9usart_devhh
 .text._ZThn4_N14HardwareSerial4readEv
                0x080079b0        0x8 build/../LibMaple/wirish/HardwareSerial.o
                0x080079b0                _ZThn4_N14HardwareSerial4readEv
 .text._ZN14HardwareSerial4readEv
                0x080079b8       0x2c build/../LibMaple/wirish/HardwareSerial.o
                0x080079b8                _ZN14HardwareSerial4readEv
 .text._ZThn4_N14HardwareSerial9availableEv
                0x080079e4        0x8 build/../LibMaple/wirish/HardwareSerial.o
                0x080079e4                _ZThn4_N14HardwareSerial9availableEv
 .text._ZN14HardwareSerial9availableEv
                0x080079ec       0x22 build/../LibMaple/wirish/HardwareSerial.o
                0x080079ec                _ZN14HardwareSerial9availableEv
 .text._ZN14HardwareSerial5writeEh
                0x08007a0e       0x1a build/../LibMaple/wirish/HardwareSerial.o
                0x08007a0e                _ZN14HardwareSerial5writeEh
 .text._ZN14HardwareSerial5beginEj
                0x08007a28       0x88 build/../LibMaple/wirish/HardwareSerial.o
                0x08007a28                _ZN14HardwareSerial5beginEj
 .text._GLOBAL__I_Serial1
                0x08007ab0       0x48 build/../LibMaple/wirish/HardwareSerial.o
 .text.set_this_dev
                0x08007af8       0x1c build/../LibMaple/wirish/HardwareTimer.o
 .text._ZN13HardwareTimer17setPrescaleFactorEj
                0x08007b14        0xc build/../LibMaple/wirish/HardwareTimer.o
                0x08007b14                _ZN13HardwareTimer17setPrescaleFactorEj
 .text._ZN13HardwareTimer11setOverflowEt
                0x08007b20        0x8 build/../LibMaple/wirish/HardwareTimer.o
                0x08007b20                _ZN13HardwareTimer11setOverflowEt
 .text._ZN13HardwareTimer10setCompareEit
                0x08007b28       0x1a build/../LibMaple/wirish/HardwareTimer.o
                0x08007b28                _ZN13HardwareTimer10setCompareEit
 .text._ZN13HardwareTimer15attachInterruptEiPFvvE
                0x08007b42        0x8 build/../LibMaple/wirish/HardwareTimer.o
                0x08007b42                _ZN13HardwareTimer15attachInterruptEiPFvvE
 .text._ZN13HardwareTimer7setModeEi10timer_mode
                0x08007b4a        0x8 build/../LibMaple/wirish/HardwareTimer.o
                0x08007b4a                _ZN13HardwareTimer7setModeEi10timer_mode
 *fill*         0x08007b52        0x2 00
 .text._ZN13HardwareTimerC1Eh
                0x08007b54       0x44 build/../LibMaple/wirish/HardwareTimer.o
                0x08007b54                _ZN13HardwareTimerC1Eh
 .text._GLOBAL__I__ZN13HardwareTimerC2Eh
                0x08007b98       0x38 build/../LibMaple/wirish/HardwareTimer.o
 .text.T.10     0x08007bd0        0x8 build/../LibMaple/wirish/HardwareTimer.o
 .text._ZN13HardwareTimer7refreshEv
                0x08007bd8       0x12 build/../LibMaple/wirish/HardwareTimer.o
                0x08007bd8                _ZN13HardwareTimer7refreshEv
 .text._ZN13HardwareTimer6resumeEv
                0x08007bea       0x10 build/../LibMaple/wirish/HardwareTimer.o
                0x08007bea                _ZN13HardwareTimer6resumeEv
 .text._ZN13HardwareTimer5pauseEv
                0x08007bfa       0x10 build/../LibMaple/wirish/HardwareTimer.o
                0x08007bfa                _ZN13HardwareTimer5pauseEv
 .text._ZN5Print5writeEPKc
                0x08007c0a       0x1c build/../LibMaple/wirish/Print.o
                0x08007c0a                _ZN5Print5writeEPKc
 .text._ZN5Print5writeEPKvj
                0x08007c26       0x20 build/../LibMaple/wirish/Print.o
                0x08007c26                _ZN5Print5writeEPKvj
 .text._ZN5Print5printEc
                0x08007c46        0xa build/../LibMaple/wirish/Print.o
                0x08007c46                _ZN5Print5printEc
 .text._ZN5Print5printEPKc
                0x08007c50        0xa build/../LibMaple/wirish/Print.o
                0x08007c50                _ZN5Print5printEPKc
 .text._ZN5Print7printlnEv
                0x08007c5a       0x16 build/../LibMaple/wirish/Print.o
                0x08007c5a                _ZN5Print7printlnEv
 .text._ZN5Print7printlnEPKc
                0x08007c70       0x12 build/../LibMaple/wirish/Print.o
                0x08007c70                _ZN5Print7printlnEPKc
 .text._ZN5Print11printNumberEyh
                0x08007c82       0x7c build/../LibMaple/wirish/Print.o
                0x08007c82                _ZN5Print11printNumberEyh
 .text._ZN5Print5printEyi
                0x08007cfe       0x1e build/../LibMaple/wirish/Print.o
                0x08007cfe                _ZN5Print5printEyi
 .text._ZN5Print5printEhi
                0x08007d1c       0x12 build/../LibMaple/wirish/Print.o
                0x08007d1c                _ZN5Print5printEhi
 .text._ZN5Print7printlnEhi
                0x08007d2e       0x12 build/../LibMaple/wirish/Print.o
                0x08007d2e                _ZN5Print7printlnEhi
 .text._ZN5Print5printExi
                0x08007d40       0x40 build/../LibMaple/wirish/Print.o
                0x08007d40                _ZN5Print5printExi
 .text._ZN5Print5printEii
                0x08007d80       0x10 build/../LibMaple/wirish/Print.o
                0x08007d80                _ZN5Print5printEii
 .text._ZN5Print7printlnEii
                0x08007d90       0x12 build/../LibMaple/wirish/Print.o
                0x08007d90                _ZN5Print7printlnEii
 *fill*         0x08007da2        0x6 00
 .text._ZN5Print10printFloatEdh
                0x08007da8      0x150 build/../LibMaple/wirish/Print.o
                0x08007da8                _ZN5Print10printFloatEdh
 .text._ZN5Print5printEdi
                0x08007ef8        0xa build/../LibMaple/wirish/Print.o
                0x08007ef8                _ZN5Print5printEdi
 .text._ZN5Print7printlnEdi
                0x08007f02       0x18 build/../LibMaple/wirish/Print.o
                0x08007f02                _ZN5Print7printlnEdi
 *fill*         0x08007f1a        0x2 00
 .text._Z8pwmWriteht
                0x08007f1c       0x38 build/../LibMaple/wirish/pwm.o
                0x08007f1c                _Z8pwmWriteht
 .text._ZN9USBSerialC1Ev
                0x08007f54       0x1c build/../LibMaple/wirish/usb_serial.o
                0x08007f54                _ZN9USBSerialC1Ev
 .text._ZN9USBSerial5writeEh
                0x08007f70       0x14 build/../LibMaple/wirish/usb_serial.o
                0x08007f70                _ZN9USBSerial5writeEh
 .text._ZN9USBSerial11isConnectedEv
                0x08007f84       0x18 build/../LibMaple/wirish/usb_serial.o
                0x08007f84                _ZN9USBSerial11isConnectedEv
 .text._ZL14ifaceSetupHookjPv
                0x08007f9c       0x40 build/../LibMaple/wirish/usb_serial.o
 .text._ZN9USBSerial4readEPvj
                0x08007fdc       0x22 build/../LibMaple/wirish/usb_serial.o
                0x08007fdc                _ZN9USBSerial4readEPvj
 .text._ZThn4_N9USBSerial4readEv
                0x08007ffe        0x8 build/../LibMaple/wirish/usb_serial.o
                0x08007ffe                _ZThn4_N9USBSerial4readEv
 .text._ZN9USBSerial4readEv
                0x08008006       0x12 build/../LibMaple/wirish/usb_serial.o
                0x08008006                _ZN9USBSerial4readEv
 .text._ZThn4_N9USBSerial9availableEv
                0x08008018        0x8 build/../LibMaple/wirish/usb_serial.o
                0x08008018                _ZThn4_N9USBSerial9availableEv
 .text._ZN9USBSerial9availableEv
                0x08008020        0x4 build/../LibMaple/wirish/usb_serial.o
                0x08008020                _ZN9USBSerial9availableEv
 .text._ZN9USBSerial5writeEPKvj
                0x08008024       0x50 build/../LibMaple/wirish/usb_serial.o
                0x08008024                _ZN9USBSerial5writeEPKvj
 .text._ZN9USBSerial5writeEPKc
                0x08008074       0x1a build/../LibMaple/wirish/usb_serial.o
                0x08008074                _ZN9USBSerial5writeEPKc
 *fill*         0x0800808e        0x2 00
 .text._ZN9USBSerial5beginEv
                0x08008090       0x2c build/../LibMaple/wirish/usb_serial.o
                0x08008090                _ZN9USBSerial5beginEv
 .text._ZL6rxHookjPv
                0x080080bc       0x90 build/../LibMaple/wirish/usb_serial.o
 .text._GLOBAL__I__ZN9USBSerialC2Ev
                0x0800814c        0xc build/../LibMaple/wirish/usb_serial.o
 .text._ZL10wait_resetv
                0x08008158       0x10 build/../LibMaple/wirish/usb_serial.o
 .text._Z11digitalReadh
                0x08008168       0x2c build/../LibMaple/wirish/wirish_digital.o
                0x08008168                _Z11digitalReadh
 .text._Z12digitalWritehh
                0x08008194       0x30 build/../LibMaple/wirish/wirish_digital.o
                0x08008194                _Z12digitalWritehh
 .text._Z17delayMicrosecondsj
                0x080081c4        0xe build/../LibMaple/wirish/wirish_time.o
                0x080081c4                _Z17delayMicrosecondsj
 .text._Z5delaym
                0x080081d2       0x18 build/../LibMaple/wirish/wirish_time.o
                0x080081d2                _Z5delaym
 .text._ZN6wirish4priv15board_reset_pllEv
                0x080081ea        0x2 build/../LibMaple/wirish/stm32f1/boards_setup.o
                0x080081ea                _ZN6wirish4priv15board_reset_pllEv
 .text._ZN6wirish4priv11series_initEv
                0x080081ec        0x4 build/../LibMaple/wirish/stm32f1/boards_setup.o
                0x080081ec                _ZN6wirish4priv11series_initEv
 .text._ZN6wirish4priv15board_setup_usbEv
                0x080081f0        0xc build/../LibMaple/wirish/stm32f1/boards_setup.o
                0x080081f0                _ZN6wirish4priv15board_setup_usbEv
 .text._ZN6wirish4priv16board_setup_gpioEv
                0x080081fc        0x4 build/../LibMaple/wirish/stm32f1/boards_setup.o
                0x080081fc                _ZN6wirish4priv16board_setup_gpioEv
 .text._ZN6wirish4priv28board_setup_clock_prescalersEv
                0x08008200       0x20 build/../LibMaple/wirish/stm32f1/boards_setup.o
                0x08008200                _ZN6wirish4priv28board_setup_clock_prescalersEv
 .text._Z7pinModeh13WiringPinMode
                0x08008220       0x88 build/../LibMaple/wirish/stm32f1/wirish_digital.o
                0x08008220                _Z7pinModeh13WiringPinMode
 .text.afio_cfg_debug_ports
                0x080082a8       0x14 build/../LibMaple/wirish/stm32f1/wirish_debug.o
 .text._Z17disableDebugPortsv
                0x080082bc        0x8 build/../LibMaple/wirish/stm32f1/wirish_debug.o
                0x080082bc                _Z17disableDebugPortsv
 .text._Z9boardInitv
                0x080082c4        0x4 build/../LibMaple/wirish/boards/maple_mini/board.o
                0x080082c4                _Z9boardInitv
 .text._GLOBAL__I__Z9boardInitv
                0x080082c8      0x118 build/../LibMaple/wirish/boards/maple_mini/board.o
 .text._ZN8WireBase5beginEh
                0x080083e0       0x14 build/../LibMaple/libraries/Wire/WireBase.o
                0x080083e0                _ZN8WireBase5beginEh
 .text._ZN8WireBaseC2Ev
                0x080083f4        0xc build/../LibMaple/libraries/Wire/HardWire.o
                0x080083f4                _ZN8WireBaseC2Ev
 .text._ZN8WireBaseD2Ev
                0x08008400        0xc build/../LibMaple/libraries/Wire/HardWire.o
                0x08008400                _ZN8WireBaseD2Ev
 .text._ZN7TwoWireC1Ehhh
                0x0800840c       0x28 build/../LibMaple/libraries/Wire/Wire.o
                0x0800840c                _ZN7TwoWireC1Ehhh
 .text._ZN7TwoWireD1Ev
                0x08008434       0x20 build/../LibMaple/libraries/Wire/Wire.o
                0x08008434                _ZN7TwoWireD1Ev
 .text._ZN7TwoWire7set_sdaEb
                0x08008454       0x18 build/../LibMaple/libraries/Wire/Wire.o
                0x08008454                _ZN7TwoWire7set_sdaEb
 .text._ZN7TwoWire7set_sclEb
                0x0800846c       0x30 build/../LibMaple/libraries/Wire/Wire.o
                0x0800846c                _ZN7TwoWire7set_sclEb
 .text._ZN7TwoWire5beginEh
                0x0800849c       0x3e build/../LibMaple/libraries/Wire/Wire.o
                0x0800849c                _ZN7TwoWire5beginEh
 .text._ZN7TwoWire13i2c_shift_outEh
                0x080084da       0x2c build/../LibMaple/libraries/Wire/Wire.o
                0x080084da                _ZN7TwoWire13i2c_shift_outEh
 .text._ZN7TwoWire12i2c_shift_inEv
                0x08008506       0x34 build/../LibMaple/libraries/Wire/Wire.o
                0x08008506                _ZN7TwoWire12i2c_shift_inEv
 .text._ZN7TwoWire13i2c_send_nackEv
                0x0800853a       0x1e build/../LibMaple/libraries/Wire/Wire.o
                0x0800853a                _ZN7TwoWire13i2c_send_nackEv
 .text._ZN7TwoWire12i2c_send_ackEv
                0x08008558       0x1e build/../LibMaple/libraries/Wire/Wire.o
                0x08008558                _ZN7TwoWire12i2c_send_ackEv
 .text._ZN7TwoWire11i2c_get_ackEv
                0x08008576       0x36 build/../LibMaple/libraries/Wire/Wire.o
                0x08008576                _ZN7TwoWire11i2c_get_ackEv
 .text._ZN7TwoWire8i2c_stopEv
                0x080085ac       0x1e build/../LibMaple/libraries/Wire/Wire.o
                0x080085ac                _ZN7TwoWire8i2c_stopEv
 .text._ZN7TwoWire9i2c_startEv
                0x080085ca       0x16 build/../LibMaple/libraries/Wire/Wire.o
                0x080085ca                _ZN7TwoWire9i2c_startEv
 .text._ZN7TwoWire7processEv
                0x080085e0       0x98 build/../LibMaple/libraries/Wire/Wire.o
                0x080085e0                _ZN7TwoWire7processEv
 .text._GLOBAL__I__ZN7TwoWire7set_sclEb
                0x08008678       0x2c build/../LibMaple/libraries/Wire/Wire.o
 .text.__exc_svc
                0x080086a4       0x24 build/../LibMaple/libraries/FreeRTOS/utility/port.o
                0x080086a4                __exc_svc
 .text.__exc_pendsv
                0x080086c8       0x40 build/../LibMaple/libraries/FreeRTOS/utility/port.o
                0x080086c8                __exc_pendsv
 .text.vTaskSwitchContext
                0x08008708       0xf0 build/../LibMaple/libraries/FreeRTOS/utility/tasks.o
                0x08008708                vTaskSwitchContext
 .text.vApplicationStackOverflowHook
                0x080087f8        0x2 build/../LibMaple/libraries/FreeRTOS/MapleFreeRTOS.o
                0x080087f8                vApplicationStackOverflowHook
 *fill*         0x080087fa        0x2 00
 .text._ZN10TerminalIOC1Ev
                0x080087fc       0x1c build/../LibRobotCampus/terminal.o
                0x080087fc                _ZN10TerminalIOC1Ev
 .text._ZN10TerminalIO5writeEh
                0x08008818       0x10 build/../LibRobotCampus/terminal.o
                0x08008818                _ZN10TerminalIO5writeEh
 .text._ZN10TerminalIO5writeEPKvj
                0x08008828       0x10 build/../LibRobotCampus/terminal.o
                0x08008828                _ZN10TerminalIO5writeEPKvj
 .text._Z17terminal_registerPK16terminal_command
                0x08008838       0x18 build/../LibRobotCampus/terminal.o
                0x08008838                _Z17terminal_registerPK16terminal_command
 .text._Z26terminal_command_init_helpv
                0x08008850        0xc build/../LibRobotCampus/terminal.o
                0x08008850                _Z26terminal_command_init_helpv
 .text._Z26terminal_command_init_echov
                0x0800885c        0xc build/../LibRobotCampus/terminal.o
                0x0800885c                _Z26terminal_command_init_echov
 .text._Z11terminal_iov
                0x08008868        0x8 build/../LibRobotCampus/terminal.o
                0x08008868                _Z11terminal_iov
 .text._Z17terminal_bar_initiii
                0x08008870       0x20 build/../LibRobotCampus/terminal.o
                0x08008870                _Z17terminal_bar_initiii
 .text._Z20terminal_bar_escapedv
                0x08008890        0xc build/../LibRobotCampus/terminal.o
                0x08008890                _Z20terminal_bar_escapedv
 .text._Z15terminal_silentb
                0x0800889c        0xc build/../LibRobotCampus/terminal.o
                0x0800889c                _Z15terminal_silentb
 .text._Z17terminal_bar_tickv
                0x080088a8      0x180 build/../LibRobotCampus/terminal.o
                0x080088a8                _Z17terminal_bar_tickv
 .text._Z21terminal_command_echojPPc
                0x08008a28       0x48 build/../LibRobotCampus/terminal.o
                0x08008a28                _Z21terminal_command_echojPPc
 .text._Z21terminal_command_helpjPPc
                0x08008a70       0xac build/../LibRobotCampus/terminal.o
                0x08008a70                _Z21terminal_command_helpjPPc
 .text._GLOBAL__I__ZN10TerminalIOC2Ev
                0x08008b1c        0xc build/../LibRobotCampus/terminal.o
 .text._Z12servos_countv
                0x08008b28        0xc build/../LibRobotCampus/servos.o
                0x08008b28                _Z12servos_countv
 .text._Z14servos_get_pinh
                0x08008b34       0x20 build/../LibRobotCampus/servos.o
                0x08008b34                _Z14servos_get_pinh
 .text._Z14servos_get_minh
                0x08008b54       0x24 build/../LibRobotCampus/servos.o
                0x08008b54                _Z14servos_get_minh
 .text._Z15servos_get_inith
                0x08008b78       0x24 build/../LibRobotCampus/servos.o
                0x08008b78                _Z15servos_get_inith
 .text._Z14servos_get_maxh
                0x08008b9c       0x24 build/../LibRobotCampus/servos.o
                0x08008b9c                _Z14servos_get_maxh
 .text._Z14servos_get_posh
                0x08008bc0       0x24 build/../LibRobotCampus/servos.o
                0x08008bc0                _Z14servos_get_posh
 .text._Z18servos_is_reversedh
                0x08008be4       0x24 build/../LibRobotCampus/servos.o
                0x08008be4                _Z18servos_is_reversedh
 .text._Z17servos_is_enabledh
                0x08008c08       0x24 build/../LibRobotCampus/servos.o
                0x08008c08                _Z17servos_is_enabledh
 .text._Z16servos_get_labelh
                0x08008c2c       0x24 build/../LibRobotCampus/servos.o
                0x08008c2c                _Z16servos_get_labelh
 .text._Z18servos_get_commandh
                0x08008c50       0x54 build/../LibRobotCampus/servos.o
                0x08008c50                _Z18servos_get_commandh
 .text._Z20servos_set_smoothingd
                0x08008ca4       0x2c build/../LibRobotCampus/servos.o
                0x08008ca4                _Z20servos_set_smoothingd
 .text._Z14servos_set_posht
                0x08008cd0       0x44 build/../LibRobotCampus/servos.o
                0x08008cd0                _Z14servos_set_posht
 .text._Z13servos_enablehb
                0x08008d14       0x5c build/../LibRobotCampus/servos.o
                0x08008d14                _Z13servos_enablehb
 .text._Z12servos_flushv
                0x08008d70       0x2c build/../LibRobotCampus/servos.o
                0x08008d70                _Z12servos_flushv
 .text._Z18servos_disable_allv
                0x08008d9c       0x30 build/../LibRobotCampus/servos.o
                0x08008d9c                _Z18servos_disable_allv
 .text._Z14button_pressedv
                0x08008dcc        0x4 build/../LibRobotCampus/servos.o
                0x08008dcc                _Z14button_pressedv
 .text._Z17servos_enable_allv
                0x08008dd0       0x38 build/../LibRobotCampus/servos.o
                0x08008dd0                _Z17servos_enable_allv
 .text._Z12servos_reseth
                0x08008e08       0x20 build/../LibRobotCampus/servos.o
                0x08008e08                _Z12servos_reseth
 .text._Z14servos_commandhf
                0x08008e28       0xec build/../LibRobotCampus/servos.o
                0x08008e28                _Z14servos_commandhf
 .text._Z16servos_calibratehtttbt
                0x08008f14       0x5c build/../LibRobotCampus/servos.o
                0x08008f14                _Z16servos_calibratehtttbt
 .text._Z12servos_indexPc
                0x08008f70       0x38 build/../LibRobotCampus/servos.o
                0x08008f70                _Z12servos_indexPc
 .text._Z15servos_registerhPc
                0x08008fa8       0xb0 build/../LibRobotCampus/servos.o
                0x08008fa8                _Z15servos_registerhPc
 .text._Z9initTimerh
                0x08009058       0x32 build/../LibRobotCampus/servos.o
                0x08009058                _Z9initTimerh
 *fill*         0x0800908a        0x2 00
 .text._Z11servos_initv
                0x0800908c       0x3c build/../LibRobotCampus/servos.o
                0x0800908c                _Z11servos_initv
 .text._Z23servos_attach_interruptPFvvE
                0x080090c8       0x3c build/../LibRobotCampus/servos.o
                0x080090c8                _Z23servos_attach_interruptPFvvE
 .text._Z24terminal_command_forwardjPPc
                0x08009104       0xac build/../LibRobotCampus/commands.o
                0x08009104                _Z24terminal_command_forwardjPPc
 .text._Z29terminal_command_init_forwardv
                0x080091b0        0xc build/../LibRobotCampus/commands.o
                0x080091b0                _Z29terminal_command_init_forwardv
 .text._Z26terminal_command_init_mutev
                0x080091bc        0xc build/../LibRobotCampus/commands.o
                0x080091bc                _Z26terminal_command_init_mutev
 .text._Z28terminal_command_init_smoothv
                0x080091c8        0xc build/../LibRobotCampus/commands.o
                0x080091c8                _Z28terminal_command_init_smoothv
 .text._Z30terminal_command_init_registerv
                0x080091d4        0xc build/../LibRobotCampus/commands.o
                0x080091d4                _Z30terminal_command_init_registerv
 .text._Z27terminal_command_init_flushv
                0x080091e0        0xc build/../LibRobotCampus/commands.o
                0x080091e0                _Z27terminal_command_init_flushv
 .text._Z30terminal_command_init_dumpcodev
                0x080091ec        0xc build/../LibRobotCampus/commands.o
                0x080091ec                _Z30terminal_command_init_dumpcodev
 .text._Z33terminal_command_init_dumpcommandv
                0x080091f8        0xc build/../LibRobotCampus/commands.o
                0x080091f8                _Z33terminal_command_init_dumpcommandv
 .text._Z28terminal_command_init_statusv
                0x08009204        0xc build/../LibRobotCampus/commands.o
                0x08009204                _Z28terminal_command_init_statusv
 .text._Z28terminal_command_init_enablev
                0x08009210        0xc build/../LibRobotCampus/commands.o
                0x08009210                _Z28terminal_command_init_enablev
 .text._Z29terminal_command_init_disablev
                0x0800921c        0xc build/../LibRobotCampus/commands.o
                0x0800921c                _Z29terminal_command_init_disablev
 .text._Z29terminal_command_init_commandv
                0x08009228        0xc build/../LibRobotCampus/commands.o
                0x08009228                _Z29terminal_command_init_commandv
 .text._Z30terminal_command_init_positionv
                0x08009234        0xc build/../LibRobotCampus/commands.o
                0x08009234                _Z30terminal_command_init_positionv
 .text._Z31terminal_command_init_calibratev
                0x08009240        0xc build/../LibRobotCampus/commands.o
                0x08009240                _Z31terminal_command_init_calibratev
 .text._Z27terminal_command_init_resetv
                0x0800924c        0xc build/../LibRobotCampus/commands.o
                0x0800924c                _Z27terminal_command_init_resetv
 .text._Z26terminal_command_init_stopv
                0x08009258        0xc build/../LibRobotCampus/commands.o
                0x08009258                _Z26terminal_command_init_stopv
 .text._Z27terminal_command_init_startv
                0x08009264        0xc build/../LibRobotCampus/commands.o
                0x08009264                _Z27terminal_command_init_startv
 .text._Z34terminal_command_init_calibrate_uiv
                0x08009270        0xc build/../LibRobotCampus/commands.o
                0x08009270                _Z34terminal_command_init_calibrate_uiv
 .text._Z32terminal_command_init_command_uiv
                0x0800927c        0xc build/../LibRobotCampus/commands.o
                0x0800927c                _Z32terminal_command_init_command_uiv
 .text._Z21terminal_command_mutejPPc
                0x08009288       0x1c build/../LibRobotCampus/commands.o
                0x08009288                _Z21terminal_command_mutejPPc
 .text._Z23terminal_command_smoothjPPc
                0x080092a4       0x24 build/../LibRobotCampus/commands.o
                0x080092a4                _Z23terminal_command_smoothjPPc
 .text._Z25terminal_command_registerjPPc
                0x080092c8       0x44 build/../LibRobotCampus/commands.o
                0x080092c8                _Z25terminal_command_registerjPPc
 .text._Z22terminal_command_flushjPPc
                0x0800930c       0x18 build/../LibRobotCampus/commands.o
                0x0800930c                _Z22terminal_command_flushjPPc
 .text._Z25terminal_command_dumpcodejPPc
                0x08009324      0x17c build/../LibRobotCampus/commands.o
                0x08009324                _Z25terminal_command_dumpcodejPPc
 .text._Z28terminal_command_dumpcommandjPPc
                0x080094a0      0x104 build/../LibRobotCampus/commands.o
                0x080094a0                _Z28terminal_command_dumpcommandjPPc
 .text._Z23terminal_command_statusjPPc
                0x080095a4      0x1b4 build/../LibRobotCampus/commands.o
                0x080095a4                _Z23terminal_command_statusjPPc
 .text._Z23terminal_command_enablejPPc
                0x08009758       0x44 build/../LibRobotCampus/commands.o
                0x08009758                _Z23terminal_command_enablejPPc
 .text._Z24terminal_command_disablejPPc
                0x0800979c       0x40 build/../LibRobotCampus/commands.o
                0x0800979c                _Z24terminal_command_disablejPPc
 .text._Z24terminal_command_commandjPPc
                0x080097dc       0x50 build/../LibRobotCampus/commands.o
                0x080097dc                _Z24terminal_command_commandjPPc
 .text._Z25terminal_command_positionjPPc
                0x0800982c       0x50 build/../LibRobotCampus/commands.o
                0x0800982c                _Z25terminal_command_positionjPPc
 .text._Z26terminal_command_calibratejPPc
                0x0800987c       0x78 build/../LibRobotCampus/commands.o
                0x0800987c                _Z26terminal_command_calibratejPPc
 .text._Z22terminal_command_resetjPPc
                0x080098f4       0x68 build/../LibRobotCampus/commands.o
                0x080098f4                _Z22terminal_command_resetjPPc
 .text._Z21terminal_command_stopjPPc
                0x0800995c       0x18 build/../LibRobotCampus/commands.o
                0x0800995c                _Z21terminal_command_stopjPPc
 .text._Z22terminal_command_startjPPc
                0x08009974       0x18 build/../LibRobotCampus/commands.o
                0x08009974                _Z22terminal_command_startjPPc
 .text._Z29terminal_command_calibrate_uijPPc
                0x0800998c      0x134 build/../LibRobotCampus/commands.o
                0x0800998c                _Z29terminal_command_calibrate_uijPPc
 .text._Z27terminal_command_command_uijPPc
                0x08009ac0       0x60 build/../LibRobotCampus/commands.o
                0x08009ac0                _Z27terminal_command_command_uijPPc
 .text._ZNSt11char_traitsIcE6assignERcRKc
                0x08009b20        0x6 build/main.o
                0x08009b20                _ZNSt11char_traitsIcE6assignERcRKc
 *fill*         0x08009b26        0x2 00
 .text._Z7setFlagv
                0x08009b28        0xc build/main.o
                0x08009b28                _Z7setFlagv
 .text._Z7premainv
                0x08009b34        0x4 build/main.o
                0x08009b34                _Z7premainv
 .text._Z5setupv
                0x08009b38      0x1c4 build/main.o
                0x08009b38                _Z5setupv
 .text._Z24terminal_command_counterjPPc
                0x08009cfc       0x28 build/main.o
                0x08009cfc                _Z24terminal_command_counterjPPc
 .text._Z29terminal_command_init_counterv
                0x08009d24        0xc build/main.o
                0x08009d24                _Z29terminal_command_init_counterv
 .text._GLOBAL__I_flag
                0x08009d30       0x30 build/main.o
 .text.T.33     0x08009d60       0x10 build/main.o
 .text.T.31     0x08009d70       0x1c build/main.o
 .text._Z4tickv
                0x08009d8c       0xcc build/main.o
                0x08009d8c                _Z4tickv
 .text._Z4loopv
                0x08009e58       0x10 build/main.o
                0x08009e58                _Z4loopv
 .text.main     0x08009e68        0xc build/main.o
                0x08009e68                main
 .text._ZNKSs6_M_repEv
                0x08009e74        0x8 /home/boris/libmaple/arm/bin/../lib/gcc/arm-none-eabi/4.4.1/../../../../arm-none-eabi/lib/thumb2/libstdc++.a(string-inst.o)
                0x08009e74                _ZNKSs6_M_repEv
 .text._ZNSs12_Alloc_hiderC1EPcRKSaIcE
                0x08009e7c        0x4 /home/boris/libmaple/arm/bin/../lib/gcc/arm-none-eabi/4.4.1/../../../../arm-none-eabi/lib/thumb2/libstdc++.a(string-inst.o)
                0x08009e7c                _ZNSs12_Alloc_hiderC1EPcRKSaIcE
 .text._ZNKSs4_Rep12_M_is_sharedEv
                0x08009e80        0xc /home/boris/libmaple/arm/bin/../lib/gcc/arm-none-eabi/4.4.1/../../../../arm-none-eabi/lib/thumb2/libstdc++.a(string-inst.o)
                0x08009e80                _ZNKSs4_Rep12_M_is_sharedEv
 .text._ZNSs4_Rep26_M_set_length_and_sharableEj
                0x08009e8c        0xc /home/boris/libmaple/arm/bin/../lib/gcc/arm-none-eabi/4.4.1/../../../../arm-none-eabi/lib/thumb2/libstdc++.a(string-inst.o)
                0x08009e8c                _ZNSs4_Rep26_M_set_length_and_sharableEj
 .text._ZNSs4_Rep10_M_refdataEv
                0x08009e98        0x4 /home/boris/libmaple/arm/bin/../lib/gcc/arm-none-eabi/4.4.1/../../../../arm-none-eabi/lib/thumb2/libstdc++.a(string-inst.o)
                0x08009e98                _ZNSs4_Rep10_M_refdataEv
 .text._ZNSs4_Rep10_M_destroyERKSaIcE
                0x08009e9c        0x4 /home/boris/libmaple/arm/bin/../lib/gcc/arm-none-eabi/4.4.1/../../../../arm-none-eabi/lib/thumb2/libstdc++.a(string-inst.o)
                0x08009e9c                _ZNSs4_Rep10_M_destroyERKSaIcE
 .text._ZNSs4_Rep9_S_createEjjRKSaIcE
                0x08009ea0       0x6c /home/boris/libmaple/arm/bin/../lib/gcc/arm-none-eabi/4.4.1/../../../../arm-none-eabi/lib/thumb2/libstdc++.a(string-inst.o)
                0x08009ea0                _ZNSs4_Rep9_S_createEjjRKSaIcE
 .text._ZNSs7_M_copyEPcPKcj
                0x08009f0c       0x18 /home/boris/libmaple/arm/bin/../lib/gcc/arm-none-eabi/4.4.1/../../../../arm-none-eabi/lib/thumb2/libstdc++.a(string-inst.o)
                0x08009f0c                _ZNSs7_M_copyEPcPKcj
 .text._ZNSsD1Ev
                0x08009f24       0x30 /home/boris/libmaple/arm/bin/../lib/gcc/arm-none-eabi/4.4.1/../../../../arm-none-eabi/lib/thumb2/libstdc++.a(string-inst.o)
                0x08009f24                _ZNSsD1Ev
 .text._ZNSs4_Rep8_M_cloneERKSaIcEj
                0x08009f54       0x5c /home/boris/libmaple/arm/bin/../lib/gcc/arm-none-eabi/4.4.1/../../../../arm-none-eabi/lib/thumb2/libstdc++.a(string-inst.o)
                0x08009f54                _ZNSs4_Rep8_M_cloneERKSaIcEj
 .text._ZNSs7reserveEj
                0x08009fb0       0x64 /home/boris/libmaple/arm/bin/../lib/gcc/arm-none-eabi/4.4.1/../../../../arm-none-eabi/lib/thumb2/libstdc++.a(string-inst.o)
                0x08009fb0                _ZNSs7reserveEj
 .text._ZNSsC1ERKSs
                0x0800a014       0x3c /home/boris/libmaple/arm/bin/../lib/gcc/arm-none-eabi/4.4.1/../../../../arm-none-eabi/lib/thumb2/libstdc++.a(string-inst.o)
                0x0800a014                _ZNSsC1ERKSs
 .text._ZNSs12_S_constructIPKcEEPcT_S3_RKSaIcESt20forward_iterator_tag
                0x0800a050       0x60 /home/boris/libmaple/arm/bin/../lib/gcc/arm-none-eabi/4.4.1/../../../../arm-none-eabi/lib/thumb2/libstdc++.a(string-inst.o)
                0x0800a050                _ZNSs12_S_constructIPKcEEPcT_S3_RKSaIcESt20forward_iterator_tag
 .text._ZNSsC1EPKcRKSaIcE
                0x0800a0b0       0x2c /home/boris/libmaple/arm/bin/../lib/gcc/arm-none-eabi/4.4.1/../../../../arm-none-eabi/lib/thumb2/libstdc++.a(string-inst.o)
                0x0800a0b0                _ZNSsC1EPKcRKSaIcE
 .text._ZNSs9_M_mutateEjjj
                0x0800a0dc       0xfc /home/boris/libmaple/arm/bin/../lib/gcc/arm-none-eabi/4.4.1/../../../../arm-none-eabi/lib/thumb2/libstdc++.a(string-inst.o)
                0x0800a0dc                _ZNSs9_M_mutateEjjj
 .text          0x0800a1d8        0xc /home/boris/libmaple/arm/bin/../lib/gcc/arm-none-eabi/4.4.1/../../../../arm-none-eabi/lib/thumb2/libstdc++.a(eh_arm.o)
                0x0800a1d8                __cxa_end_cleanup
 .text.__cxa_type_match
                0x0800a1e4      0x100 /home/boris/libmaple/arm/bin/../lib/gcc/arm-none-eabi/4.4.1/../../../../arm-none-eabi/lib/thumb2/libstdc++.a(eh_arm.o)
                0x0800a1e4                __cxa_type_match
 .text.__cxa_begin_cleanup
                0x0800a2e4       0x70 /home/boris/libmaple/arm/bin/../lib/gcc/arm-none-eabi/4.4.1/../../../../arm-none-eabi/lib/thumb2/libstdc++.a(eh_arm.o)
                0x0800a2e4                __cxa_begin_cleanup
 .text.__gnu_end_cleanup
                0x0800a354       0x74 /home/boris/libmaple/arm/bin/../lib/gcc/arm-none-eabi/4.4.1/../../../../arm-none-eabi/lib/thumb2/libstdc++.a(eh_arm.o)
                0x0800a354                __gnu_end_cleanup
 .text._ZNSt9type_infoD2Ev
                0x0800a3c8        0xc /home/boris/libmaple/arm/bin/../lib/gcc/arm-none-eabi/4.4.1/../../../../arm-none-eabi/lib/thumb2/libstdc++.a(tinfo.o)
                0x0800a3c8                _ZNSt9type_infoD2Ev
 .text._ZNSt9type_infoD1Ev
                0x0800a3d4        0xc /home/boris/libmaple/arm/bin/../lib/gcc/arm-none-eabi/4.4.1/../../../../arm-none-eabi/lib/thumb2/libstdc++.a(tinfo.o)
                0x0800a3d4                _ZNSt9type_infoD1Ev
 .text._ZNKSt9type_infoeqERKS_
                0x0800a3e0       0x10 /home/boris/libmaple/arm/bin/../lib/gcc/arm-none-eabi/4.4.1/../../../../arm-none-eabi/lib/thumb2/libstdc++.a(tinfo.o)
                0x0800a3e0                _ZNKSt9type_infoeqERKS_
 .text._ZNKSt9type_info14__is_pointer_pEv
                0x0800a3f0        0x4 /home/boris/libmaple/arm/bin/../lib/gcc/arm-none-eabi/4.4.1/../../../../arm-none-eabi/lib/thumb2/libstdc++.a(tinfo.o)
                0x0800a3f0                _ZNKSt9type_info14__is_pointer_pEv
 .text._ZNKSt9type_info15__is_function_pEv
                0x0800a3f4        0x4 /home/boris/libmaple/arm/bin/../lib/gcc/arm-none-eabi/4.4.1/../../../../arm-none-eabi/lib/thumb2/libstdc++.a(tinfo.o)
                0x0800a3f4                _ZNKSt9type_info15__is_function_pEv
 .text._ZNKSt9type_info10__do_catchEPKS_PPvj
                0x0800a3f8       0x10 /home/boris/libmaple/arm/bin/../lib/gcc/arm-none-eabi/4.4.1/../../../../arm-none-eabi/lib/thumb2/libstdc++.a(tinfo.o)
                0x0800a3f8                _ZNKSt9type_info10__do_catchEPKS_PPvj
 .text._ZNKSt9type_info11__do_upcastEPKN10__cxxabiv117__class_type_infoEPPv
                0x0800a408        0x4 /home/boris/libmaple/arm/bin/../lib/gcc/arm-none-eabi/4.4.1/../../../../arm-none-eabi/lib/thumb2/libstdc++.a(tinfo.o)
                0x0800a408                _ZNKSt9type_info11__do_upcastEPKN10__cxxabiv117__class_type_infoEPPv
 .text._ZNSt9type_infoD0Ev
                0x0800a40c       0x14 /home/boris/libmaple/arm/bin/../lib/gcc/arm-none-eabi/4.4.1/../../../../arm-none-eabi/lib/thumb2/libstdc++.a(tinfo.o)
                0x0800a40c                _ZNSt9type_infoD0Ev
 .text.__cxa_bad_typeid
                0x0800a420       0x24 /home/boris/libmaple/arm/bin/../lib/gcc/arm-none-eabi/4.4.1/../../../../arm-none-eabi/lib/thumb2/libstdc++.a(eh_aux_runtime.o)
                0x0800a420                __cxa_bad_typeid
 .text._ZN10__cxxabiv123__fundamental_type_infoD1Ev
                0x0800a444       0x14 /home/boris/libmaple/arm/bin/../lib/gcc/arm-none-eabi/4.4.1/../../../../arm-none-eabi/lib/thumb2/libstdc++.a(fundamental_type_info.o)
                0x0800a444                _ZN10__cxxabiv123__fundamental_type_infoD1Ev
 .text._ZN10__cxxabiv123__fundamental_type_infoD0Ev
                0x0800a458       0x1c /home/boris/libmaple/arm/bin/../lib/gcc/arm-none-eabi/4.4.1/../../../../arm-none-eabi/lib/thumb2/libstdc++.a(fundamental_type_info.o)
                0x0800a458                _ZN10__cxxabiv123__fundamental_type_infoD0Ev
 .text._ZNK10__cxxabiv117__class_type_info11__do_upcastEPKS0_PPv
                0x0800a474       0x38 /home/boris/libmaple/arm/bin/../lib/gcc/arm-none-eabi/4.4.1/../../../../arm-none-eabi/lib/thumb2/libstdc++.a(class_type_info.o)
                0x0800a474                _ZNK10__cxxabiv117__class_type_info11__do_upcastEPKS0_PPv
 .text._ZNK10__cxxabiv117__class_type_info20__do_find_public_srcEiPKvPKS0_S2_
                0x0800a4ac        0xc /home/boris/libmaple/arm/bin/../lib/gcc/arm-none-eabi/4.4.1/../../../../arm-none-eabi/lib/thumb2/libstdc++.a(class_type_info.o)
                0x0800a4ac                _ZNK10__cxxabiv117__class_type_info20__do_find_public_srcEiPKvPKS0_S2_
 .text._ZNK10__cxxabiv117__class_type_info11__do_upcastEPKS0_PKvRNS0_15__upcast_resultE
                0x0800a4b8       0x1c /home/boris/libmaple/arm/bin/../lib/gcc/arm-none-eabi/4.4.1/../../../../arm-none-eabi/lib/thumb2/libstdc++.a(class_type_info.o)
                0x0800a4b8                _ZNK10__cxxabiv117__class_type_info11__do_upcastEPKS0_PKvRNS0_15__upcast_resultE
 .text._ZNK10__cxxabiv117__class_type_info12__do_dyncastEiNS0_10__sub_kindEPKS0_PKvS3_S5_RNS0_16__dyncast_resultE
                0x0800a4d4       0x3c /home/boris/libmaple/arm/bin/../lib/gcc/arm-none-eabi/4.4.1/../../../../arm-none-eabi/lib/thumb2/libstdc++.a(class_type_info.o)
                0x0800a4d4                _ZNK10__cxxabiv117__class_type_info12__do_dyncastEiNS0_10__sub_kindEPKS0_PKvS3_S5_RNS0_16__dyncast_resultE
 .text._ZNK10__cxxabiv117__class_type_info10__do_catchEPKSt9type_infoPPvj
                0x0800a510       0x28 /home/boris/libmaple/arm/bin/../lib/gcc/arm-none-eabi/4.4.1/../../../../arm-none-eabi/lib/thumb2/libstdc++.a(class_type_info.o)
                0x0800a510                _ZNK10__cxxabiv117__class_type_info10__do_catchEPKSt9type_infoPPvj
 .text._ZN10__cxxabiv117__class_type_infoD1Ev
                0x0800a538       0x14 /home/boris/libmaple/arm/bin/../lib/gcc/arm-none-eabi/4.4.1/../../../../arm-none-eabi/lib/thumb2/libstdc++.a(class_type_info.o)
                0x0800a538                _ZN10__cxxabiv117__class_type_infoD1Ev
 .text._ZN10__cxxabiv117__class_type_infoD2Ev
                0x0800a54c       0x14 /home/boris/libmaple/arm/bin/../lib/gcc/arm-none-eabi/4.4.1/../../../../arm-none-eabi/lib/thumb2/libstdc++.a(class_type_info.o)
                0x0800a54c                _ZN10__cxxabiv117__class_type_infoD2Ev
 .text._ZN10__cxxabiv117__class_type_infoD0Ev
                0x0800a560       0x1c /home/boris/libmaple/arm/bin/../lib/gcc/arm-none-eabi/4.4.1/../../../../arm-none-eabi/lib/thumb2/libstdc++.a(class_type_info.o)
                0x0800a560                _ZN10__cxxabiv117__class_type_infoD0Ev
 .text._ZNSt9exceptionD2Ev
                0x0800a57c        0xc /home/boris/libmaple/arm/bin/../lib/gcc/arm-none-eabi/4.4.1/../../../../arm-none-eabi/lib/thumb2/libstdc++.a(eh_exception.o)
                0x0800a57c                _ZNSt9exceptionD2Ev
 .text._ZNSt9exceptionD1Ev
                0x0800a588        0xc /home/boris/libmaple/arm/bin/../lib/gcc/arm-none-eabi/4.4.1/../../../../arm-none-eabi/lib/thumb2/libstdc++.a(eh_exception.o)
                0x0800a588                _ZNSt9exceptionD1Ev
 .text._ZNSt13bad_exceptionD1Ev
                0x0800a594        0xc /home/boris/libmaple/arm/bin/../lib/gcc/arm-none-eabi/4.4.1/../../../../arm-none-eabi/lib/thumb2/libstdc++.a(eh_exception.o)
                0x0800a594                _ZNSt13bad_exceptionD1Ev
 .text._ZNKSt9exception4whatEv
                0x0800a5a0        0xc /home/boris/libmaple/arm/bin/../lib/gcc/arm-none-eabi/4.4.1/../../../../arm-none-eabi/lib/thumb2/libstdc++.a(eh_exception.o)
                0x0800a5a0                _ZNKSt9exception4whatEv
 .text._ZNKSt13bad_exception4whatEv
                0x0800a5ac        0xc /home/boris/libmaple/arm/bin/../lib/gcc/arm-none-eabi/4.4.1/../../../../arm-none-eabi/lib/thumb2/libstdc++.a(eh_exception.o)
                0x0800a5ac                _ZNKSt13bad_exception4whatEv
 .text._ZNSt9exceptionD0Ev
                0x0800a5b8       0x14 /home/boris/libmaple/arm/bin/../lib/gcc/arm-none-eabi/4.4.1/../../../../arm-none-eabi/lib/thumb2/libstdc++.a(eh_exception.o)
                0x0800a5b8                _ZNSt9exceptionD0Ev
 .text._ZNSt13bad_exceptionD0Ev
                0x0800a5cc       0x14 /home/boris/libmaple/arm/bin/../lib/gcc/arm-none-eabi/4.4.1/../../../../arm-none-eabi/lib/thumb2/libstdc++.a(eh_exception.o)
                0x0800a5cc                _ZNSt13bad_exceptionD0Ev
 .text.__cxa_rethrow
                0x0800a5e0       0x74 /home/boris/libmaple/arm/bin/../lib/gcc/arm-none-eabi/4.4.1/../../../../arm-none-eabi/lib/thumb2/libstdc++.a(eh_throw.o)
                0x0800a5e0                __cxa_rethrow
 .text.__cxa_throw
                0x0800a654       0x68 /home/boris/libmaple/arm/bin/../lib/gcc/arm-none-eabi/4.4.1/../../../../arm-none-eabi/lib/thumb2/libstdc++.a(eh_throw.o)
                0x0800a654                __cxa_throw
 .text._ZL23__gxx_exception_cleanup19_Unwind_Reason_CodeP21_Unwind_Control_Block
                0x0800a6bc       0x2c /home/boris/libmaple/arm/bin/../lib/gcc/arm-none-eabi/4.4.1/../../../../arm-none-eabi/lib/thumb2/libstdc++.a(eh_throw.o)
 .text._ZdlPv   0x0800a6e8        0x8 /home/boris/libmaple/arm/bin/../lib/gcc/arm-none-eabi/4.4.1/../../../../arm-none-eabi/lib/thumb2/libstdc++.a(del_op.o)
                0x0800a6e8                _ZdlPv
 .text.__aeabi_atexit
                0x0800a6f0        0xc /home/boris/libmaple/arm/bin/../lib/gcc/arm-none-eabi/4.4.1/../../../../arm-none-eabi/lib/thumb2/libstdc++.a(atexit_arm.o)
                0x0800a6f0                __aeabi_atexit
 .text.__cxa_end_catch
                0x0800a6fc       0x94 /home/boris/libmaple/arm/bin/../lib/gcc/arm-none-eabi/4.4.1/../../../../arm-none-eabi/lib/thumb2/libstdc++.a(eh_catch.o)
                0x0800a6fc                __cxa_end_catch
 .text.__cxa_begin_catch
                0x0800a790       0x94 /home/boris/libmaple/arm/bin/../lib/gcc/arm-none-eabi/4.4.1/../../../../arm-none-eabi/lib/thumb2/libstdc++.a(eh_catch.o)
                0x0800a790                __cxa_begin_catch
 .text._ZNK10__cxxabiv120__si_class_type_info11__do_upcastEPKNS_17__class_type_infoEPKvRNS1_15__upcast_resultE
                0x0800a824       0x28 /home/boris/libmaple/arm/bin/../lib/gcc/arm-none-eabi/4.4.1/../../../../arm-none-eabi/lib/thumb2/libstdc++.a(si_class_type_info.o)
                0x0800a824                _ZNK10__cxxabiv120__si_class_type_info11__do_upcastEPKNS_17__class_type_infoEPKvRNS1_15__upcast_resultE
 .text._ZNK10__cxxabiv120__si_class_type_info12__do_dyncastEiNS_17__class_type_info10__sub_kindEPKS1_PKvS4_S6_RNS1_16__dyncast_resultE
                0x0800a84c       0x88 /home/boris/libmaple/arm/bin/../lib/gcc/arm-none-eabi/4.4.1/../../../../arm-none-eabi/lib/thumb2/libstdc++.a(si_class_type_info.o)
                0x0800a84c                _ZNK10__cxxabiv120__si_class_type_info12__do_dyncastEiNS_17__class_type_info10__sub_kindEPKS1_PKvS4_S6_RNS1_16__dyncast_resultE
 .text._ZNK10__cxxabiv120__si_class_type_info20__do_find_public_srcEiPKvPKNS_17__class_type_infoES2_
                0x0800a8d4       0x38 /home/boris/libmaple/arm/bin/../lib/gcc/arm-none-eabi/4.4.1/../../../../arm-none-eabi/lib/thumb2/libstdc++.a(si_class_type_info.o)
                0x0800a8d4                _ZNK10__cxxabiv120__si_class_type_info20__do_find_public_srcEiPKvPKNS_17__class_type_infoES2_
 .text._ZN10__cxxabiv120__si_class_type_infoD1Ev
                0x0800a90c       0x14 /home/boris/libmaple/arm/bin/../lib/gcc/arm-none-eabi/4.4.1/../../../../arm-none-eabi/lib/thumb2/libstdc++.a(si_class_type_info.o)
                0x0800a90c                _ZN10__cxxabiv120__si_class_type_infoD1Ev
 .text._ZN10__cxxabiv120__si_class_type_infoD0Ev
                0x0800a920       0x1c /home/boris/libmaple/arm/bin/../lib/gcc/arm-none-eabi/4.4.1/../../../../arm-none-eabi/lib/thumb2/libstdc++.a(si_class_type_info.o)
                0x0800a920                _ZN10__cxxabiv120__si_class_type_infoD0Ev
 .text._ZNKSt10bad_typeid4whatEv
                0x0800a93c        0xc /home/boris/libmaple/arm/bin/../lib/gcc/arm-none-eabi/4.4.1/../../../../arm-none-eabi/lib/thumb2/libstdc++.a(bad_typeid.o)
                0x0800a93c                _ZNKSt10bad_typeid4whatEv
 .text._ZNSt10bad_typeidD1Ev
                0x0800a948       0x14 /home/boris/libmaple/arm/bin/../lib/gcc/arm-none-eabi/4.4.1/../../../../arm-none-eabi/lib/thumb2/libstdc++.a(bad_typeid.o)
                0x0800a948                _ZNSt10bad_typeidD1Ev
 .text._ZNSt10bad_typeidD0Ev
                0x0800a95c       0x1c /home/boris/libmaple/arm/bin/../lib/gcc/arm-none-eabi/4.4.1/../../../../arm-none-eabi/lib/thumb2/libstdc++.a(bad_typeid.o)
                0x0800a95c                _ZNSt10bad_typeidD0Ev
 .text.__cxa_get_globals_fast
                0x0800a978        0xc /home/boris/libmaple/arm/bin/../lib/gcc/arm-none-eabi/4.4.1/../../../../arm-none-eabi/lib/thumb2/libstdc++.a(eh_globals.o)
                0x0800a978                __cxa_get_globals_fast
 .text.__cxa_get_globals
                0x0800a984        0xc /home/boris/libmaple/arm/bin/../lib/gcc/arm-none-eabi/4.4.1/../../../../arm-none-eabi/lib/thumb2/libstdc++.a(eh_globals.o)
                0x0800a984                __cxa_get_globals
 .text._Znwj    0x0800a990       0x68 /home/boris/libmaple/arm/bin/../lib/gcc/arm-none-eabi/4.4.1/../../../../arm-none-eabi/lib/thumb2/libstdc++.a(new_op.o)
                0x0800a990                _Znwj
 .text._ZL21base_of_encoded_valuehP15_Unwind_Context
                0x0800a9f8       0x4c /home/boris/libmaple/arm/bin/../lib/gcc/arm-none-eabi/4.4.1/../../../../arm-none-eabi/lib/thumb2/libstdc++.a(eh_personality.o)
 .text._ZL17parse_lsda_headerP15_Unwind_ContextPKhP16lsda_header_info
                0x0800aa44      0x190 /home/boris/libmaple/arm/bin/../lib/gcc/arm-none-eabi/4.4.1/../../../../arm-none-eabi/lib/thumb2/libstdc++.a(eh_personality.o)
 .text.__gxx_personality_v0
                0x0800abd4      0x754 /home/boris/libmaple/arm/bin/../lib/gcc/arm-none-eabi/4.4.1/../../../../arm-none-eabi/lib/thumb2/libstdc++.a(eh_personality.o)
                0x0800abd4                __gxx_personality_v0
 .text._ZNSt12length_errorD1Ev
                0x0800b328       0x14 /home/boris/libmaple/arm/bin/../lib/gcc/arm-none-eabi/4.4.1/../../../../arm-none-eabi/lib/thumb2/libstdc++.a(functexcept.o)
                0x0800b328                _ZNSt12length_errorD1Ev
 .text._ZNSt12length_errorD0Ev
                0x0800b33c       0x1c /home/boris/libmaple/arm/bin/../lib/gcc/arm-none-eabi/4.4.1/../../../../arm-none-eabi/lib/thumb2/libstdc++.a(functexcept.o)
                0x0800b33c                _ZNSt12length_errorD0Ev
 .text._ZSt20__throw_length_errorPKc
                0x0800b358       0x7c /home/boris/libmaple/arm/bin/../lib/gcc/arm-none-eabi/4.4.1/../../../../arm-none-eabi/lib/thumb2/libstdc++.a(functexcept.o)
                0x0800b358                _ZSt20__throw_length_errorPKc
 .text._ZSt19__throw_logic_errorPKc
                0x0800b3d4       0x7c /home/boris/libmaple/arm/bin/../lib/gcc/arm-none-eabi/4.4.1/../../../../arm-none-eabi/lib/thumb2/libstdc++.a(functexcept.o)
                0x0800b3d4                _ZSt19__throw_logic_errorPKc
 .text._ZNKSt11logic_error4whatEv
                0x0800b450        0x4 /home/boris/libmaple/arm/bin/../lib/gcc/arm-none-eabi/4.4.1/../../../../arm-none-eabi/lib/thumb2/libstdc++.a(stdexcept.o)
                0x0800b450                _ZNKSt11logic_error4whatEv
 .text._ZNSt11logic_errorD2Ev
                0x0800b454       0x3c /home/boris/libmaple/arm/bin/../lib/gcc/arm-none-eabi/4.4.1/../../../../arm-none-eabi/lib/thumb2/libstdc++.a(stdexcept.o)
                0x0800b454                _ZNSt11logic_errorD2Ev
 .text._ZNSt11logic_errorC1ERKSs
                0x0800b490       0x24 /home/boris/libmaple/arm/bin/../lib/gcc/arm-none-eabi/4.4.1/../../../../arm-none-eabi/lib/thumb2/libstdc++.a(stdexcept.o)
                0x0800b490                _ZNSt11logic_errorC1ERKSs
 .text._ZNSt11logic_errorC2ERKSs
                0x0800b4b4       0x24 /home/boris/libmaple/arm/bin/../lib/gcc/arm-none-eabi/4.4.1/../../../../arm-none-eabi/lib/thumb2/libstdc++.a(stdexcept.o)
                0x0800b4b4                _ZNSt11logic_errorC2ERKSs
 .text._ZNSt12length_errorC1ERKSs
                0x0800b4d8       0x14 /home/boris/libmaple/arm/bin/../lib/gcc/arm-none-eabi/4.4.1/../../../../arm-none-eabi/lib/thumb2/libstdc++.a(stdexcept.o)
                0x0800b4d8                _ZNSt12length_errorC1ERKSs
 .text._ZNSt11logic_errorD0Ev
                0x0800b4ec       0x44 /home/boris/libmaple/arm/bin/../lib/gcc/arm-none-eabi/4.4.1/../../../../arm-none-eabi/lib/thumb2/libstdc++.a(stdexcept.o)
                0x0800b4ec                _ZNSt11logic_errorD0Ev
 .text._ZNSt11logic_errorD1Ev
                0x0800b530       0x3c /home/boris/libmaple/arm/bin/../lib/gcc/arm-none-eabi/4.4.1/../../../../arm-none-eabi/lib/thumb2/libstdc++.a(stdexcept.o)
                0x0800b530                _ZNSt11logic_errorD1Ev
 .text._ZNSt14error_categoryD1Ev
                0x0800b56c        0xc /home/boris/libmaple/arm/bin/../lib/gcc/arm-none-eabi/4.4.1/../../../../arm-none-eabi/lib/thumb2/libstdc++.a(system_error.o)
                0x0800b56c                _ZNSt14error_categoryD1Ev
 .text._ZNK12_GLOBAL__N_122generic_error_category4nameEv
                0x0800b578        0xc /home/boris/libmaple/arm/bin/../lib/gcc/arm-none-eabi/4.4.1/../../../../arm-none-eabi/lib/thumb2/libstdc++.a(system_error.o)
 .text._ZNK12_GLOBAL__N_121system_error_category4nameEv
                0x0800b584        0xc /home/boris/libmaple/arm/bin/../lib/gcc/arm-none-eabi/4.4.1/../../../../arm-none-eabi/lib/thumb2/libstdc++.a(system_error.o)
 .text._ZNKSt14error_category23default_error_conditionEi
                0x0800b590        0x8 /home/boris/libmaple/arm/bin/../lib/gcc/arm-none-eabi/4.4.1/../../../../arm-none-eabi/lib/thumb2/libstdc++.a(system_error.o)
                0x0800b590                _ZNKSt14error_category23default_error_conditionEi
 .text._ZNKSt14error_category10equivalentEiRKSt15error_condition
                0x0800b598       0x30 /home/boris/libmaple/arm/bin/../lib/gcc/arm-none-eabi/4.4.1/../../../../arm-none-eabi/lib/thumb2/libstdc++.a(system_error.o)
                0x0800b598                _ZNKSt14error_category10equivalentEiRKSt15error_condition
 .text._ZNKSt14error_category10equivalentERKSt10error_codei
                0x0800b5c8       0x18 /home/boris/libmaple/arm/bin/../lib/gcc/arm-none-eabi/4.4.1/../../../../arm-none-eabi/lib/thumb2/libstdc++.a(system_error.o)
                0x0800b5c8                _ZNKSt14error_category10equivalentERKSt10error_codei
 .text._ZN12_GLOBAL__N_122generic_error_categoryD1Ev
                0x0800b5e0        0xc /home/boris/libmaple/arm/bin/../lib/gcc/arm-none-eabi/4.4.1/../../../../arm-none-eabi/lib/thumb2/libstdc++.a(system_error.o)
 .text._ZN12_GLOBAL__N_121system_error_categoryD1Ev
                0x0800b5ec        0xc /home/boris/libmaple/arm/bin/../lib/gcc/arm-none-eabi/4.4.1/../../../../arm-none-eabi/lib/thumb2/libstdc++.a(system_error.o)
 .text._ZNSt14error_categoryD0Ev
                0x0800b5f8       0x14 /home/boris/libmaple/arm/bin/../lib/gcc/arm-none-eabi/4.4.1/../../../../arm-none-eabi/lib/thumb2/libstdc++.a(system_error.o)
                0x0800b5f8                _ZNSt14error_categoryD0Ev
 .text._ZN12_GLOBAL__N_122generic_error_categoryD0Ev
                0x0800b60c       0x14 /home/boris/libmaple/arm/bin/../lib/gcc/arm-none-eabi/4.4.1/../../../../arm-none-eabi/lib/thumb2/libstdc++.a(system_error.o)
 .text._ZN12_GLOBAL__N_121system_error_categoryD0Ev
                0x0800b620       0x14 /home/boris/libmaple/arm/bin/../lib/gcc/arm-none-eabi/4.4.1/../../../../arm-none-eabi/lib/thumb2/libstdc++.a(system_error.o)
 .text._GLOBAL__I__ZSt15system_categoryv
                0x0800b634       0x50 /home/boris/libmaple/arm/bin/../lib/gcc/arm-none-eabi/4.4.1/../../../../arm-none-eabi/lib/thumb2/libstdc++.a(system_error.o)
 .text._ZNK12_GLOBAL__N_122generic_error_category7messageEi
                0x0800b684       0x20 /home/boris/libmaple/arm/bin/../lib/gcc/arm-none-eabi/4.4.1/../../../../arm-none-eabi/lib/thumb2/libstdc++.a(system_error.o)
 .text._ZNK12_GLOBAL__N_121system_error_category7messageEi
                0x0800b6a4       0x20 /home/boris/libmaple/arm/bin/../lib/gcc/arm-none-eabi/4.4.1/../../../../arm-none-eabi/lib/thumb2/libstdc++.a(system_error.o)
 .text.__cxa_call_terminate
                0x0800b6c4       0x50 /home/boris/libmaple/arm/bin/../lib/gcc/arm-none-eabi/4.4.1/../../../../arm-none-eabi/lib/thumb2/libstdc++.a(eh_call.o)
                0x0800b6c4                __cxa_call_terminate
 .text.__cxa_call_unexpected
                0x0800b714      0x128 /home/boris/libmaple/arm/bin/../lib/gcc/arm-none-eabi/4.4.1/../../../../arm-none-eabi/lib/thumb2/libstdc++.a(eh_call.o)
                0x0800b714                __cxa_call_unexpected
 .text._GLOBAL__I___cxa_allocate_exception
                0x0800b83c        0x4 /home/boris/libmaple/arm/bin/../lib/gcc/arm-none-eabi/4.4.1/../../../../arm-none-eabi/lib/thumb2/libstdc++.a(eh_alloc.o)
 .text.__cxa_free_exception
                0x0800b840       0x38 /home/boris/libmaple/arm/bin/../lib/gcc/arm-none-eabi/4.4.1/../../../../arm-none-eabi/lib/thumb2/libstdc++.a(eh_alloc.o)
                0x0800b840                __cxa_free_exception
 .text.__cxa_allocate_exception
                0x0800b878       0x90 /home/boris/libmaple/arm/bin/../lib/gcc/arm-none-eabi/4.4.1/../../../../arm-none-eabi/lib/thumb2/libstdc++.a(eh_alloc.o)
                0x0800b878                __cxa_allocate_exception
 .text._ZN10__cxxabiv111__terminateEPFvvE
                0x0800b908       0x20 /home/boris/libmaple/arm/bin/../lib/gcc/arm-none-eabi/4.4.1/../../../../arm-none-eabi/lib/thumb2/libstdc++.a(eh_terminate.o)
                0x0800b908                _ZN10__cxxabiv111__terminateEPFvvE
 .text._ZSt9terminatev
                0x0800b928       0x10 /home/boris/libmaple/arm/bin/../lib/gcc/arm-none-eabi/4.4.1/../../../../arm-none-eabi/lib/thumb2/libstdc++.a(eh_terminate.o)
                0x0800b928                _ZSt9terminatev
 .text._ZN10__cxxabiv112__unexpectedEPFvvE
                0x0800b938        0x8 /home/boris/libmaple/arm/bin/../lib/gcc/arm-none-eabi/4.4.1/../../../../arm-none-eabi/lib/thumb2/libstdc++.a(eh_terminate.o)
                0x0800b938                _ZN10__cxxabiv112__unexpectedEPFvvE
 .text._ZSt10unexpectedv
                0x0800b940       0x10 /home/boris/libmaple/arm/bin/../lib/gcc/arm-none-eabi/4.4.1/../../../../arm-none-eabi/lib/thumb2/libstdc++.a(eh_terminate.o)
                0x0800b940                _ZSt10unexpectedv
 .text._ZNK10__cxxabiv119__pointer_type_info14__is_pointer_pEv
                0x0800b950        0x4 /home/boris/libmaple/arm/bin/../lib/gcc/arm-none-eabi/4.4.1/../../../../arm-none-eabi/lib/thumb2/libstdc++.a(pointer_type_info.o)
                0x0800b950                _ZNK10__cxxabiv119__pointer_type_info14__is_pointer_pEv
 .text._ZNK10__cxxabiv119__pointer_type_info15__pointer_catchEPKNS_17__pbase_type_infoEPPvj
                0x0800b954       0x4c /home/boris/libmaple/arm/bin/../lib/gcc/arm-none-eabi/4.4.1/../../../../arm-none-eabi/lib/thumb2/libstdc++.a(pointer_type_info.o)
                0x0800b954                _ZNK10__cxxabiv119__pointer_type_info15__pointer_catchEPKNS_17__pbase_type_infoEPPvj
 .text._ZN10__cxxabiv119__pointer_type_infoD1Ev
                0x0800b9a0       0x14 /home/boris/libmaple/arm/bin/../lib/gcc/arm-none-eabi/4.4.1/../../../../arm-none-eabi/lib/thumb2/libstdc++.a(pointer_type_info.o)
                0x0800b9a0                _ZN10__cxxabiv119__pointer_type_infoD1Ev
 .text._ZN10__cxxabiv119__pointer_type_infoD0Ev
                0x0800b9b4       0x1c /home/boris/libmaple/arm/bin/../lib/gcc/arm-none-eabi/4.4.1/../../../../arm-none-eabi/lib/thumb2/libstdc++.a(pointer_type_info.o)
                0x0800b9b4                _ZN10__cxxabiv119__pointer_type_infoD0Ev
 .text._ZNKSt9bad_alloc4whatEv
                0x0800b9d0        0xc /home/boris/libmaple/arm/bin/../lib/gcc/arm-none-eabi/4.4.1/../../../../arm-none-eabi/lib/thumb2/libstdc++.a(new_handler.o)
                0x0800b9d0                _ZNKSt9bad_alloc4whatEv
 .text._ZNSt9bad_allocD1Ev
                0x0800b9dc       0x14 /home/boris/libmaple/arm/bin/../lib/gcc/arm-none-eabi/4.4.1/../../../../arm-none-eabi/lib/thumb2/libstdc++.a(new_handler.o)
                0x0800b9dc                _ZNSt9bad_allocD1Ev
 .text._ZNSt9bad_allocD0Ev
                0x0800b9f0       0x1c /home/boris/libmaple/arm/bin/../lib/gcc/arm-none-eabi/4.4.1/../../../../arm-none-eabi/lib/thumb2/libstdc++.a(new_handler.o)
                0x0800b9f0                _ZNSt9bad_allocD0Ev
 .text._ZN9__gnu_cxx27__verbose_terminate_handlerEv
                0x0800ba0c      0x140 /home/boris/libmaple/arm/bin/../lib/gcc/arm-none-eabi/4.4.1/../../../../arm-none-eabi/lib/thumb2/libstdc++.a(vterminate.o)
                0x0800ba0c                _ZN9__gnu_cxx27__verbose_terminate_handlerEv
 .text._ZNK10__cxxabiv117__pbase_type_info15__pointer_catchEPKS0_PPvj
                0x0800bb4c       0x14 /home/boris/libmaple/arm/bin/../lib/gcc/arm-none-eabi/4.4.1/../../../../arm-none-eabi/lib/thumb2/libstdc++.a(pbase_type_info.o)
                0x0800bb4c                _ZNK10__cxxabiv117__pbase_type_info15__pointer_catchEPKS0_PPvj
 .text._ZNK10__cxxabiv117__pbase_type_info10__do_catchEPKSt9type_infoPPvj
                0x0800bb60       0x68 /home/boris/libmaple/arm/bin/../lib/gcc/arm-none-eabi/4.4.1/../../../../arm-none-eabi/lib/thumb2/libstdc++.a(pbase_type_info.o)
                0x0800bb60                _ZNK10__cxxabiv117__pbase_type_info10__do_catchEPKSt9type_infoPPvj
 .text._ZN10__cxxabiv117__pbase_type_infoD1Ev
                0x0800bbc8       0x14 /home/boris/libmaple/arm/bin/../lib/gcc/arm-none-eabi/4.4.1/../../../../arm-none-eabi/lib/thumb2/libstdc++.a(pbase_type_info.o)
                0x0800bbc8                _ZN10__cxxabiv117__pbase_type_infoD1Ev
 .text._ZN10__cxxabiv117__pbase_type_infoD2Ev
                0x0800bbdc       0x14 /home/boris/libmaple/arm/bin/../lib/gcc/arm-none-eabi/4.4.1/../../../../arm-none-eabi/lib/thumb2/libstdc++.a(pbase_type_info.o)
                0x0800bbdc                _ZN10__cxxabiv117__pbase_type_infoD2Ev
 .text._ZN10__cxxabiv117__pbase_type_infoD0Ev
                0x0800bbf0       0x1c /home/boris/libmaple/arm/bin/../lib/gcc/arm-none-eabi/4.4.1/../../../../arm-none-eabi/lib/thumb2/libstdc++.a(pbase_type_info.o)
                0x0800bbf0                _ZN10__cxxabiv117__pbase_type_infoD0Ev
 .text.__cxa_current_exception_type
                0x0800bc0c       0x1c /home/boris/libmaple/arm/bin/../lib/gcc/arm-none-eabi/4.4.1/../../../../arm-none-eabi/lib/thumb2/libstdc++.a(eh_type.o)
                0x0800bc0c                __cxa_current_exception_type
 .text          0x0800bc28     0x38b8 /home/boris/libmaple/arm/bin/../lib/gcc/arm-none-eabi/4.4.1/../../../../arm-none-eabi/lib/thumb2/libstdc++.a(cp-demangle.o)
                0x0800f050                __gcclibcxx_demangle_callback
                0x0800f080                __cxa_demangle
 .text          0x0800f4e0      0x370 /home/boris/libmaple/arm/bin/../lib/gcc/arm-none-eabi/4.4.1/thumb2/libgcc.a(_arm_addsubdf3.o)
                0x0800f4e0                __aeabi_drsub
                0x0800f4e8                __aeabi_dsub
                0x0800f4e8                __subdf3
                0x0800f4ec                __adddf3
                0x0800f4ec                __aeabi_dadd
                0x0800f764                __aeabi_ui2d
                0x0800f764                __floatunsidf
                0x0800f784                __floatsidf
                0x0800f784                __aeabi_i2d
                0x0800f7a8                __extendsfdf2
                0x0800f7a8                __aeabi_f2d
                0x0800f7e4                __aeabi_ul2d
                0x0800f7e4                __floatundidf
                0x0800f7f4                __floatdidf
                0x0800f7f4                __aeabi_l2d
 .text          0x0800f850      0x424 /home/boris/libmaple/arm/bin/../lib/gcc/arm-none-eabi/4.4.1/thumb2/libgcc.a(_arm_muldivdf3.o)
                0x0800f850                __aeabi_dmul
                0x0800f850                __muldf3
                0x0800faa4                __aeabi_ddiv
                0x0800faa4                __divdf3
 .text          0x0800fc74      0x110 /home/boris/libmaple/arm/bin/../lib/gcc/arm-none-eabi/4.4.1/thumb2/libgcc.a(_arm_cmpdf2.o)
                0x0800fc74                __gtdf2
                0x0800fc74                __gedf2
                0x0800fc7c                __ltdf2
                0x0800fc7c                __ledf2
                0x0800fc84                __cmpdf2
                0x0800fc84                __eqdf2
                0x0800fc84                __nedf2
                0x0800fd00                __aeabi_cdrcmple
                0x0800fd10                __aeabi_cdcmple
                0x0800fd10                __aeabi_cdcmpeq
                0x0800fd20                __aeabi_dcmpeq
                0x0800fd34                __aeabi_dcmplt
                0x0800fd48                __aeabi_dcmple
                0x0800fd5c                __aeabi_dcmpge
                0x0800fd70                __aeabi_dcmpgt
 .text          0x0800fd84       0x50 /home/boris/libmaple/arm/bin/../lib/gcc/arm-none-eabi/4.4.1/thumb2/libgcc.a(_arm_fixdfsi.o)
                0x0800fd84                __fixdfsi